Archive member included to satisfy reference by file (symbol)

c:/progra~2/gnuarm~1/102020~1/bin/../lib/gcc/arm-none-eabi/10.2.1/thumb/v7-m/nofp\libgcc.a(_arm_muldf3.o)
                              CMakeFiles/discoTest.elf.dir/Core/Src/main.c.obj (__aeabi_dmul)
c:/progra~2/gnuarm~1/102020~1/bin/../lib/gcc/arm-none-eabi/10.2.1/thumb/v7-m/nofp\libgcc.a(_arm_mulsf3.o)
                              CMakeFiles/discoTest.elf.dir/Core/Src/main.c.obj (__aeabi_fmul)
c:/progra~2/gnuarm~1/102020~1/bin/../lib/gcc/arm-none-eabi/10.2.1/thumb/v7-m/nofp\libgcc.a(_arm_addsubdf3.o)
                              CMakeFiles/discoTest.elf.dir/Core/Src/main.c.obj (__aeabi_dsub)
c:/progra~2/gnuarm~1/102020~1/bin/../lib/gcc/arm-none-eabi/10.2.1/thumb/v7-m/nofp\libgcc.a(_arm_muldivdf3.o)
                              CMakeFiles/discoTest.elf.dir/Core/Src/main.c.obj (__aeabi_ddiv)
c:/progra~2/gnuarm~1/102020~1/bin/../lib/gcc/arm-none-eabi/10.2.1/thumb/v7-m/nofp\libgcc.a(_arm_truncdfsf2.o)
                              CMakeFiles/discoTest.elf.dir/Core/Src/main.c.obj (__aeabi_d2f)
c:/progra~2/gnuarm~1/102020~1/bin/../lib/gcc/arm-none-eabi/10.2.1/thumb/v7-m/nofp\libgcc.a(_arm_addsubsf3.o)
                              CMakeFiles/discoTest.elf.dir/Core/Src/main.c.obj (__aeabi_fsub)
c:/progra~2/gnuarm~1/102020~1/bin/../lib/gcc/arm-none-eabi/10.2.1/thumb/v7-m/nofp\libgcc.a(_arm_muldivsf3.o)
                              CMakeFiles/discoTest.elf.dir/Core/Src/main.c.obj (__aeabi_fdiv)
c:/progra~2/gnuarm~1/102020~1/bin/../lib/gcc/arm-none-eabi/10.2.1/../../../../arm-none-eabi/lib/thumb/v7-m/nofp\libg.a(lib_a-errno.o)
                              CMakeFiles/discoTest.elf.dir/Core/Src/syscalls.c.obj (__errno)
c:/progra~2/gnuarm~1/102020~1/bin/../lib/gcc/arm-none-eabi/10.2.1/../../../../arm-none-eabi/lib/thumb/v7-m/nofp\libg.a(lib_a-exit.o)
                              c:/progra~2/gnuarm~1/102020~1/bin/../lib/gcc/arm-none-eabi/10.2.1/../../../../arm-none-eabi/lib/thumb/v7-m/nofp/crt0.o (exit)
c:/progra~2/gnuarm~1/102020~1/bin/../lib/gcc/arm-none-eabi/10.2.1/../../../../arm-none-eabi/lib/thumb/v7-m/nofp\libg.a(lib_a-impure.o)
                              c:/progra~2/gnuarm~1/102020~1/bin/../lib/gcc/arm-none-eabi/10.2.1/../../../../arm-none-eabi/lib/thumb/v7-m/nofp\libg.a(lib_a-exit.o) (_global_impure_ptr)
c:/progra~2/gnuarm~1/102020~1/bin/../lib/gcc/arm-none-eabi/10.2.1/../../../../arm-none-eabi/lib/thumb/v7-m/nofp\libg.a(lib_a-init.o)
                              c:/progra~2/gnuarm~1/102020~1/bin/../lib/gcc/arm-none-eabi/10.2.1/../../../../arm-none-eabi/lib/thumb/v7-m/nofp/crt0.o (__libc_init_array)
c:/progra~2/gnuarm~1/102020~1/bin/../lib/gcc/arm-none-eabi/10.2.1/../../../../arm-none-eabi/lib/thumb/v7-m/nofp\libg.a(lib_a-memset.o)
                              c:/progra~2/gnuarm~1/102020~1/bin/../lib/gcc/arm-none-eabi/10.2.1/../../../../arm-none-eabi/lib/thumb/v7-m/nofp/crt0.o (memset)
c:/progra~2/gnuarm~1/102020~1/bin/../lib/gcc/arm-none-eabi/10.2.1/../../../../arm-none-eabi/lib/thumb/v7-m/nofp\libg.a(lib_a-sprintf.o)
                              CMakeFiles/discoTest.elf.dir/Core/Src/main.c.obj (sprintf)
c:/progra~2/gnuarm~1/102020~1/bin/../lib/gcc/arm-none-eabi/10.2.1/../../../../arm-none-eabi/lib/thumb/v7-m/nofp\libg.a(lib_a-svfprintf.o)
                              c:/progra~2/gnuarm~1/102020~1/bin/../lib/gcc/arm-none-eabi/10.2.1/../../../../arm-none-eabi/lib/thumb/v7-m/nofp\libg.a(lib_a-sprintf.o) (_svfprintf_r)
c:/progra~2/gnuarm~1/102020~1/bin/../lib/gcc/arm-none-eabi/10.2.1/../../../../arm-none-eabi/lib/thumb/v7-m/nofp\libg.a(lib_a-__call_atexit.o)
                              c:/progra~2/gnuarm~1/102020~1/bin/../lib/gcc/arm-none-eabi/10.2.1/../../../../arm-none-eabi/lib/thumb/v7-m/nofp\libg.a(lib_a-exit.o) (__call_exitprocs)
c:/progra~2/gnuarm~1/102020~1/bin/../lib/gcc/arm-none-eabi/10.2.1/../../../../arm-none-eabi/lib/thumb/v7-m/nofp\libg.a(lib_a-atexit.o)
                              c:/progra~2/gnuarm~1/102020~1/bin/../lib/gcc/arm-none-eabi/10.2.1/../../../../arm-none-eabi/lib/thumb/v7-m/nofp\libg.a(lib_a-__call_atexit.o) (atexit)
c:/progra~2/gnuarm~1/102020~1/bin/../lib/gcc/arm-none-eabi/10.2.1/../../../../arm-none-eabi/lib/thumb/v7-m/nofp\libg.a(lib_a-dtoa.o)
                              c:/progra~2/gnuarm~1/102020~1/bin/../lib/gcc/arm-none-eabi/10.2.1/../../../../arm-none-eabi/lib/thumb/v7-m/nofp\libg.a(lib_a-svfprintf.o) (_dtoa_r)
c:/progra~2/gnuarm~1/102020~1/bin/../lib/gcc/arm-none-eabi/10.2.1/../../../../arm-none-eabi/lib/thumb/v7-m/nofp\libg.a(lib_a-fini.o)
                              c:/progra~2/gnuarm~1/102020~1/bin/../lib/gcc/arm-none-eabi/10.2.1/../../../../arm-none-eabi/lib/thumb/v7-m/nofp\libg.a(lib_a-__call_atexit.o) (__libc_fini_array)
c:/progra~2/gnuarm~1/102020~1/bin/../lib/gcc/arm-none-eabi/10.2.1/../../../../arm-none-eabi/lib/thumb/v7-m/nofp\libg.a(lib_a-freer.o)
[...]
Memory Configuration

Name             Origin             Length             Attributes
RAM              0x20000000         0x00005000         xrw
FLASH            0x08000000         0x00010000         xr
*default*        0x00000000         0xffffffff

Linker script and memory map

LOAD c:/progra~2/gnuarm~1/102020~1/bin/../lib/gcc/arm-none-eabi/10.2.1/thumb/v7-m/nofp/crti.o
LOAD c:/progra~2/gnuarm~1/102020~1/bin/../lib/gcc/arm-none-eabi/10.2.1/thumb/v7-m/nofp/crtbegin.o
LOAD c:/progra~2/gnuarm~1/102020~1/bin/../lib/gcc/arm-none-eabi/10.2.1/../../../../arm-none-eabi/lib/thumb/v7-m/nofp/crt0.o
LOAD CMakeFiles/discoTest.elf.dir/Core/Src/main.c.obj
LOAD CMakeFiles/discoTest.elf.dir/Core/Src/oled.c.obj
LOAD CMakeFiles/discoTest.elf.dir/Core/Src/stm32f1xx_hal_msp.c.obj
LOAD CMakeFiles/discoTest.elf.dir/Core/Src/stm32f1xx_it.c.obj
LOAD CMakeFiles/discoTest.elf.dir/Core/Src/syscalls.c.obj
LOAD CMakeFiles/discoTest.elf.dir/Core/Src/system_stm32f1xx.c.obj
LOAD CMakeFiles/discoTest.elf.dir/Drivers/STM32F1xx_HAL_Driver/Src/stm32f1xx_hal.c.obj
LOAD CMakeFiles/discoTest.elf.dir/Drivers/STM32F1xx_HAL_Driver/Src/stm32f1xx_hal_adc.c.obj
LOAD CMakeFiles/discoTest.elf.dir/Drivers/STM32F1xx_HAL_Driver/Src/stm32f1xx_hal_adc_ex.c.obj
LOAD CMakeFiles/discoTest.elf.dir/Drivers/STM32F1xx_HAL_Driver/Src/stm32f1xx_hal_cortex.c.obj
LOAD CMakeFiles/discoTest.elf.dir/Drivers/STM32F1xx_HAL_Driver/Src/stm32f1xx_hal_dma.c.obj
LOAD CMakeFiles/discoTest.elf.dir/Drivers/STM32F1xx_HAL_Driver/Src/stm32f1xx_hal_exti.c.obj
LOAD CMakeFiles/discoTest.elf.dir/Drivers/STM32F1xx_HAL_Driver/Src/stm32f1xx_hal_flash.c.obj
LOAD CMakeFiles/discoTest.elf.dir/Drivers/STM32F1xx_HAL_Driver/Src/stm32f1xx_hal_flash_ex.c.obj
LOAD CMakeFiles/discoTest.elf.dir/Drivers/STM32F1xx_HAL_Driver/Src/stm32f1xx_hal_gpio.c.obj
LOAD CMakeFiles/discoTest.elf.dir/Drivers/STM32F1xx_HAL_Driver/Src/stm32f1xx_hal_gpio_ex.c.obj
LOAD CMakeFiles/discoTest.elf.dir/Drivers/STM32F1xx_HAL_Driver/Src/stm32f1xx_hal_pwr.c.obj
LOAD CMakeFiles/discoTest.elf.dir/Drivers/STM32F1xx_HAL_Driver/Src/stm32f1xx_hal_rcc.c.obj
LOAD CMakeFiles/discoTest.elf.dir/Drivers/STM32F1xx_HAL_Driver/Src/stm32f1xx_hal_rcc_ex.c.obj
LOAD CMakeFiles/discoTest.elf.dir/Drivers/STM32F1xx_HAL_Driver/Src/stm32f1xx_hal_tim.c.obj
LOAD CMakeFiles/discoTest.elf.dir/Drivers/STM32F1xx_HAL_Driver/Src/stm32f1xx_hal_tim_ex.c.obj
LOAD CMakeFiles/discoTest.elf.dir/Drivers/STM32F1xx_HAL_Driver/Src/stm32f1xx_hal_uart.c.obj
LOAD CMakeFiles/discoTest.elf.dir/startup/startup_stm32f103xb.s.obj
START GROUP
LOAD c:/progra~2/gnuarm~1/102020~1/bin/../lib/gcc/arm-none-eabi/10.2.1/thumb/v7-m/nofp\libgcc.a
LOAD c:/progra~2/gnuarm~1/102020~1/bin/../lib/gcc/arm-none-eabi/10.2.1/../../../../arm-none-eabi/lib/thumb/v7-m/nofp\libg.a
LOAD c:/progra~2/gnuarm~1/102020~1/bin/../lib/gcc/arm-none-eabi/10.2.1/../../../../arm-none-eabi/lib/thumb/v7-m/nofp\libc.a
END GROUP
LOAD c:/progra~2/gnuarm~1/102020~1/bin/../lib/gcc/arm-none-eabi/10.2.1/thumb/v7-m/nofp/crtend.o
LOAD c:/progra~2/gnuarm~1/102020~1/bin/../lib/gcc/arm-none-eabi/10.2.1/thumb/v7-m/nofp/crtn.o
                0x20005000                _estack = 0x20005000
                0x00000200                _Min_Heap_Size = 0x200
                0x00000400                _Min_Stack_Size = 0x400

.isr_vector     0x08000000      0x10c
                0x08000000                . = ALIGN (0x4)
 *(.isr_vector)
 .isr_vector    0x08000000      0x10c CMakeFiles/discoTest.elf.dir/startup/startup_stm32f103xb.s.obj
                0x08000000                g_pfnVectors
                0x0800010c                . = ALIGN (0x4)

.text           0x08000110     0x997c
                0x08000110                . = ALIGN (0x4)
 *(.text)
 .text          0x08000110       0x40 c:/progra~2/gnuarm~1/102020~1/bin/../lib/gcc/arm-none-eabi/10.2.1/thumb/v7-m/nofp/crtbegin.o
 .text          0x08000150      0x378 c:/progra~2/gnuarm~1/102020~1/bin/../lib/gcc/arm-none-eabi/10.2.1/thumb/v7-m/nofp\libgcc.a(_arm_addsubdf3.o)
                0x08000150                __aeabi_drsub
                0x08000158                __aeabi_dsub
                0x08000158                __subdf3
                0x0800015c                __aeabi_dadd
                0x0800015c                __adddf3
                0x080003d4                __floatunsidf
                0x080003d4                __aeabi_ui2d
                0x080003f4                __floatsidf
                0x080003f4                __aeabi_i2d
                0x08000418                __aeabi_f2d
                0x08000418                __extendsfdf2
                0x0800045c                __floatundidf
                0x0800045c                __aeabi_ul2d
                0x0800046c                __floatdidf
                0x0800046c                __aeabi_l2d
 .text          0x080004c8      0x424 c:/progra~2/gnuarm~1/102020~1/bin/../lib/gcc/arm-none-eabi/10.2.1/thumb/v7-m/nofp\libgcc.a(_arm_muldivdf3.o)
                0x080004c8                __aeabi_dmul
                0x080004c8                __muldf3
                0x0800071c                __divdf3
                0x0800071c                __aeabi_ddiv
 .text          0x080008ec       0xa0 c:/progra~2/gnuarm~1/102020~1/bin/../lib/gcc/arm-none-eabi/10.2.1/thumb/v7-m/nofp\libgcc.a(_arm_truncdfsf2.o)
                0x080008ec                __truncdfsf2
                0x080008ec                __aeabi_d2f
 .text          0x0800098c      0x21c c:/progra~2/gnuarm~1/102020~1/bin/../lib/gcc/arm-none-eabi/10.2.1/thumb/v7-m/nofp\libgcc.a(_arm_addsubsf3.o)
                0x0800098c                __aeabi_frsub
                0x08000994                __subsf3
                0x08000994                __aeabi_fsub
                0x08000998                __aeabi_fadd
                0x08000998                __addsf3
                0x08000af8                __aeabi_ui2f
                0x08000af8                __floatunsisf
                0x08000b00                __aeabi_i2f
                0x08000b00                __floatsisf
                0x08000b1c                __aeabi_ul2f
                0x08000b1c                __floatundisf
                0x08000b2c                __aeabi_l2f
                0x08000b2c                __floatdisf
 .text          0x08000ba8      0x2a0 c:/progra~2/gnuarm~1/102020~1/bin/../lib/gcc/arm-none-eabi/10.2.1/thumb/v7-m/nofp\libgcc.a(_arm_muldivsf3.o)
                0x08000ba8                __mulsf3
                0x08000ba8                __aeabi_fmul
                0x08000d10                __aeabi_fdiv
                0x08000d10                __divsf3
 .text          0x08000e48       0xec c:/progra~2/gnuarm~1/102020~1/bin/../lib/gcc/arm-none-eabi/10.2.1/../../../../arm-none-eabi/lib/thumb/v7-m/nofp\libg.a(lib_a-memcpy.o)
                0x08000e48                memcpy
 .text          0x08000f34      0x110 c:/progra~2/gnuarm~1/102020~1/bin/../lib/gcc/arm-none-eabi/10.2.1/thumb/v7-m/nofp\libgcc.a(_arm_cmpdf2.o)
                0x08000f34                __gtdf2
                0x08000f34                __gedf2
                0x08000f3c                __ltdf2
                0x08000f3c                __ledf2
                0x08000f44                __nedf2
                0x08000f44                __eqdf2
                0x08000f44                __cmpdf2
                0x08000fc0                __aeabi_cdrcmple
                0x08000fd0                __aeabi_cdcmpeq
                0x08000fd0                __aeabi_cdcmple
                0x08000fe0                __aeabi_dcmpeq
                0x08000ff4                __aeabi_dcmplt
                0x08001008                __aeabi_dcmple
                0x0800101c                __aeabi_dcmpge
                0x08001030                __aeabi_dcmpgt
 .text          0x08001044       0x2c c:/progra~2/gnuarm~1/102020~1/bin/../lib/gcc/arm-none-eabi/10.2.1/thumb/v7-m/nofp\libgcc.a(_arm_unorddf2.o)
                0x08001044                __unorddf2
                0x08001044                __aeabi_dcmpun
 .text          0x08001070       0x50 c:/progra~2/gnuarm~1/102020~1/bin/../lib/gcc/arm-none-eabi/10.2.1/thumb/v7-m/nofp\libgcc.a(_arm_fixdfsi.o)
                0x08001070                __aeabi_d2iz
                0x08001070                __fixdfsi
 .text          0x080010c0       0x30 c:/progra~2/gnuarm~1/102020~1/bin/../lib/gcc/arm-none-eabi/10.2.1/thumb/v7-m/nofp\libgcc.a(_aeabi_uldivmod.o)
                0x080010c0                __aeabi_uldivmod
 .text          0x080010f0      0x2d4 c:/progra~2/gnuarm~1/102020~1/bin/../lib/gcc/arm-none-eabi/10.2.1/thumb/v7-m/nofp\libgcc.a(_udivmoddi4.o)
                0x080010f0                __udivmoddi4
 .text          0x080013c4        0x4 c:/progra~2/gnuarm~1/102020~1/bin/../lib/gcc/arm-none-eabi/10.2.1/thumb/v7-m/nofp\libgcc.a(_dvmd_tls.o)
                0x080013c4                __aeabi_idiv0
                0x080013c4                __aeabi_ldiv0
 *(.text*)
 .text.MX_GPIO_Init
                0x080013c8       0xb0 CMakeFiles/discoTest.elf.dir/Core/Src/main.c.obj
 .text.GetTemp  0x08001478       0x44 CMakeFiles/discoTest.elf.dir/Core/Src/main.c.obj
                0x08001478                GetTemp
 .text.RunMode  0x080014bc      0x204 CMakeFiles/discoTest.elf.dir/Core/Src/main.c.obj
                0x080014bc                RunMode
 .text.HAL_GPIO_EXTI_Callback
                0x080016c0       0x88 CMakeFiles/discoTest.elf.dir/Core/Src/main.c.obj
                0x080016c0                HAL_GPIO_EXTI_Callback
 .text.Error_Handler
                0x08001748        0x4 CMakeFiles/discoTest.elf.dir/Core/Src/main.c.obj
                0x08001748                Error_Handler
 .text.MX_ADC1_Init
                0x0800174c       0x54 CMakeFiles/discoTest.elf.dir/Core/Src/main.c.obj
 .text.MX_ADC2_Init
                0x080017a0       0x54 CMakeFiles/discoTest.elf.dir/Core/Src/main.c.obj
 .text.MX_USART1_UART_Init
                0x080017f4       0x34 CMakeFiles/discoTest.elf.dir/Core/Src/main.c.obj
 .text.SystemClock_Config
                0x08001828       0x84 CMakeFiles/discoTest.elf.dir/Core/Src/main.c.obj
                0x08001828                SystemClock_Config
 *fill*         0x080018ac        0x4 
 .text.main     0x080018b0      0x250 CMakeFiles/discoTest.elf.dir/Core/Src/main.c.obj
                0x080018b0                main
 .text.OLED_WR_Byte
                0x08001b00       0x84 CMakeFiles/discoTest.elf.dir/Core/Src/oled.c.obj
                0x08001b00                OLED_WR_Byte
 .text.OLED_DisplayTurn
                0x08001b84       0x30 CMakeFiles/discoTest.elf.dir/Core/Src/oled.c.obj
                0x08001b84                OLED_DisplayTurn
 .text.OLED_Refresh
                0x08001bb4       0x4c CMakeFiles/discoTest.elf.dir/Core/Src/oled.c.obj
                0x08001bb4                OLED_Refresh
 .text.OLED_Clear
                0x08001c00       0x30 CMakeFiles/discoTest.elf.dir/Core/Src/oled.c.obj
                0x08001c00                OLED_Clear
 .text.OLED_DrawPoint
                0x08001c30       0x24 CMakeFiles/discoTest.elf.dir/Core/Src/oled.c.obj
                0x08001c30                OLED_DrawPoint
 .text.OLED_ClearPoint
                0x08001c54       0x34 CMakeFiles/discoTest.elf.dir/Core/Src/oled.c.obj
                0x08001c54                OLED_ClearPoint
 .text.OLED_ShowChar
                0x08001c88       0xc4 CMakeFiles/discoTest.elf.dir/Core/Src/oled.c.obj
                0x08001c88                OLED_ShowChar
 .text.OLED_ShowString
                0x08001d4c       0x3c CMakeFiles/discoTest.elf.dir/Core/Src/oled.c.obj
                0x08001d4c                OLED_ShowString
 .text.OLED_ShowChinese
                0x08001d88       0xf8 CMakeFiles/discoTest.elf.dir/Core/Src/oled.c.obj
                0x08001d88                OLED_ShowChinese
 .text.OLED_Init
                0x08001e80      0x108 CMakeFiles/discoTest.elf.dir/Core/Src/oled.c.obj
                0x08001e80                OLED_Init
 .text.HAL_MspInit
                0x08001f88       0x44 CMakeFiles/discoTest.elf.dir/Core/Src/stm32f1xx_hal_msp.c.obj
                0x08001f88                HAL_MspInit
 .text.HAL_ADC_MspInit
                0x08001fcc       0xa4 CMakeFiles/discoTest.elf.dir/Core/Src/stm32f1xx_hal_msp.c.obj
                0x08001fcc                HAL_ADC_MspInit
 .text.HAL_UART_MspInit
                0x08002070       0x78 CMakeFiles/discoTest.elf.dir/Core/Src/stm32f1xx_hal_msp.c.obj
                0x08002070                HAL_UART_MspInit
 .text.NMI_Handler
                0x080020e8        0x2 CMakeFiles/discoTest.elf.dir/Core/Src/stm32f1xx_it.c.obj
                0x080020e8                NMI_Handler
 .text.HardFault_Handler
                0x080020ea        0x2 CMakeFiles/discoTest.elf.dir/Core/Src/stm32f1xx_it.c.obj
                0x080020ea                HardFault_Handler
 .text.MemManage_Handler
                0x080020ec        0x2 CMakeFiles/discoTest.elf.dir/Core/Src/stm32f1xx_it.c.obj
                0x080020ec                MemManage_Handler
 .text.BusFault_Handler
                0x080020ee        0x2 CMakeFiles/discoTest.elf.dir/Core/Src/stm32f1xx_it.c.obj
                0x080020ee                BusFault_Handler
 .text.UsageFault_Handler
                0x080020f0        0x2 CMakeFiles/discoTest.elf.dir/Core/Src/stm32f1xx_it.c.obj
                0x080020f0                UsageFault_Handler
 .text.SVC_Handler
                0x080020f2        0x2 CMakeFiles/discoTest.elf.dir/Core/Src/stm32f1xx_it.c.obj
                0x080020f2                SVC_Handler
 .text.DebugMon_Handler
                0x080020f4        0x2 CMakeFiles/discoTest.elf.dir/Core/Src/stm32f1xx_it.c.obj
                0x080020f4                DebugMon_Handler
 .text.PendSV_Handler
                0x080020f6        0x2 CMakeFiles/discoTest.elf.dir/Core/Src/stm32f1xx_it.c.obj
                0x080020f6                PendSV_Handler
 .text.SysTick_Handler
                0x080020f8        0x8 CMakeFiles/discoTest.elf.dir/Core/Src/stm32f1xx_it.c.obj
                0x080020f8                SysTick_Handler
 .text.EXTI4_IRQHandler
                0x08002100        0xa CMakeFiles/discoTest.elf.dir/Core/Src/stm32f1xx_it.c.obj
                0x08002100                EXTI4_IRQHandler
 .text.EXTI9_5_IRQHandler
                0x0800210a       0x10 CMakeFiles/discoTest.elf.dir/Core/Src/stm32f1xx_it.c.obj
                0x0800210a                EXTI9_5_IRQHandler
 .text._getpid  0x0800211a        0x4 CMakeFiles/discoTest.elf.dir/Core/Src/syscalls.c.obj
                0x0800211a                _getpid
 .text._kill    0x0800211e       0x10 CMakeFiles/discoTest.elf.dir/Core/Src/syscalls.c.obj
                0x0800211e                _kill
 .text._exit    0x0800212e        0xc CMakeFiles/discoTest.elf.dir/Core/Src/syscalls.c.obj
                0x0800212e                _exit
 .text._read    0x0800213a       0x20 CMakeFiles/discoTest.elf.dir/Core/Src/syscalls.c.obj
                0x0800213a                _read
 .text._write   0x0800215a       0x1c CMakeFiles/discoTest.elf.dir/Core/Src/syscalls.c.obj
                0x0800215a                _write
 *fill*         0x08002176        0x2 
 .text._sbrk    0x08002178       0x3c CMakeFiles/discoTest.elf.dir/Core/Src/syscalls.c.obj
                0x08002178                _sbrk
 .text._close   0x080021b4        0x6 CMakeFiles/discoTest.elf.dir/Core/Src/syscalls.c.obj
                0x080021b4                _close
 .text._fstat   0x080021ba        0xa CMakeFiles/discoTest.elf.dir/Core/Src/syscalls.c.obj
                0x080021ba                _fstat
 .text._isatty  0x080021c4        0x4 CMakeFiles/discoTest.elf.dir/Core/Src/syscalls.c.obj
                0x080021c4                _isatty
 .text._lseek   0x080021c8        0x4 CMakeFiles/discoTest.elf.dir/Core/Src/syscalls.c.obj
                0x080021c8                _lseek
 .text.SystemInit
                0x080021cc        0x2 CMakeFiles/discoTest.elf.dir/Core/Src/system_stm32f1xx.c.obj
                0x080021cc                SystemInit
 *fill*         0x080021ce        0x2 
 .text.HAL_InitTick
                0x080021d0       0x4c CMakeFiles/discoTest.elf.dir/Drivers/STM32F1xx_HAL_Driver/Src/stm32f1xx_hal.c.obj
                0x080021d0                HAL_InitTick
 .text.HAL_Init
                0x0800221c       0x24 CMakeFiles/discoTest.elf.dir/Drivers/STM32F1xx_HAL_Driver/Src/stm32f1xx_hal.c.obj
                0x0800221c                HAL_Init
 .text.HAL_IncTick
                0x08002240       0x18 CMakeFiles/discoTest.elf.dir/Drivers/STM32F1xx_HAL_Driver/Src/stm32f1xx_hal.c.obj
                0x08002240                HAL_IncTick
 .text.HAL_GetTick
                0x08002258        0xc CMakeFiles/discoTest.elf.dir/Drivers/STM32F1xx_HAL_Driver/Src/stm32f1xx_hal.c.obj
                0x08002258                HAL_GetTick
 .text.HAL_Delay
                0x08002264       0x28 CMakeFiles/discoTest.elf.dir/Drivers/STM32F1xx_HAL_Driver/Src/stm32f1xx_hal.c.obj
                0x08002264                HAL_Delay
 .text.HAL_ADC_GetValue
                0x0800228c        0x6 CMakeFiles/discoTest.elf.dir/Drivers/STM32F1xx_HAL_Driver/Src/stm32f1xx_hal_adc.c.obj
                0x0800228c                HAL_ADC_GetValue
 *fill*         0x08002292        0x2 
 .text.HAL_ADC_ConfigChannel
                0x08002294      0x144 CMakeFiles/discoTest.elf.dir/Drivers/STM32F1xx_HAL_Driver/Src/stm32f1xx_hal_adc.c.obj
                0x08002294                HAL_ADC_ConfigChannel
 .text.ADC_Enable
                0x080023d8       0x88 CMakeFiles/discoTest.elf.dir/Drivers/STM32F1xx_HAL_Driver/Src/stm32f1xx_hal_adc.c.obj
                0x080023d8                ADC_Enable
 .text.HAL_ADC_Start
                0x08002460       0xe8 CMakeFiles/discoTest.elf.dir/Drivers/STM32F1xx_HAL_Driver/Src/stm32f1xx_hal_adc.c.obj
                0x08002460                HAL_ADC_Start
 .text.ADC_ConversionStop_Disable
                0x08002548       0x56 CMakeFiles/discoTest.elf.dir/Drivers/STM32F1xx_HAL_Driver/Src/stm32f1xx_hal_adc.c.obj
                0x08002548                ADC_ConversionStop_Disable
 *fill*         0x0800259e        0x2 
 .text.HAL_ADC_Init
                0x080025a0      0x108 CMakeFiles/discoTest.elf.dir/Drivers/STM32F1xx_HAL_Driver/Src/stm32f1xx_hal_adc.c.obj
                0x080025a0                HAL_ADC_Init
 .text.HAL_ADC_Stop
                0x080026a8       0x34 CMakeFiles/discoTest.elf.dir/Drivers/STM32F1xx_HAL_Driver/Src/stm32f1xx_hal_adc.c.obj
                0x080026a8                HAL_ADC_Stop
 .text.HAL_ADCEx_Calibration_Start
                0x080026dc      0x100 CMakeFiles/discoTest.elf.dir/Drivers/STM32F1xx_HAL_Driver/Src/stm32f1xx_hal_adc_ex.c.obj
                0x080026dc                HAL_ADCEx_Calibration_Start
 .text.HAL_NVIC_SetPriorityGrouping
                0x080027dc       0x24 CMakeFiles/discoTest.elf.dir/Drivers/STM32F1xx_HAL_Driver/Src/stm32f1xx_hal_cortex.c.obj
                0x080027dc                HAL_NVIC_SetPriorityGrouping
 .text.HAL_NVIC_SetPriority
                0x08002800       0x70 CMakeFiles/discoTest.elf.dir/Drivers/STM32F1xx_HAL_Driver/Src/stm32f1xx_hal_cortex.c.obj
                0x08002800                HAL_NVIC_SetPriority
 .text.HAL_NVIC_EnableIRQ
                0x08002870       0x1c CMakeFiles/discoTest.elf.dir/Drivers/STM32F1xx_HAL_Driver/Src/stm32f1xx_hal_cortex.c.obj
                0x08002870                HAL_NVIC_EnableIRQ
 .text.HAL_SYSTICK_Config
                0x0800288c       0x28 CMakeFiles/discoTest.elf.dir/Drivers/STM32F1xx_HAL_Driver/Src/stm32f1xx_hal_cortex.c.obj
                0x0800288c                HAL_SYSTICK_Config
 .text.HAL_GPIO_Init
                0x080028b4      0x224 CMakeFiles/discoTest.elf.dir/Drivers/STM32F1xx_HAL_Driver/Src/stm32f1xx_hal_gpio.c.obj
                0x080028b4                HAL_GPIO_Init
 .text.HAL_GPIO_WritePin
                0x08002ad8        0xc CMakeFiles/discoTest.elf.dir/Drivers/STM32F1xx_HAL_Driver/Src/stm32f1xx_hal_gpio.c.obj
                0x08002ad8                HAL_GPIO_WritePin
 .text.HAL_GPIO_EXTI_IRQHandler
                0x08002ae4       0x1c CMakeFiles/discoTest.elf.dir/Drivers/STM32F1xx_HAL_Driver/Src/stm32f1xx_hal_gpio.c.obj
                0x08002ae4                HAL_GPIO_EXTI_IRQHandler
 .text.RCC_Delay
                0x08002b00       0x2c CMakeFiles/discoTest.elf.dir/Drivers/STM32F1xx_HAL_Driver/Src/stm32f1xx_hal_rcc.c.obj
 .text.HAL_RCC_OscConfig
                0x08002b2c      0x410 CMakeFiles/discoTest.elf.dir/Drivers/STM32F1xx_HAL_Driver/Src/stm32f1xx_hal_rcc.c.obj
                0x08002b2c                HAL_RCC_OscConfig
 .text.HAL_RCC_GetSysClockFreq
                0x08002f3c       0x6c CMakeFiles/discoTest.elf.dir/Drivers/STM32F1xx_HAL_Driver/Src/stm32f1xx_hal_rcc.c.obj
                0x08002f3c                HAL_RCC_GetSysClockFreq
 .text.HAL_RCC_ClockConfig
                0x08002fa8      0x16c CMakeFiles/discoTest.elf.dir/Drivers/STM32F1xx_HAL_Driver/Src/stm32f1xx_hal_rcc.c.obj
                0x08002fa8                HAL_RCC_ClockConfig
 .text.HAL_RCC_GetHCLKFreq
                0x08003114        0xc CMakeFiles/discoTest.elf.dir/Drivers/STM32F1xx_HAL_Driver/Src/stm32f1xx_hal_rcc.c.obj
                0x08003114                HAL_RCC_GetHCLKFreq
 .text.HAL_RCC_GetPCLK1Freq
                0x08003120       0x20 CMakeFiles/discoTest.elf.dir/Drivers/STM32F1xx_HAL_Driver/Src/stm32f1xx_hal_rcc.c.obj
                0x08003120                HAL_RCC_GetPCLK1Freq
 .text.HAL_RCC_GetPCLK2Freq
                0x08003140       0x20 CMakeFiles/discoTest.elf.dir/Drivers/STM32F1xx_HAL_Driver/Src/stm32f1xx_hal_rcc.c.obj
                0x08003140                HAL_RCC_GetPCLK2Freq
 .text.HAL_RCCEx_PeriphCLKConfig
                0x08003160      0x118 CMakeFiles/discoTest.elf.dir/Drivers/STM32F1xx_HAL_Driver/Src/stm32f1xx_hal_rcc_ex.c.obj
                0x08003160                HAL_RCCEx_PeriphCLKConfig
 .text.HAL_RCCEx_GetPeriphCLKFreq
                0x08003278       0xfc CMakeFiles/discoTest.elf.dir/Drivers/STM32F1xx_HAL_Driver/Src/stm32f1xx_hal_rcc_ex.c.obj
                0x08003278                HAL_RCCEx_GetPeriphCLKFreq
 .text.UART_SetConfig
                0x08003374       0x94 CMakeFiles/discoTest.elf.dir/Drivers/STM32F1xx_HAL_Driver/Src/stm32f1xx_hal_uart.c.obj
 .text.UART_WaitOnFlagUntilTimeout
                0x08003408       0x6c CMakeFiles/discoTest.elf.dir/Drivers/STM32F1xx_HAL_Driver/Src/stm32f1xx_hal_uart.c.obj
 .text.HAL_UART_Init
                0x08003474       0x5e CMakeFiles/discoTest.elf.dir/Drivers/STM32F1xx_HAL_Driver/Src/stm32f1xx_hal_uart.c.obj
                0x08003474                HAL_UART_Init
 .text.HAL_UART_Transmit
                0x080034d2       0xd8 CMakeFiles/discoTest.elf.dir/Drivers/STM32F1xx_HAL_Driver/Src/stm32f1xx_hal_uart.c.obj
                0x080034d2                HAL_UART_Transmit
 *fill*         0x080035aa        0x2 
 .text.Reset_Handler
                0x080035ac       0x48 CMakeFiles/discoTest.elf.dir/startup/startup_stm32f103xb.s.obj
                0x080035ac                Reset_Handler
 .text.Default_Handler
                0x080035f4        0x2 CMakeFiles/discoTest.elf.dir/startup/startup_stm32f103xb.s.obj
                0x080035f4                RTC_Alarm_IRQHandler
                0x080035f4                EXTI2_IRQHandler
                0x080035f4                TIM1_CC_IRQHandler
                0x080035f4                PVD_IRQHandler
                0x080035f4                EXTI3_IRQHandler
                0x080035f4                EXTI0_IRQHandler
                0x080035f4                I2C2_EV_IRQHandler
                0x080035f4                ADC1_2_IRQHandler
                0x080035f4                SPI1_IRQHandler
                0x080035f4                TAMPER_IRQHandler
                0x080035f4                DMA1_Channel4_IRQHandler
                0x080035f4                USART3_IRQHandler
                0x080035f4                RTC_IRQHandler
                0x080035f4                DMA1_Channel7_IRQHandler
                0x080035f4                CAN1_RX1_IRQHandler
                0x080035f4                TIM4_IRQHandler
                0x080035f4                I2C1_EV_IRQHandler
                0x080035f4                DMA1_Channel6_IRQHandler
                0x080035f4                TIM3_IRQHandler
                0x080035f4                RCC_IRQHandler
                0x080035f4                TIM1_TRG_COM_IRQHandler
                0x080035f4                DMA1_Channel1_IRQHandler
                0x080035f4                Default_Handler
                0x080035f4                EXTI15_10_IRQHandler
                0x080035f4                SPI2_IRQHandler
                0x080035f4                DMA1_Channel5_IRQHandler
                0x080035f4                USB_LP_CAN1_RX0_IRQHandler
                0x080035f4                USB_HP_CAN1_TX_IRQHandler
                0x080035f4                DMA1_Channel3_IRQHandler
                0x080035f4                TIM1_UP_IRQHandler
                0x080035f4                WWDG_IRQHandler
                0x080035f4                TIM2_IRQHandler
                0x080035f4                TIM1_BRK_IRQHandler
                0x080035f4                EXTI1_IRQHandler
                0x080035f4                USART2_IRQHandler
                0x080035f4                I2C2_ER_IRQHandler
                0x080035f4                DMA1_Channel2_IRQHandler
                0x080035f4                CAN1_SCE_IRQHandler
                0x080035f4                FLASH_IRQHandler
                0x080035f4                USART1_IRQHandler
                0x080035f4                I2C1_ER_IRQHandler
                0x080035f4                USBWakeUp_IRQHandler
 *fill*         0x080035f6        0x2 
 .text.__errno  0x080035f8        0xc c:/progra~2/gnuarm~1/102020~1/bin/../lib/gcc/arm-none-eabi/10.2.1/../../../../arm-none-eabi/lib/thumb/v7-m/nofp\libg.a(lib_a-errno.o)
                0x080035f8                __errno
 .text.__libc_init_array
                0x08003604       0x48 c:/progra~2/gnuarm~1/102020~1/bin/../lib/gcc/arm-none-eabi/10.2.1/../../../../arm-none-eabi/lib/thumb/v7-m/nofp\libg.a(lib_a-init.o)
                0x08003604                __libc_init_array
 .text.memset   0x0800364c       0xa4 c:/progra~2/gnuarm~1/102020~1/bin/../lib/gcc/arm-none-eabi/10.2.1/../../../../arm-none-eabi/lib/thumb/v7-m/nofp\libg.a(lib_a-memset.o)
                0x0800364c                memset
 .text.sprintf  0x080036f0       0x44 c:/progra~2/gnuarm~1/102020~1/bin/../lib/gcc/arm-none-eabi/10.2.1/../../../../arm-none-eabi/lib/thumb/v7-m/nofp\libg.a(lib_a-sprintf.o)
                0x080036f0                sprintf
 .text._svfprintf_r
                0x08003734     0x1aa4 c:/progra~2/gnuarm~1/102020~1/bin/../lib/gcc/arm-none-eabi/10.2.1/../../../../arm-none-eabi/lib/thumb/v7-m/nofp\libg.a(lib_a-svfprintf.o)
                0x08003734                _svfprintf_r
 .text.startup.register_fini
                0x080051d8       0x14 c:/progra~2/gnuarm~1/102020~1/bin/../lib/gcc/arm-none-eabi/10.2.1/../../../../arm-none-eabi/lib/thumb/v7-m/nofp\libg.a(lib_a-__call_atexit.o)
 .text.atexit   0x080051ec        0xc c:/progra~2/gnuarm~1/102020~1/bin/../lib/gcc/arm-none-eabi/10.2.1/../../../../arm-none-eabi/lib/thumb/v7-m/nofp\libg.a(lib_a-atexit.o)
                0x080051ec                atexit
 .text.quorem   0x080051f8      0x12c c:/progra~2/gnuarm~1/102020~1/bin/../lib/gcc/arm-none-eabi/10.2.1/../../../../arm-none-eabi/lib/thumb/v7-m/nofp\libg.a(lib_a-dtoa.o)
 *fill*         0x08005324        0x4 
 .text._dtoa_r  0x08005328      0xecc c:/progra~2/gnuarm~1/102020~1/bin/../lib/gcc/arm-none-eabi/10.2.1/../../../../arm-none-eabi/lib/thumb/v7-m/nofp\libg.a(lib_a-dtoa.o)
                0x08005328                _dtoa_r
 .text.__libc_fini_array
                0x080061f4       0x2c c:/progra~2/gnuarm~1/102020~1/bin/../lib/gcc/arm-none-eabi/10.2.1/../../../../arm-none-eabi/lib/thumb/v7-m/nofp\libg.a(lib_a-fini.o)
                0x080061f4                __libc_fini_array
 .text._malloc_trim_r
                0x08006220       0xa0 c:/progra~2/gnuarm~1/102020~1/bin/../lib/gcc/arm-none-eabi/10.2.1/../../../../arm-none-eabi/lib/thumb/v7-m/nofp\libg.a(lib_a-freer.o)
                0x08006220                _malloc_trim_r
 .text._free_r  0x080062c0      0x200 c:/progra~2/gnuarm~1/102020~1/bin/../lib/gcc/arm-none-eabi/10.2.1/../../../../arm-none-eabi/lib/thumb/v7-m/nofp\libg.a(lib_a-freer.o)
                0x080062c0                _free_r
 .text._localeconv_r
                0x080064c0        0x8 c:/progra~2/gnuarm~1/102020~1/bin/../lib/gcc/arm-none-eabi/10.2.1/../../../../arm-none-eabi/lib/thumb/v7-m/nofp\libg.a(lib_a-localeconv.o)
                0x080064c0                _localeconv_r
 .text.__retarget_lock_init_recursive
                0x080064c8        0x4 c:/progra~2/gnuarm~1/102020~1/bin/../lib/gcc/arm-none-eabi/10.2.1/../../../../arm-none-eabi/lib/thumb/v7-m/nofp\libg.a(lib_a-lock.o)
                0x080064c8                __retarget_lock_init_recursive
 .text.__retarget_lock_close_recursive
                0x080064cc        0x4 c:/progra~2/gnuarm~1/102020~1/bin/../lib/gcc/arm-none-eabi/10.2.1/../../../../arm-none-eabi/lib/thumb/v7-m/nofp\libg.a(lib_a-lock.o)
                0x080064cc                __retarget_lock_close_recursive
 .text.__retarget_lock_acquire_recursive
                0x080064d0        0x4 c:/progra~2/gnuarm~1/102020~1/bin/../lib/gcc/arm-none-eabi/10.2.1/../../../../arm-none-eabi/lib/thumb/v7-m/nofp\libg.a(lib_a-lock.o)
                0x080064d0                __retarget_lock_acquire_recursive
 .text.__retarget_lock_release_recursive
                0x080064d4        0x4 c:/progra~2/gnuarm~1/102020~1/bin/../lib/gcc/arm-none-eabi/10.2.1/../../../../arm-none-eabi/lib/thumb/v7-m/nofp\libg.a(lib_a-lock.o)
                0x080064d4                __retarget_lock_release_recursive
 .text._malloc_r
                0x080064d8      0x558 c:/progra~2/gnuarm~1/102020~1/bin/../lib/gcc/arm-none-eabi/10.2.1/../../../../arm-none-eabi/lib/thumb/v7-m/nofp\libg.a(lib_a-mallocr.o)
                0x080064d8                _malloc_r
 .text.memchr   0x08006a30       0x90 c:/progra~2/gnuarm~1/102020~1/bin/../lib/gcc/arm-none-eabi/10.2.1/../../../../arm-none-eabi/lib/thumb/v7-m/nofp\libg.a(lib_a-memchr-stub.o)
                0x08006a30                memchr
 .text.__malloc_lock
                0x08006ac0        0xc c:/progra~2/gnuarm~1/102020~1/bin/../lib/gcc/arm-none-eabi/10.2.1/../../../../arm-none-eabi/lib/thumb/v7-m/nofp\libg.a(lib_a-mlock.o)
                0x08006ac0                __malloc_lock
 .text.__malloc_unlock
                0x08006acc        0xc c:/progra~2/gnuarm~1/102020~1/bin/../lib/gcc/arm-none-eabi/10.2.1/../../../../arm-none-eabi/lib/thumb/v7-m/nofp\libg.a(lib_a-mlock.o)
                0x08006acc                __malloc_unlock
 .text._Balloc  0x08006ad8       0x4c c:/progra~2/gnuarm~1/102020~1/bin/../lib/gcc/arm-none-eabi/10.2.1/../../../../arm-none-eabi/lib/thumb/v7-m/nofp\libg.a(lib_a-mprec.o)
                0x08006ad8                _Balloc
 .text._Bfree   0x08006b24       0x14 c:/progra~2/gnuarm~1/102020~1/bin/../lib/gcc/arm-none-eabi/10.2.1/../../../../arm-none-eabi/lib/thumb/v7-m/nofp\libg.a(lib_a-mprec.o)
                0x08006b24                _Bfree
 .text.__multadd
                0x08006b38       0xa4 c:/progra~2/gnuarm~1/102020~1/bin/../lib/gcc/arm-none-eabi/10.2.1/../../../../arm-none-eabi/lib/thumb/v7-m/nofp\libg.a(lib_a-mprec.o)
                0x08006b38                __multadd
 .text.__hi0bits
                0x08006bdc       0x40 c:/progra~2/gnuarm~1/102020~1/bin/../lib/gcc/arm-none-eabi/10.2.1/../../../../arm-none-eabi/lib/thumb/v7-m/nofp\libg.a(lib_a-mprec.o)
                0x08006bdc                __hi0bits
 .text.__lo0bits
                0x08006c1c       0x58 c:/progra~2/gnuarm~1/102020~1/bin/../lib/gcc/arm-none-eabi/10.2.1/../../../../arm-none-eabi/lib/thumb/v7-m/nofp\libg.a(lib_a-mprec.o)
                0x08006c1c                __lo0bits
 .text.__i2b    0x08006c74       0x5c c:/progra~2/gnuarm~1/102020~1/bin/../lib/gcc/arm-none-eabi/10.2.1/../../../../arm-none-eabi/lib/thumb/v7-m/nofp\libg.a(lib_a-mprec.o)
                0x08006c74                __i2b
 .text.__multiply
                0x08006cd0      0x15c c:/progra~2/gnuarm~1/102020~1/bin/../lib/gcc/arm-none-eabi/10.2.1/../../../../arm-none-eabi/lib/thumb/v7-m/nofp\libg.a(lib_a-mprec.o)
                0x08006cd0                __multiply
 .text.__pow5mult
                0x08006e2c       0xb8 c:/progra~2/gnuarm~1/102020~1/bin/../lib/gcc/arm-none-eabi/10.2.1/../../../../arm-none-eabi/lib/thumb/v7-m/nofp\libg.a(lib_a-mprec.o)
                0x08006e2c                __pow5mult
 .text.__lshift
                0x08006ee4       0xec c:/progra~2/gnuarm~1/102020~1/bin/../lib/gcc/arm-none-eabi/10.2.1/../../../../arm-none-eabi/lib/thumb/v7-m/nofp\libg.a(lib_a-mprec.o)
                0x08006ee4                __lshift
 .text.__mcmp   0x08006fd0       0x40 c:/progra~2/gnuarm~1/102020~1/bin/../lib/gcc/arm-none-eabi/10.2.1/../../../../arm-none-eabi/lib/thumb/v7-m/nofp\libg.a(lib_a-mprec.o)
                0x08006fd0                __mcmp
 .text.__mdiff  0x08007010      0x14c c:/progra~2/gnuarm~1/102020~1/bin/../lib/gcc/arm-none-eabi/10.2.1/../../../../arm-none-eabi/lib/thumb/v7-m/nofp\libg.a(lib_a-mprec.o)
                0x08007010                __mdiff
 .text.__d2b    0x0800715c       0xc4 c:/progra~2/gnuarm~1/102020~1/bin/../lib/gcc/arm-none-eabi/10.2.1/../../../../arm-none-eabi/lib/thumb/v7-m/nofp\libg.a(lib_a-mprec.o)
                0x0800715c                __d2b
 .text.frexp    0x08007220       0x70 c:/progra~2/gnuarm~1/102020~1/bin/../lib/gcc/arm-none-eabi/10.2.1/../../../../arm-none-eabi/lib/thumb/v7-m/nofp\libg.a(lib_a-s_frexp.o)
                0x08007220                frexp
 .text._sbrk_r  0x08007290       0x24 c:/progra~2/gnuarm~1/102020~1/bin/../lib/gcc/arm-none-eabi/10.2.1/../../../../arm-none-eabi/lib/thumb/v7-m/nofp\libg.a(lib_a-sbrkr.o)
                0x08007290                _sbrk_r
 .text.strlen   0x080072b4       0x5c c:/progra~2/gnuarm~1/102020~1/bin/../lib/gcc/arm-none-eabi/10.2.1/../../../../arm-none-eabi/lib/thumb/v7-m/nofp\libg.a(lib_a-strlen-stub.o)
                0x080072b4                strlen
 .text.strncpy  0x08007310       0x68 c:/progra~2/gnuarm~1/102020~1/bin/../lib/gcc/arm-none-eabi/10.2.1/../../../../arm-none-eabi/lib/thumb/v7-m/nofp\libg.a(lib_a-strncpy.o)
                0x08007310                strncpy
 .text.__ssprint_r
                0x08007378       0xfc c:/progra~2/gnuarm~1/102020~1/bin/../lib/gcc/arm-none-eabi/10.2.1/../../../../arm-none-eabi/lib/thumb/v7-m/nofp\libg.a(lib_a-svfiprintf.o)
                0x08007378                __ssprint_r
 .text.__register_exitproc
                0x08007474       0x8c c:/progra~2/gnuarm~1/102020~1/bin/../lib/gcc/arm-none-eabi/10.2.1/../../../../arm-none-eabi/lib/thumb/v7-m/nofp\libg.a(lib_a-__atexit.o)
                0x08007474                __register_exitproc
 .text.__assert_func
                0x08007500       0x40 c:/progra~2/gnuarm~1/102020~1/bin/../lib/gcc/arm-none-eabi/10.2.1/../../../../arm-none-eabi/lib/thumb/v7-m/nofp\libg.a(lib_a-assert.o)
                0x08007500                __assert_func
 .text._calloc_r
                0x08007540       0x60 c:/progra~2/gnuarm~1/102020~1/bin/../lib/gcc/arm-none-eabi/10.2.1/../../../../arm-none-eabi/lib/thumb/v7-m/nofp\libg.a(lib_a-callocr.o)
                0x08007540                _calloc_r
 .text.fiprintf
                0x080075a0       0x28 c:/progra~2/gnuarm~1/102020~1/bin/../lib/gcc/arm-none-eabi/10.2.1/../../../../arm-none-eabi/lib/thumb/v7-m/nofp\libg.a(lib_a-fiprintf.o)
                0x080075a0                fiprintf
 .text.__locale_mb_cur_max
                0x080075c8        0xc c:/progra~2/gnuarm~1/102020~1/bin/../lib/gcc/arm-none-eabi/10.2.1/../../../../arm-none-eabi/lib/thumb/v7-m/nofp\libg.a(lib_a-locale.o)
                0x080075c8                __locale_mb_cur_max
 .text.__ascii_mbtowc
                0x080075d4       0x2c c:/progra~2/gnuarm~1/102020~1/bin/../lib/gcc/arm-none-eabi/10.2.1/../../../../arm-none-eabi/lib/thumb/v7-m/nofp\libg.a(lib_a-mbtowc_r.o)
                0x080075d4                __ascii_mbtowc
 .text.memmove  0x08007600       0xf8 c:/progra~2/gnuarm~1/102020~1/bin/../lib/gcc/arm-none-eabi/10.2.1/../../../../arm-none-eabi/lib/thumb/v7-m/nofp\libg.a(lib_a-memmove.o)
                0x08007600                memmove
 .text._realloc_r
                0x080076f8      0x3dc c:/progra~2/gnuarm~1/102020~1/bin/../lib/gcc/arm-none-eabi/10.2.1/../../../../arm-none-eabi/lib/thumb/v7-m/nofp\libg.a(lib_a-reallocr.o)
                0x080076f8                _realloc_r
 .text.__sprint_r.part.0
                0x08007ad4       0x78 c:/progra~2/gnuarm~1/102020~1/bin/../lib/gcc/arm-none-eabi/10.2.1/../../../../arm-none-eabi/lib/thumb/v7-m/nofp\libg.a(lib_a-vfiprintf.o)
 .text._vfiprintf_r
                0x08007b4c      0xd94 c:/progra~2/gnuarm~1/102020~1/bin/../lib/gcc/arm-none-eabi/10.2.1/../../../../arm-none-eabi/lib/thumb/v7-m/nofp\libg.a(lib_a-vfiprintf.o)
                0x08007b4c                _vfiprintf_r
 .text.__sbprintf
                0x080088e0       0x84 c:/progra~2/gnuarm~1/102020~1/bin/../lib/gcc/arm-none-eabi/10.2.1/../../../../arm-none-eabi/lib/thumb/v7-m/nofp\libg.a(lib_a-vfiprintf.o)
 .text.__ascii_wctomb
                0x08008964       0x1c c:/progra~2/gnuarm~1/102020~1/bin/../lib/gcc/arm-none-eabi/10.2.1/../../../../arm-none-eabi/lib/thumb/v7-m/nofp\libg.a(lib_a-wctomb_r.o)
                0x08008964                __ascii_wctomb
 .text.__swsetup_r
                0x08008980       0xd4 c:/progra~2/gnuarm~1/102020~1/bin/../lib/gcc/arm-none-eabi/10.2.1/../../../../arm-none-eabi/lib/thumb/v7-m/nofp\libg.a(lib_a-wsetup.o)
                0x08008980                __swsetup_r
 .text.abort    0x08008a54       0x10 c:/progra~2/gnuarm~1/102020~1/bin/../lib/gcc/arm-none-eabi/10.2.1/../../../../arm-none-eabi/lib/thumb/v7-m/nofp\libg.a(lib_a-abort.o)
                0x08008a54                abort
 .text.__sflush_r
                0x08008a64      0x124 c:/progra~2/gnuarm~1/102020~1/bin/../lib/gcc/arm-none-eabi/10.2.1/../../../../arm-none-eabi/lib/thumb/v7-m/nofp\libg.a(lib_a-fflush.o)
                0x08008a64                __sflush_r
 .text._fflush_r
                0x08008b88       0x5c c:/progra~2/gnuarm~1/102020~1/bin/../lib/gcc/arm-none-eabi/10.2.1/../../../../arm-none-eabi/lib/thumb/v7-m/nofp\libg.a(lib_a-fflush.o)
                0x08008b88                _fflush_r
 .text._cleanup_r
                0x08008be4        0xc c:/progra~2/gnuarm~1/102020~1/bin/../lib/gcc/arm-none-eabi/10.2.1/../../../../arm-none-eabi/lib/thumb/v7-m/nofp\libg.a(lib_a-findfp.o)
                0x08008be4                _cleanup_r
 .text.__sinit  0x08008bf0      0x10c c:/progra~2/gnuarm~1/102020~1/bin/../lib/gcc/arm-none-eabi/10.2.1/../../../../arm-none-eabi/lib/thumb/v7-m/nofp\libg.a(lib_a-findfp.o)
                0x08008bf0                __sinit
 .text.__sfp_lock_acquire
                0x08008cfc        0xc c:/progra~2/gnuarm~1/102020~1/bin/../lib/gcc/arm-none-eabi/10.2.1/../../../../arm-none-eabi/lib/thumb/v7-m/nofp\libg.a(lib_a-findfp.o)
                0x08008cfc                __sfp_lock_acquire
 .text.__sfp_lock_release
                0x08008d08        0xc c:/progra~2/gnuarm~1/102020~1/bin/../lib/gcc/arm-none-eabi/10.2.1/../../../../arm-none-eabi/lib/thumb/v7-m/nofp\libg.a(lib_a-findfp.o)
                0x08008d08                __sfp_lock_release
 .text.__fputwc
                0x08008d14       0xa0 c:/progra~2/gnuarm~1/102020~1/bin/../lib/gcc/arm-none-eabi/10.2.1/../../../../arm-none-eabi/lib/thumb/v7-m/nofp\libg.a(lib_a-fputwc.o)
                0x08008d14                __fputwc
 .text._fputwc_r
                0x08008db4       0x68 c:/progra~2/gnuarm~1/102020~1/bin/../lib/gcc/arm-none-eabi/10.2.1/../../../../arm-none-eabi/lib/thumb/v7-m/nofp\libg.a(lib_a-fputwc.o)
                0x08008db4                _fputwc_r
 .text.__sfvwrite_r
                0x08008e1c      0x2f0 c:/progra~2/gnuarm~1/102020~1/bin/../lib/gcc/arm-none-eabi/10.2.1/../../../../arm-none-eabi/lib/thumb/v7-m/nofp\libg.a(lib_a-fvwrite.o)
                0x08008e1c                __sfvwrite_r
 .text._fwalk_reent
                0x0800910c       0x48 c:/progra~2/gnuarm~1/102020~1/bin/../lib/gcc/arm-none-eabi/10.2.1/../../../../arm-none-eabi/lib/thumb/v7-m/nofp\libg.a(lib_a-fwalk.o)
                0x0800910c                _fwalk_reent
 .text.__smakebuf_r
                0x08009154       0xe0 c:/progra~2/gnuarm~1/102020~1/bin/../lib/gcc/arm-none-eabi/10.2.1/../../../../arm-none-eabi/lib/thumb/v7-m/nofp\libg.a(lib_a-makebuf.o)
                0x08009154                __smakebuf_r
 .text.raise    0x08009234       0x5c c:/progra~2/gnuarm~1/102020~1/bin/../lib/gcc/arm-none-eabi/10.2.1/../../../../arm-none-eabi/lib/thumb/v7-m/nofp\libg.a(lib_a-signal.o)
                0x08009234                raise
 .text._kill_r  0x08009290       0x28 c:/progra~2/gnuarm~1/102020~1/bin/../lib/gcc/arm-none-eabi/10.2.1/../../../../arm-none-eabi/lib/thumb/v7-m/nofp\libg.a(lib_a-signalr.o)
                0x08009290                _kill_r
 .text._getpid_r
                0x080092b8        0x4 c:/progra~2/gnuarm~1/102020~1/bin/../lib/gcc/arm-none-eabi/10.2.1/../../../../arm-none-eabi/lib/thumb/v7-m/nofp\libg.a(lib_a-signalr.o)
                0x080092b8                _getpid_r
 .text.__sread  0x080092bc       0x24 c:/progra~2/gnuarm~1/102020~1/bin/../lib/gcc/arm-none-eabi/10.2.1/../../../../arm-none-eabi/lib/thumb/v7-m/nofp\libg.a(lib_a-stdio.o)
                0x080092bc                __sread
 .text.__swrite
                0x080092e0       0x40 c:/progra~2/gnuarm~1/102020~1/bin/../lib/gcc/arm-none-eabi/10.2.1/../../../../arm-none-eabi/lib/thumb/v7-m/nofp\libg.a(lib_a-stdio.o)
                0x080092e0                __swrite
 .text.__sseek  0x08009320       0x20 c:/progra~2/gnuarm~1/102020~1/bin/../lib/gcc/arm-none-eabi/10.2.1/../../../../arm-none-eabi/lib/thumb/v7-m/nofp\libg.a(lib_a-stdio.o)
                0x08009320                __sseek
 .text.__sclose
                0x08009340        0x8 c:/progra~2/gnuarm~1/102020~1/bin/../lib/gcc/arm-none-eabi/10.2.1/../../../../arm-none-eabi/lib/thumb/v7-m/nofp\libg.a(lib_a-stdio.o)
                0x08009340                __sclose
 .text.__swbuf_r
                0x08009348       0xb0 c:/progra~2/gnuarm~1/102020~1/bin/../lib/gcc/arm-none-eabi/10.2.1/../../../../arm-none-eabi/lib/thumb/v7-m/nofp\libg.a(lib_a-wbuf.o)
                0x08009348                __swbuf_r
 .text._wcrtomb_r
                0x080093f8       0x3c c:/progra~2/gnuarm~1/102020~1/bin/../lib/gcc/arm-none-eabi/10.2.1/../../../../arm-none-eabi/lib/thumb/v7-m/nofp\libg.a(lib_a-wcrtomb.o)
                0x080093f8                _wcrtomb_r
 .text._write_r
                0x08009434       0x2c c:/progra~2/gnuarm~1/102020~1/bin/../lib/gcc/arm-none-eabi/10.2.1/../../../../arm-none-eabi/lib/thumb/v7-m/nofp\libg.a(lib_a-writer.o)
                0x08009434                _write_r
 .text._close_r
                0x08009460       0x24 c:/progra~2/gnuarm~1/102020~1/bin/../lib/gcc/arm-none-eabi/10.2.1/../../../../arm-none-eabi/lib/thumb/v7-m/nofp\libg.a(lib_a-closer.o)
                0x08009460                _close_r
 .text._fclose_r
                0x08009484       0xcc c:/progra~2/gnuarm~1/102020~1/bin/../lib/gcc/arm-none-eabi/10.2.1/../../../../arm-none-eabi/lib/thumb/v7-m/nofp\libg.a(lib_a-fclose.o)
                0x08009484                _fclose_r
 .text._fstat_r
                0x08009550       0x28 c:/progra~2/gnuarm~1/102020~1/bin/../lib/gcc/arm-none-eabi/10.2.1/../../../../arm-none-eabi/lib/thumb/v7-m/nofp\libg.a(lib_a-fstatr.o)
                0x08009550                _fstat_r
 .text._isatty_r
                0x08009578       0x24 c:/progra~2/gnuarm~1/102020~1/bin/../lib/gcc/arm-none-eabi/10.2.1/../../../../arm-none-eabi/lib/thumb/v7-m/nofp\libg.a(lib_a-isattyr.o)
                0x08009578                _isatty_r
 .text._lseek_r
                0x0800959c       0x2c c:/progra~2/gnuarm~1/102020~1/bin/../lib/gcc/arm-none-eabi/10.2.1/../../../../arm-none-eabi/lib/thumb/v7-m/nofp\libg.a(lib_a-lseekr.o)
                0x0800959c                _lseek_r
 .text._read_r  0x080095c8       0x2c c:/progra~2/gnuarm~1/102020~1/bin/../lib/gcc/arm-none-eabi/10.2.1/../../../../arm-none-eabi/lib/thumb/v7-m/nofp\libg.a(lib_a-readr.o)
                0x080095c8                _read_r
 .text.log      0x080095f4       0x74 c:/progra~2/gnuarm~1/102020~1/bin/../lib/gcc/arm-none-eabi/10.2.1/../../../../arm-none-eabi/lib/thumb/v7-m/nofp\libm.a(lib_a-w_log.o)
                0x080095f4                log
 .text.__ieee754_log
                0x08009668      0x400 c:/progra~2/gnuarm~1/102020~1/bin/../lib/gcc/arm-none-eabi/10.2.1/../../../../arm-none-eabi/lib/thumb/v7-m/nofp\libm.a(lib_a-e_log.o)
                0x08009668                __ieee754_log
 .text.nan      0x08009a68        0xc c:/progra~2/gnuarm~1/102020~1/bin/../lib/gcc/arm-none-eabi/10.2.1/../../../../arm-none-eabi/lib/thumb/v7-m/nofp\libm.a(lib_a-s_nan.o)
                0x08009a68                nan
 *(.glue_7)
 .glue_7        0x08009a74        0x0 linker stubs
 *(.glue_7t)
 .glue_7t       0x08009a74        0x0 linker stubs
 *(.eh_frame)
 .eh_frame      0x08009a74        0x0 c:/progra~2/gnuarm~1/102020~1/bin/../lib/gcc/arm-none-eabi/10.2.1/thumb/v7-m/nofp/crtbegin.o
 *(.init)
 .init          0x08009a74        0x4 c:/progra~2/gnuarm~1/102020~1/bin/../lib/gcc/arm-none-eabi/10.2.1/thumb/v7-m/nofp/crti.o
                0x08009a74                _init
 .init          0x08009a78        0x8 c:/progra~2/gnuarm~1/102020~1/bin/../lib/gcc/arm-none-eabi/10.2.1/thumb/v7-m/nofp/crtn.o
 *(.fini)
 .fini          0x08009a80        0x4 c:/progra~2/gnuarm~1/102020~1/bin/../lib/gcc/arm-none-eabi/10.2.1/thumb/v7-m/nofp/crti.o
                0x08009a80                _fini
 .fini          0x08009a84        0x8 c:/progra~2/gnuarm~1/102020~1/bin/../lib/gcc/arm-none-eabi/10.2.1/thumb/v7-m/nofp/crtn.o
                0x08009a8c                . = ALIGN (0x4)
                0x08009a8c                _etext = .

.vfp11_veneer   0x08009a8c        0x0
 .vfp11_veneer  0x08009a8c        0x0 linker stubs

.v4_bx          0x08009a8c        0x0
 .v4_bx         0x08009a8c        0x0 linker stubs

.iplt           0x08009a8c        0x0
 .iplt          0x08009a8c        0x0 c:/progra~2/gnuarm~1/102020~1/bin/../lib/gcc/arm-none-eabi/10.2.1/thumb/v7-m/nofp/crtbegin.o

.rodata         0x08009a90     0x1c70
                0x08009a90                . = ALIGN (0x4)
 *(.rodata)
 *(.rodata*)
 .rodata.RunMode.str1.4
                0x08009a90       0x26 CMakeFiles/discoTest.elf.dir/Core/Src/main.c.obj
 *fill*         0x08009ab6        0x2 
 .rodata.HAL_GPIO_EXTI_Callback.str1.4
                0x08009ab8       0x1f CMakeFiles/discoTest.elf.dir/Core/Src/main.c.obj
 *fill*         0x08009ad7        0x1 
 .rodata.main.str1.4
                0x08009ad8       0x3f CMakeFiles/discoTest.elf.dir/Core/Src/main.c.obj
 *fill*         0x08009b17        0x1 
 .rodata.asc2_1206
                0x08009b18      0x474 CMakeFiles/discoTest.elf.dir/Core/Src/oled.c.obj
                0x08009b18                asc2_1206
 .rodata.asc2_1608
                0x08009f8c      0x5f0 CMakeFiles/discoTest.elf.dir/Core/Src/oled.c.obj
                0x08009f8c                asc2_1608
 .rodata.asc2_2412
                0x0800a57c      0xd5c CMakeFiles/discoTest.elf.dir/Core/Src/oled.c.obj
                0x0800a57c                asc2_2412
 .rodata.AHBPrescTable
                0x0800b2d8       0x10 CMakeFiles/discoTest.elf.dir/Core/Src/system_stm32f1xx.c.obj
                0x0800b2d8                AHBPrescTable
 .rodata.APBPrescTable
                0x0800b2e8        0x8 CMakeFiles/discoTest.elf.dir/Core/Src/system_stm32f1xx.c.obj
                0x0800b2e8                APBPrescTable
 .rodata.HAL_RCC_GetSysClockFreq.str1.4
                0x0800b2f0       0x11 CMakeFiles/discoTest.elf.dir/Drivers/STM32F1xx_HAL_Driver/Src/stm32f1xx_hal_rcc.c.obj
 .rodata.HAL_RCCEx_GetPeriphCLKFreq.str1.4
                0x0800b301       0x11 CMakeFiles/discoTest.elf.dir/Drivers/STM32F1xx_HAL_Driver/Src/stm32f1xx_hal_rcc_ex.c.obj
 *fill*         0x0800b301        0x3 
 .rodata._global_impure_ptr
                0x0800b304        0x4 c:/progra~2/gnuarm~1/102020~1/bin/../lib/gcc/arm-none-eabi/10.2.1/../../../../arm-none-eabi/lib/thumb/v7-m/nofp\libg.a(lib_a-impure.o)
                0x0800b304                _global_impure_ptr
 .rodata._svfprintf_r.str1.4
                0x0800b308       0x42 c:/progra~2/gnuarm~1/102020~1/bin/../lib/gcc/arm-none-eabi/10.2.1/../../../../arm-none-eabi/lib/thumb/v7-m/nofp\libg.a(lib_a-svfprintf.o)
 *fill*         0x0800b34a        0x2 
 .rodata.blanks.1
                0x0800b34c       0x10 c:/progra~2/gnuarm~1/102020~1/bin/../lib/gcc/arm-none-eabi/10.2.1/../../../../arm-none-eabi/lib/thumb/v7-m/nofp\libg.a(lib_a-svfprintf.o)
 .rodata.zeroes.0
                0x0800b35c       0x10 c:/progra~2/gnuarm~1/102020~1/bin/../lib/gcc/arm-none-eabi/10.2.1/../../../../arm-none-eabi/lib/thumb/v7-m/nofp\libg.a(lib_a-svfprintf.o)
 .rodata._dtoa_r.str1.4
                0x0800b36c       0xa1 c:/progra~2/gnuarm~1/102020~1/bin/../lib/gcc/arm-none-eabi/10.2.1/../../../../arm-none-eabi/lib/thumb/v7-m/nofp\libg.a(lib_a-dtoa.o)
                                 0xa5 (size before relaxing)
 *fill*         0x0800b40d        0x3 
 .rodata.__multadd.str1.4
                0x0800b410       0x7e c:/progra~2/gnuarm~1/102020~1/bin/../lib/gcc/arm-none-eabi/10.2.1/../../../../arm-none-eabi/lib/thumb/v7-m/nofp\libg.a(lib_a-mprec.o)
                                 0x92 (size before relaxing)
 *fill*         0x0800b48e        0x2 
 .rodata.__mprec_bigtens
                0x0800b490       0x28 c:/progra~2/gnuarm~1/102020~1/bin/../lib/gcc/arm-none-eabi/10.2.1/../../../../arm-none-eabi/lib/thumb/v7-m/nofp\libg.a(lib_a-mprec.o)
                0x0800b490                __mprec_bigtens
 .rodata.__mprec_tens
                0x0800b4b8       0xc8 c:/progra~2/gnuarm~1/102020~1/bin/../lib/gcc/arm-none-eabi/10.2.1/../../../../arm-none-eabi/lib/thumb/v7-m/nofp\libg.a(lib_a-mprec.o)
                0x0800b4b8                __mprec_tens
 .rodata.p05.0  0x0800b580        0xc c:/progra~2/gnuarm~1/102020~1/bin/../lib/gcc/arm-none-eabi/10.2.1/../../../../arm-none-eabi/lib/thumb/v7-m/nofp\libg.a(lib_a-mprec.o)
 .rodata.__assert_func.str1.4
                0x0800b58c       0x3f c:/progra~2/gnuarm~1/102020~1/bin/../lib/gcc/arm-none-eabi/10.2.1/../../../../arm-none-eabi/lib/thumb/v7-m/nofp\libg.a(lib_a-assert.o)
                                 0x43 (size before relaxing)
 *fill*         0x0800b5cb        0x1 
 .rodata._setlocale_r.str1.4
                0x0800b5cc        0xa c:/progra~2/gnuarm~1/102020~1/bin/../lib/gcc/arm-none-eabi/10.2.1/../../../../arm-none-eabi/lib/thumb/v7-m/nofp\libg.a(lib_a-locale.o)
                                  0xd (size before relaxing)
 *fill*         0x0800b5d6        0x2 
 .rodata.str1.4
                0x0800b5d8        0x2 c:/progra~2/gnuarm~1/102020~1/bin/../lib/gcc/arm-none-eabi/10.2.1/../../../../arm-none-eabi/lib/thumb/v7-m/nofp\libg.a(lib_a-locale.o)
 .rodata._vfiprintf_r.str1.4
                0x0800b5da       0x2f c:/progra~2/gnuarm~1/102020~1/bin/../lib/gcc/arm-none-eabi/10.2.1/../../../../arm-none-eabi/lib/thumb/v7-m/nofp\libg.a(lib_a-vfiprintf.o)
 *fill*         0x0800b5da        0x2 
 .rodata.blanks.1
                0x0800b5dc       0x10 c:/progra~2/gnuarm~1/102020~1/bin/../lib/gcc/arm-none-eabi/10.2.1/../../../../arm-none-eabi/lib/thumb/v7-m/nofp\libg.a(lib_a-vfiprintf.o)
 .rodata.zeroes.0
                0x0800b5ec       0x10 c:/progra~2/gnuarm~1/102020~1/bin/../lib/gcc/arm-none-eabi/10.2.1/../../../../arm-none-eabi/lib/thumb/v7-m/nofp\libg.a(lib_a-vfiprintf.o)
 .rodata._ctype_
                0x0800b5fc      0x101 c:/progra~2/gnuarm~1/102020~1/bin/../lib/gcc/arm-none-eabi/10.2.1/../../../../arm-none-eabi/lib/thumb/v7-m/nofp\libg.a(lib_a-ctype_.o)
                0x0800b5fc                _ctype_
 .rodata.log.str1.4
                0x0800b6fd        0x1 c:/progra~2/gnuarm~1/102020~1/bin/../lib/gcc/arm-none-eabi/10.2.1/../../../../arm-none-eabi/lib/thumb/v7-m/nofp\libm.a(lib_a-w_log.o)
                0x0800b700                . = ALIGN (0x4)
 *fill*         0x0800b6fd        0x3 

.ARM.extab
 *(.ARM.extab* .gnu.linkonce.armextab.*)

.ARM            0x0800b700        0x8
                0x0800b700                __exidx_start = .
 *(.ARM.exidx*)
 .ARM.exidx     0x0800b700        0x8 c:/progra~2/gnuarm~1/102020~1/bin/../lib/gcc/arm-none-eabi/10.2.1/thumb/v7-m/nofp\libgcc.a(_udivmoddi4.o)
                0x0800b708                __exidx_end = .

.rel.dyn        0x0800b708        0x0
 .rel.iplt      0x0800b708        0x0 c:/progra~2/gnuarm~1/102020~1/bin/../lib/gcc/arm-none-eabi/10.2.1/thumb/v7-m/nofp/crtbegin.o

.preinit_array  0x0800b708        0x0
                0x0800b708                PROVIDE (__preinit_array_start = .)
 *(.preinit_array*)
                0x0800b708                PROVIDE (__preinit_array_end = .)

.init_array     0x0800b708        0x8
                0x0800b708                PROVIDE (__init_array_start = .)
 *(SORT_BY_NAME(.init_array.*))
 .init_array.00000
                0x0800b708        0x4 c:/progra~2/gnuarm~1/102020~1/bin/../lib/gcc/arm-none-eabi/10.2.1/../../../../arm-none-eabi/lib/thumb/v7-m/nofp\libg.a(lib_a-__call_atexit.o)
 *(.init_array*)
 .init_array    0x0800b70c        0x4 c:/progra~2/gnuarm~1/102020~1/bin/../lib/gcc/arm-none-eabi/10.2.1/thumb/v7-m/nofp/crtbegin.o
                0x0800b710                PROVIDE (__init_array_end = .)

.fini_array     0x0800b710        0x4
                0x0800b710                PROVIDE (__fini_array_start = .)
 *(SORT_BY_NAME(.fini_array.*))
 *(.fini_array*)
 .fini_array    0x0800b710        0x4 c:/progra~2/gnuarm~1/102020~1/bin/../lib/gcc/arm-none-eabi/10.2.1/thumb/v7-m/nofp/crtbegin.o
                0x0800b714                PROVIDE (__fini_array_end = .)
                0x0800b714                _sidata = LOADADDR (.data)

.data           0x20000000     0x1dfc load address 0x0800b714
                0x20000000                . = ALIGN (0x4)
                0x20000000                _sdata = .
 *(.data)
 *(.data*)
 .data.UART     0x20000000        0x4 CMakeFiles/discoTest.elf.dir/Core/Src/main.c.obj
                0x20000000                UART
 .data.Hzk1     0x20000004      0x160 CMakeFiles/discoTest.elf.dir/Core/Src/oled.c.obj
                0x20000004                Hzk1
 .data.Hzk2     0x20000164       0xd8 CMakeFiles/discoTest.elf.dir/Core/Src/oled.c.obj
                0x20000164                Hzk2
 .data.Hzk3     0x2000023c      0x200 CMakeFiles/discoTest.elf.dir/Core/Src/oled.c.obj
                0x2000023c                Hzk3
 .data.Hzk4     0x2000043c     0x1000 CMakeFiles/discoTest.elf.dir/Core/Src/oled.c.obj
                0x2000043c                Hzk4
 .data.SystemCoreClock
                0x2000143c        0x4 CMakeFiles/discoTest.elf.dir/Core/Src/system_stm32f1xx.c.obj
                0x2000143c                SystemCoreClock
 .data.uwTickFreq
                0x20001440        0x1 CMakeFiles/discoTest.elf.dir/Drivers/STM32F1xx_HAL_Driver/Src/stm32f1xx_hal.c.obj
                0x20001440                uwTickFreq
 *fill*         0x20001441        0x3 
 .data.uwTickPrio
                0x20001444        0x4 CMakeFiles/discoTest.elf.dir/Drivers/STM32F1xx_HAL_Driver/Src/stm32f1xx_hal.c.obj
                0x20001444                uwTickPrio
 .data._impure_ptr
                0x20001448        0x4 c:/progra~2/gnuarm~1/102020~1/bin/../lib/gcc/arm-none-eabi/10.2.1/../../../../arm-none-eabi/lib/thumb/v7-m/nofp\libg.a(lib_a-impure.o)
                0x20001448                _impure_ptr
 *fill*         0x2000144c        0x4 
 .data.impure_data
                0x20001450      0x428 c:/progra~2/gnuarm~1/102020~1/bin/../lib/gcc/arm-none-eabi/10.2.1/../../../../arm-none-eabi/lib/thumb/v7-m/nofp\libg.a(lib_a-impure.o)
 .data.__atexit_recursive_mutex
                0x20001878        0x4 c:/progra~2/gnuarm~1/102020~1/bin/../lib/gcc/arm-none-eabi/10.2.1/../../../../arm-none-eabi/lib/thumb/v7-m/nofp\libg.a(lib_a-__call_atexit.o)
                0x20001878                __atexit_recursive_mutex
 .data.__malloc_av_
                0x2000187c      0x408 c:/progra~2/gnuarm~1/102020~1/bin/../lib/gcc/arm-none-eabi/10.2.1/../../../../arm-none-eabi/lib/thumb/v7-m/nofp\libg.a(lib_a-mallocr.o)
                0x2000187c                __malloc_av_
 .data.__malloc_sbrk_base
                0x20001c84        0x4 c:/progra~2/gnuarm~1/102020~1/bin/../lib/gcc/arm-none-eabi/10.2.1/../../../../arm-none-eabi/lib/thumb/v7-m/nofp\libg.a(lib_a-mallocr.o)
                0x20001c84                __malloc_sbrk_base
 .data.__malloc_trim_threshold
                0x20001c88        0x4 c:/progra~2/gnuarm~1/102020~1/bin/../lib/gcc/arm-none-eabi/10.2.1/../../../../arm-none-eabi/lib/thumb/v7-m/nofp\libg.a(lib_a-mallocr.o)
                0x20001c88                __malloc_trim_threshold
 .data.__global_locale
                0x20001c8c      0x16c c:/progra~2/gnuarm~1/102020~1/bin/../lib/gcc/arm-none-eabi/10.2.1/../../../../arm-none-eabi/lib/thumb/v7-m/nofp\libg.a(lib_a-locale.o)
                0x20001c8c                __global_locale
 .data.__fdlib_version
                0x20001df8        0x1 c:/progra~2/gnuarm~1/102020~1/bin/../lib/gcc/arm-none-eabi/10.2.1/../../../../arm-none-eabi/lib/thumb/v7-m/nofp\libm.a(lib_a-s_lib_ver.o)
                0x20001df8                __fdlib_version
                0x20001dfc                . = ALIGN (0x4)
 *fill*         0x20001df9        0x3 
                0x20001dfc                _edata = .

.igot.plt       0x20001dfc        0x0 load address 0x0800d510
 .igot.plt      0x20001dfc        0x0 c:/progra~2/gnuarm~1/102020~1/bin/../lib/gcc/arm-none-eabi/10.2.1/thumb/v7-m/nofp/crtbegin.o
                0x20001dfc                . = ALIGN (0x4)

.bss            0x20001dfc      0x5d4 load address 0x0800d510
                0x20001dfc                _sbss = .
                0x20001dfc                __bss_start__ = _sbss
 *(.bss)
 .bss           0x20001dfc       0x1c c:/progra~2/gnuarm~1/102020~1/bin/../lib/gcc/arm-none-eabi/10.2.1/thumb/v7-m/nofp/crtbegin.o
 *(.bss*)
 .bss.DisplayCache1
                0x20001e18       0x10 CMakeFiles/discoTest.elf.dir/Core/Src/main.c.obj
                0x20001e18                DisplayCache1
 .bss.DisplayCache2
                0x20001e28       0x10 CMakeFiles/discoTest.elf.dir/Core/Src/main.c.obj
                0x20001e28                DisplayCache2
 .bss.DisplayCache3
                0x20001e38       0x10 CMakeFiles/discoTest.elf.dir/Core/Src/main.c.obj
                0x20001e38                DisplayCache3
 .bss.DisplayCache4
                0x20001e48       0x10 CMakeFiles/discoTest.elf.dir/Core/Src/main.c.obj
                0x20001e48                DisplayCache4
 .bss.frame     0x20001e58        0x4 CMakeFiles/discoTest.elf.dir/Core/Src/main.c.obj
                0x20001e58                frame
 .bss.hadc1     0x20001e5c       0x30 CMakeFiles/discoTest.elf.dir/Core/Src/main.c.obj
                0x20001e5c                hadc1
 .bss.hadc2     0x20001e8c       0x30 CMakeFiles/discoTest.elf.dir/Core/Src/main.c.obj
                0x20001e8c                hadc2
 .bss.huart1    0x20001ebc       0x44 CMakeFiles/discoTest.elf.dir/Core/Src/main.c.obj
                0x20001ebc                huart1
 .bss.OLED_GRAM
                0x20001f00      0x480 CMakeFiles/discoTest.elf.dir/Core/Src/oled.c.obj
                0x20001f00                OLED_GRAM
 .bss.heap_end.0
                0x20002380        0x4 CMakeFiles/discoTest.elf.dir/Core/Src/syscalls.c.obj
 .bss.uwTick    0x20002384        0x4 CMakeFiles/discoTest.elf.dir/Drivers/STM32F1xx_HAL_Driver/Src/stm32f1xx_hal.c.obj
                0x20002384                uwTick
 .bss.__lock___atexit_recursive_mutex
                0x20002388        0x1 c:/progra~2/gnuarm~1/102020~1/bin/../lib/gcc/arm-none-eabi/10.2.1/../../../../arm-none-eabi/lib/thumb/v7-m/nofp\libg.a(lib_a-lock.o)
                0x20002388                __lock___atexit_recursive_mutex
 *fill*         0x20002389        0x3 
 .bss.__lock___malloc_recursive_mutex
                0x2000238c        0x1 c:/progra~2/gnuarm~1/102020~1/bin/../lib/gcc/arm-none-eabi/10.2.1/../../../../arm-none-eabi/lib/thumb/v7-m/nofp\libg.a(lib_a-lock.o)
                0x2000238c                __lock___malloc_recursive_mutex
 *fill*         0x2000238d        0x3 
 .bss.__lock___sfp_recursive_mutex
                0x20002390        0x1 c:/progra~2/gnuarm~1/102020~1/bin/../lib/gcc/arm-none-eabi/10.2.1/../../../../arm-none-eabi/lib/thumb/v7-m/nofp\libg.a(lib_a-lock.o)
                0x20002390                __lock___sfp_recursive_mutex
 *fill*         0x20002391        0x3 
 .bss.__lock___sinit_recursive_mutex
                0x20002394        0x1 c:/progra~2/gnuarm~1/102020~1/bin/../lib/gcc/arm-none-eabi/10.2.1/../../../../arm-none-eabi/lib/thumb/v7-m/nofp\libg.a(lib_a-lock.o)
                0x20002394                __lock___sinit_recursive_mutex
 *fill*         0x20002395        0x3 
 .bss.__malloc_current_mallinfo
                0x20002398       0x28 c:/progra~2/gnuarm~1/102020~1/bin/../lib/gcc/arm-none-eabi/10.2.1/../../../../arm-none-eabi/lib/thumb/v7-m/nofp\libg.a(lib_a-mallocr.o)
                0x20002398                __malloc_current_mallinfo
 .bss.__malloc_max_sbrked_mem
                0x200023c0        0x4 c:/progra~2/gnuarm~1/102020~1/bin/../lib/gcc/arm-none-eabi/10.2.1/../../../../arm-none-eabi/lib/thumb/v7-m/nofp\libg.a(lib_a-mallocr.o)
                0x200023c0                __malloc_max_sbrked_mem
 .bss.__malloc_max_total_mem
                0x200023c4        0x4 c:/progra~2/gnuarm~1/102020~1/bin/../lib/gcc/arm-none-eabi/10.2.1/../../../../arm-none-eabi/lib/thumb/v7-m/nofp\libg.a(lib_a-mallocr.o)
                0x200023c4                __malloc_max_total_mem
 .bss.__malloc_top_pad
                0x200023c8        0x4 c:/progra~2/gnuarm~1/102020~1/bin/../lib/gcc/arm-none-eabi/10.2.1/../../../../arm-none-eabi/lib/thumb/v7-m/nofp\libg.a(lib_a-mallocr.o)
                0x200023c8                __malloc_top_pad
 .bss.errno     0x200023cc        0x4 c:/progra~2/gnuarm~1/102020~1/bin/../lib/gcc/arm-none-eabi/10.2.1/../../../../arm-none-eabi/lib/thumb/v7-m/nofp\libg.a(lib_a-reent.o)
                0x200023cc                errno
 *(COMMON)
                0x200023d0                . = ALIGN (0x4)
                0x200023d0                _ebss = .
                0x200023d0                __bss_end__ = _ebss

._user_heap_stack
                0x200023d0      0x600 load address 0x0800d510
                0x200023d0                . = ALIGN (0x8)
                0x200023d0                PROVIDE (end = .)
                [!provide]                PROVIDE (_end = .)
                0x200025d0                . = (. + _Min_Heap_Size)
 *fill*         0x200023d0      0x200 
                0x200029d0                . = (. + _Min_Stack_Size)
 *fill*         0x200025d0      0x400 
                0x200029d0                . = ALIGN (0x8)

/DISCARD/
 libc.a(*)
 libm.a(*)
 libgcc.a(*)

.ARM.attributes
                0x00000000       0x29
 *(.ARM.attributes)
 .ARM.attributes
                0x00000000       0x1d c:/progra~2/gnuarm~1/102020~1/bin/../lib/gcc/arm-none-eabi/10.2.1/thumb/v7-m/nofp/crti.o
 .ARM.attributes
                0x0000001d       0x2d c:/progra~2/gnuarm~1/102020~1/bin/../lib/gcc/arm-none-eabi/10.2.1/thumb/v7-m/nofp/crtbegin.o
 .ARM.attributes
                0x0000004a       0x2d CMakeFiles/discoTest.elf.dir/Core/Src/main.c.obj
 .ARM.attributes
                0x00000077       0x2d CMakeFiles/discoTest.elf.dir/Core/Src/oled.c.obj
 .ARM.attributes
                0x000000a4       0x2d CMakeFiles/discoTest.elf.dir/Core/Src/stm32f1xx_hal_msp.c.obj
 .ARM.attributes
                0x000000d1       0x2d CMakeFiles/discoTest.elf.dir/Core/Src/stm32f1xx_it.c.obj
 .ARM.attributes
                0x000000fe       0x2d CMakeFiles/discoTest.elf.dir/Core/Src/syscalls.c.obj
 .ARM.attributes
                0x0000012b       0x2d CMakeFiles/discoTest.elf.dir/Core/Src/system_stm32f1xx.c.obj
 .ARM.attributes
                0x00000158       0x2d CMakeFiles/discoTest.elf.dir/Drivers/STM32F1xx_HAL_Driver/Src/stm32f1xx_hal.c.obj
 .ARM.attributes
                0x00000185       0x2d CMakeFiles/discoTest.elf.dir/Drivers/STM32F1xx_HAL_Driver/Src/stm32f1xx_hal_adc.c.obj
 .ARM.attributes
                0x000001b2       0x2d CMakeFiles/discoTest.elf.dir/Drivers/STM32F1xx_HAL_Driver/Src/stm32f1xx_hal_adc_ex.c.obj
 .ARM.attributes
                0x000001df       0x2d CMakeFiles/discoTest.elf.dir/Drivers/STM32F1xx_HAL_Driver/Src/stm32f1xx_hal_cortex.c.obj
 .ARM.attributes
                0x0000020c       0x2d CMakeFiles/discoTest.elf.dir/Drivers/STM32F1xx_HAL_Driver/Src/stm32f1xx_hal_gpio.c.obj
 .ARM.attributes
                0x00000239       0x2d CMakeFiles/discoTest.elf.dir/Drivers/STM32F1xx_HAL_Driver/Src/stm32f1xx_hal_rcc.c.obj
 .ARM.attributes
                0x00000266       0x2d CMakeFiles/discoTest.elf.dir/Drivers/STM32F1xx_HAL_Driver/Src/stm32f1xx_hal_rcc_ex.c.obj
 .ARM.attributes
                0x00000293       0x2d CMakeFiles/discoTest.elf.dir/Drivers/STM32F1xx_HAL_Driver/Src/stm32f1xx_hal_uart.c.obj
 .ARM.attributes
                0x000002c0       0x21 CMakeFiles/discoTest.elf.dir/startup/startup_stm32f103xb.s.obj
 .ARM.attributes
                0x000002e1       0x1d c:/progra~2/gnuarm~1/102020~1/bin/../lib/gcc/arm-none-eabi/10.2.1/thumb/v7-m/nofp\libgcc.a(_arm_addsubdf3.o)
 .ARM.attributes
                0x000002fe       0x1d c:/progra~2/gnuarm~1/102020~1/bin/../lib/gcc/arm-none-eabi/10.2.1/thumb/v7-m/nofp\libgcc.a(_arm_muldivdf3.o)
 .ARM.attributes
                0x0000031b       0x1d c:/progra~2/gnuarm~1/102020~1/bin/../lib/gcc/arm-none-eabi/10.2.1/thumb/v7-m/nofp\libgcc.a(_arm_truncdfsf2.o)
 .ARM.attributes
                0x00000338       0x1d c:/progra~2/gnuarm~1/102020~1/bin/../lib/gcc/arm-none-eabi/10.2.1/thumb/v7-m/nofp\libgcc.a(_arm_addsubsf3.o)
 .ARM.attributes
                0x00000355       0x1d c:/progra~2/gnuarm~1/102020~1/bin/../lib/gcc/arm-none-eabi/10.2.1/thumb/v7-m/nofp\libgcc.a(_arm_muldivsf3.o)
 .ARM.attributes
                0x00000372       0x2d c:/progra~2/gnuarm~1/102020~1/bin/../lib/gcc/arm-none-eabi/10.2.1/../../../../arm-none-eabi/lib/thumb/v7-m/nofp\libg.a(lib_a-errno.o)
 .ARM.attributes
                0x0000039f       0x2d c:/progra~2/gnuarm~1/102020~1/bin/../lib/gcc/arm-none-eabi/10.2.1/../../../../arm-none-eabi/lib/thumb/v7-m/nofp\libg.a(lib_a-impure.o)
 .ARM.attributes
                0x000003cc       0x2d c:/progra~2/gnuarm~1/102020~1/bin/../lib/gcc/arm-none-eabi/10.2.1/../../../../arm-none-eabi/lib/thumb/v7-m/nofp\libg.a(lib_a-init.o)
 .ARM.attributes
                0x000003f9       0x2d c:/progra~2/gnuarm~1/102020~1/bin/../lib/gcc/arm-none-eabi/10.2.1/../../../../arm-none-eabi/lib/thumb/v7-m/nofp\libg.a(lib_a-memset.o)
 .ARM.attributes
                0x00000426       0x2d c:/progra~2/gnuarm~1/102020~1/bin/../lib/gcc/arm-none-eabi/10.2.1/../../../../arm-none-eabi/lib/thumb/v7-m/nofp\libg.a(lib_a-sprintf.o)
 .ARM.attributes
                0x00000453       0x2d c:/progra~2/gnuarm~1/102020~1/bin/../lib/gcc/arm-none-eabi/10.2.1/../../../../arm-none-eabi/lib/thumb/v7-m/nofp\libg.a(lib_a-svfprintf.o)
 .ARM.attributes
                0x00000480       0x2d c:/progra~2/gnuarm~1/102020~1/bin/../lib/gcc/arm-none-eabi/10.2.1/../../../../arm-none-eabi/lib/thumb/v7-m/nofp\libg.a(lib_a-__call_atexit.o)
 .ARM.attributes
                0x000004ad       0x2d c:/progra~2/gnuarm~1/102020~1/bin/../lib/gcc/arm-none-eabi/10.2.1/../../../../arm-none-eabi/lib/thumb/v7-m/nofp\libg.a(lib_a-atexit.o)
 .ARM.attributes
                0x000004da       0x2d c:/progra~2/gnuarm~1/102020~1/bin/../lib/gcc/arm-none-eabi/10.2.1/../../../../arm-none-eabi/lib/thumb/v7-m/nofp\libg.a(lib_a-dtoa.o)
 .ARM.attributes
                0x00000507       0x2d c:/progra~2/gnuarm~1/102020~1/bin/../lib/gcc/arm-none-eabi/10.2.1/../../../../arm-none-eabi/lib/thumb/v7-m/nofp\libg.a(lib_a-fini.o)
 .ARM.attributes
                0x00000534       0x2d c:/progra~2/gnuarm~1/102020~1/bin/../lib/gcc/arm-none-eabi/10.2.1/../../../../arm-none-eabi/lib/thumb/v7-m/nofp\libg.a(lib_a-freer.o)
 .ARM.attributes
                0x00000561       0x2d c:/progra~2/gnuarm~1/102020~1/bin/../lib/gcc/arm-none-eabi/10.2.1/../../../../arm-none-eabi/lib/thumb/v7-m/nofp\libg.a(lib_a-localeconv.o)
 .ARM.attributes
                0x0000058e       0x2d c:/progra~2/gnuarm~1/102020~1/bin/../lib/gcc/arm-none-eabi/10.2.1/../../../../arm-none-eabi/lib/thumb/v7-m/nofp\libg.a(lib_a-lock.o)
 .ARM.attributes
                0x000005bb       0x2d c:/progra~2/gnuarm~1/102020~1/bin/../lib/gcc/arm-none-eabi/10.2.1/../../../../arm-none-eabi/lib/thumb/v7-m/nofp\libg.a(lib_a-mallocr.o)
 .ARM.attributes
                0x000005e8       0x2d c:/progra~2/gnuarm~1/102020~1/bin/../lib/gcc/arm-none-eabi/10.2.1/../../../../arm-none-eabi/lib/thumb/v7-m/nofp\libg.a(lib_a-memchr-stub.o)
 .ARM.attributes
                0x00000615       0x1b c:/progra~2/gnuarm~1/102020~1/bin/../lib/gcc/arm-none-eabi/10.2.1/../../../../arm-none-eabi/lib/thumb/v7-m/nofp\libg.a(lib_a-memcpy.o)
 .ARM.attributes
                0x00000630       0x2d c:/progra~2/gnuarm~1/102020~1/bin/../lib/gcc/arm-none-eabi/10.2.1/../../../../arm-none-eabi/lib/thumb/v7-m/nofp\libg.a(lib_a-mlock.o)
 .ARM.attributes
                0x0000065d       0x2d c:/progra~2/gnuarm~1/102020~1/bin/../lib/gcc/arm-none-eabi/10.2.1/../../../../arm-none-eabi/lib/thumb/v7-m/nofp\libg.a(lib_a-mprec.o)
 .ARM.attributes
                0x0000068a       0x2d c:/progra~2/gnuarm~1/102020~1/bin/../lib/gcc/arm-none-eabi/10.2.1/../../../../arm-none-eabi/lib/thumb/v7-m/nofp\libg.a(lib_a-s_frexp.o)
 .ARM.attributes
                0x000006b7       0x2d c:/progra~2/gnuarm~1/102020~1/bin/../lib/gcc/arm-none-eabi/10.2.1/../../../../arm-none-eabi/lib/thumb/v7-m/nofp\libg.a(lib_a-sbrkr.o)
 .ARM.attributes
                0x000006e4       0x2d c:/progra~2/gnuarm~1/102020~1/bin/../lib/gcc/arm-none-eabi/10.2.1/../../../../arm-none-eabi/lib/thumb/v7-m/nofp\libg.a(lib_a-strlen-stub.o)
 .ARM.attributes
                0x00000711       0x2d c:/progra~2/gnuarm~1/102020~1/bin/../lib/gcc/arm-none-eabi/10.2.1/../../../../arm-none-eabi/lib/thumb/v7-m/nofp\libg.a(lib_a-strncpy.o)
 .ARM.attributes
                0x0000073e       0x2d c:/progra~2/gnuarm~1/102020~1/bin/../lib/gcc/arm-none-eabi/10.2.1/../../../../arm-none-eabi/lib/thumb/v7-m/nofp\libg.a(lib_a-svfiprintf.o)
 .ARM.attributes
                0x0000076b       0x2d c:/progra~2/gnuarm~1/102020~1/bin/../lib/gcc/arm-none-eabi/10.2.1/../../../../arm-none-eabi/lib/thumb/v7-m/nofp\libg.a(lib_a-__atexit.o)
 .ARM.attributes
                0x00000798       0x2d c:/progra~2/gnuarm~1/102020~1/bin/../lib/gcc/arm-none-eabi/10.2.1/../../../../arm-none-eabi/lib/thumb/v7-m/nofp\libg.a(lib_a-assert.o)
 .ARM.attributes
                0x000007c5       0x2d c:/progra~2/gnuarm~1/102020~1/bin/../lib/gcc/arm-none-eabi/10.2.1/../../../../arm-none-eabi/lib/thumb/v7-m/nofp\libg.a(lib_a-callocr.o)
 .ARM.attributes
                0x000007f2       0x2d c:/progra~2/gnuarm~1/102020~1/bin/../lib/gcc/arm-none-eabi/10.2.1/../../../../arm-none-eabi/lib/thumb/v7-m/nofp\libg.a(lib_a-fiprintf.o)
 .ARM.attributes
                0x0000081f       0x2d c:/progra~2/gnuarm~1/102020~1/bin/../lib/gcc/arm-none-eabi/10.2.1/../../../../arm-none-eabi/lib/thumb/v7-m/nofp\libg.a(lib_a-locale.o)
 .ARM.attributes
                0x0000084c       0x2d c:/progra~2/gnuarm~1/102020~1/bin/../lib/gcc/arm-none-eabi/10.2.1/../../../../arm-none-eabi/lib/thumb/v7-m/nofp\libg.a(lib_a-mbtowc_r.o)
 .ARM.attributes
                0x00000879       0x2d c:/progra~2/gnuarm~1/102020~1/bin/../lib/gcc/arm-none-eabi/10.2.1/../../../../arm-none-eabi/lib/thumb/v7-m/nofp\libg.a(lib_a-memmove.o)
 .ARM.attributes
                0x000008a6       0x2d c:/progra~2/gnuarm~1/102020~1/bin/../lib/gcc/arm-none-eabi/10.2.1/../../../../arm-none-eabi/lib/thumb/v7-m/nofp\libg.a(lib_a-reallocr.o)
 .ARM.attributes
                0x000008d3       0x2d c:/progra~2/gnuarm~1/102020~1/bin/../lib/gcc/arm-none-eabi/10.2.1/../../../../arm-none-eabi/lib/thumb/v7-m/nofp\libg.a(lib_a-reent.o)
 .ARM.attributes
                0x00000900       0x2d c:/progra~2/gnuarm~1/102020~1/bin/../lib/gcc/arm-none-eabi/10.2.1/../../../../arm-none-eabi/lib/thumb/v7-m/nofp\libg.a(lib_a-vfiprintf.o)
 .ARM.attributes
                0x0000092d       0x2d c:/progra~2/gnuarm~1/102020~1/bin/../lib/gcc/arm-none-eabi/10.2.1/../../../../arm-none-eabi/lib/thumb/v7-m/nofp\libg.a(lib_a-wctomb_r.o)
 .ARM.attributes
                0x0000095a       0x2d c:/progra~2/gnuarm~1/102020~1/bin/../lib/gcc/arm-none-eabi/10.2.1/../../../../arm-none-eabi/lib/thumb/v7-m/nofp\libg.a(lib_a-wsetup.o)
 .ARM.attributes
                0x00000987       0x2d c:/progra~2/gnuarm~1/102020~1/bin/../lib/gcc/arm-none-eabi/10.2.1/../../../../arm-none-eabi/lib/thumb/v7-m/nofp\libg.a(lib_a-abort.o)
 .ARM.attributes
                0x000009b4       0x2d c:/progra~2/gnuarm~1/102020~1/bin/../lib/gcc/arm-none-eabi/10.2.1/../../../../arm-none-eabi/lib/thumb/v7-m/nofp\libg.a(lib_a-ctype_.o)
 .ARM.attributes
                0x000009e1       0x2d c:/progra~2/gnuarm~1/102020~1/bin/../lib/gcc/arm-none-eabi/10.2.1/../../../../arm-none-eabi/lib/thumb/v7-m/nofp\libg.a(lib_a-fflush.o)
 .ARM.attributes
                0x00000a0e       0x2d c:/progra~2/gnuarm~1/102020~1/bin/../lib/gcc/arm-none-eabi/10.2.1/../../../../arm-none-eabi/lib/thumb/v7-m/nofp\libg.a(lib_a-findfp.o)
 .ARM.attributes
                0x00000a3b       0x2d c:/progra~2/gnuarm~1/102020~1/bin/../lib/gcc/arm-none-eabi/10.2.1/../../../../arm-none-eabi/lib/thumb/v7-m/nofp\libg.a(lib_a-fputwc.o)
 .ARM.attributes
                0x00000a68       0x2d c:/progra~2/gnuarm~1/102020~1/bin/../lib/gcc/arm-none-eabi/10.2.1/../../../../arm-none-eabi/lib/thumb/v7-m/nofp\libg.a(lib_a-fvwrite.o)
 .ARM.attributes
                0x00000a95       0x2d c:/progra~2/gnuarm~1/102020~1/bin/../lib/gcc/arm-none-eabi/10.2.1/../../../../arm-none-eabi/lib/thumb/v7-m/nofp\libg.a(lib_a-fwalk.o)
 .ARM.attributes
                0x00000ac2       0x2d c:/progra~2/gnuarm~1/102020~1/bin/../lib/gcc/arm-none-eabi/10.2.1/../../../../arm-none-eabi/lib/thumb/v7-m/nofp\libg.a(lib_a-makebuf.o)
 .ARM.attributes
                0x00000aef       0x2d c:/progra~2/gnuarm~1/102020~1/bin/../lib/gcc/arm-none-eabi/10.2.1/../../../../arm-none-eabi/lib/thumb/v7-m/nofp\libg.a(lib_a-signal.o)
 .ARM.attributes
                0x00000b1c       0x2d c:/progra~2/gnuarm~1/102020~1/bin/../lib/gcc/arm-none-eabi/10.2.1/../../../../arm-none-eabi/lib/thumb/v7-m/nofp\libg.a(lib_a-signalr.o)
 .ARM.attributes
                0x00000b49       0x2d c:/progra~2/gnuarm~1/102020~1/bin/../lib/gcc/arm-none-eabi/10.2.1/../../../../arm-none-eabi/lib/thumb/v7-m/nofp\libg.a(lib_a-stdio.o)
 .ARM.attributes
                0x00000b76       0x2d c:/progra~2/gnuarm~1/102020~1/bin/../lib/gcc/arm-none-eabi/10.2.1/../../../../arm-none-eabi/lib/thumb/v7-m/nofp\libg.a(lib_a-wbuf.o)
 .ARM.attributes
                0x00000ba3       0x2d c:/progra~2/gnuarm~1/102020~1/bin/../lib/gcc/arm-none-eabi/10.2.1/../../../../arm-none-eabi/lib/thumb/v7-m/nofp\libg.a(lib_a-wcrtomb.o)
 .ARM.attributes
                0x00000bd0       0x2d c:/progra~2/gnuarm~1/102020~1/bin/../lib/gcc/arm-none-eabi/10.2.1/../../../../arm-none-eabi/lib/thumb/v7-m/nofp\libg.a(lib_a-writer.o)
 .ARM.attributes
                0x00000bfd       0x2d c:/progra~2/gnuarm~1/102020~1/bin/../lib/gcc/arm-none-eabi/10.2.1/../../../../arm-none-eabi/lib/thumb/v7-m/nofp\libg.a(lib_a-closer.o)
 .ARM.attributes
                0x00000c2a       0x2d c:/progra~2/gnuarm~1/102020~1/bin/../lib/gcc/arm-none-eabi/10.2.1/../../../../arm-none-eabi/lib/thumb/v7-m/nofp\libg.a(lib_a-fclose.o)
 .ARM.attributes
                0x00000c57       0x2d c:/progra~2/gnuarm~1/102020~1/bin/../lib/gcc/arm-none-eabi/10.2.1/../../../../arm-none-eabi/lib/thumb/v7-m/nofp\libg.a(lib_a-fstatr.o)
 .ARM.attributes
                0x00000c84       0x2d c:/progra~2/gnuarm~1/102020~1/bin/../lib/gcc/arm-none-eabi/10.2.1/../../../../arm-none-eabi/lib/thumb/v7-m/nofp\libg.a(lib_a-isattyr.o)
 .ARM.attributes
                0x00000cb1       0x2d c:/progra~2/gnuarm~1/102020~1/bin/../lib/gcc/arm-none-eabi/10.2.1/../../../../arm-none-eabi/lib/thumb/v7-m/nofp\libg.a(lib_a-lseekr.o)
 .ARM.attributes
                0x00000cde       0x2d c:/progra~2/gnuarm~1/102020~1/bin/../lib/gcc/arm-none-eabi/10.2.1/../../../../arm-none-eabi/lib/thumb/v7-m/nofp\libg.a(lib_a-readr.o)
 .ARM.attributes
                0x00000d0b       0x1d c:/progra~2/gnuarm~1/102020~1/bin/../lib/gcc/arm-none-eabi/10.2.1/thumb/v7-m/nofp\libgcc.a(_arm_cmpdf2.o)
 .ARM.attributes
                0x00000d28       0x1d c:/progra~2/gnuarm~1/102020~1/bin/../lib/gcc/arm-none-eabi/10.2.1/thumb/v7-m/nofp\libgcc.a(_arm_unorddf2.o)
 .ARM.attributes
                0x00000d45       0x1d c:/progra~2/gnuarm~1/102020~1/bin/../lib/gcc/arm-none-eabi/10.2.1/thumb/v7-m/nofp\libgcc.a(_arm_fixdfsi.o)
 .ARM.attributes
                0x00000d62       0x1d c:/progra~2/gnuarm~1/102020~1/bin/../lib/gcc/arm-none-eabi/10.2.1/thumb/v7-m/nofp\libgcc.a(_aeabi_uldivmod.o)
 .ARM.attributes
                0x00000d7f       0x2d c:/progra~2/gnuarm~1/102020~1/bin/../lib/gcc/arm-none-eabi/10.2.1/thumb/v7-m/nofp\libgcc.a(_udivmoddi4.o)
 .ARM.attributes
                0x00000dac       0x1d c:/progra~2/gnuarm~1/102020~1/bin/../lib/gcc/arm-none-eabi/10.2.1/thumb/v7-m/nofp\libgcc.a(_dvmd_tls.o)
 .ARM.attributes
                0x00000dc9       0x1d c:/progra~2/gnuarm~1/102020~1/bin/../lib/gcc/arm-none-eabi/10.2.1/thumb/v7-m/nofp/crtn.o
OUTPUT(discoTest.elf elf32-littlearm)
LOAD linker stubs
LOAD c:/progra~2/gnuarm~1/102020~1/bin/../lib/gcc/arm-none-eabi/10.2.1/../../../../arm-none-eabi/lib/thumb/v7-m/nofp\libc.a
LOAD c:/progra~2/gnuarm~1/102020~1/bin/../lib/gcc/arm-none-eabi/10.2.1/../../../../arm-none-eabi/lib/thumb/v7-m/nofp\libm.a
LOAD c:/progra~2/gnuarm~1/102020~1/bin/../lib/gcc/arm-none-eabi/10.2.1/thumb/v7-m/nofp\libgcc.a

.debug_info     0x00000000     0xa9ef
 .debug_info    0x00000000     0x1c23 CMakeFiles/discoTest.elf.dir/Core/Src/main.c.obj
 .debug_info    0x00001c23     0x13a9 CMakeFiles/discoTest.elf.dir/Core/Src/oled.c.obj
 .debug_info    0x00002fcc      0xbdf CMakeFiles/discoTest.elf.dir/Core/Src/stm32f1xx_hal_msp.c.obj
 .debug_info    0x00003bab      0x1b5 CMakeFiles/discoTest.elf.dir/Core/Src/stm32f1xx_it.c.obj
 .debug_info    0x00003d60      0x835 CMakeFiles/discoTest.elf.dir/Core/Src/syscalls.c.obj
 .debug_info    0x00004595      0x248 CMakeFiles/discoTest.elf.dir/Core/Src/system_stm32f1xx.c.obj
 .debug_info    0x000047dd      0x7a8 CMakeFiles/discoTest.elf.dir/Drivers/STM32F1xx_HAL_Driver/Src/stm32f1xx_hal.c.obj
 .debug_info    0x00004f85      0xf10 CMakeFiles/discoTest.elf.dir/Drivers/STM32F1xx_HAL_Driver/Src/stm32f1xx_hal_adc.c.obj
 .debug_info    0x00005e95      0xc3b CMakeFiles/discoTest.elf.dir/Drivers/STM32F1xx_HAL_Driver/Src/stm32f1xx_hal_adc_ex.c.obj
 .debug_info    0x00006ad0      0xd8a CMakeFiles/discoTest.elf.dir/Drivers/STM32F1xx_HAL_Driver/Src/stm32f1xx_hal_cortex.c.obj
 .debug_info    0x0000785a      0x66f CMakeFiles/discoTest.elf.dir/Drivers/STM32F1xx_HAL_Driver/Src/stm32f1xx_hal_gpio.c.obj
 .debug_info    0x00007ec9      0xa36 CMakeFiles/discoTest.elf.dir/Drivers/STM32F1xx_HAL_Driver/Src/stm32f1xx_hal_rcc.c.obj
 .debug_info    0x000088ff      0x443 CMakeFiles/discoTest.elf.dir/Drivers/STM32F1xx_HAL_Driver/Src/stm32f1xx_hal_rcc_ex.c.obj
 .debug_info    0x00008d42     0x1c8b CMakeFiles/discoTest.elf.dir/Drivers/STM32F1xx_HAL_Driver/Src/stm32f1xx_hal_uart.c.obj
 .debug_info    0x0000a9cd       0x22 CMakeFiles/discoTest.elf.dir/startup/startup_stm32f103xb.s.obj

.debug_abbrev   0x00000000     0x1cfa
 .debug_abbrev  0x00000000      0x305 CMakeFiles/discoTest.elf.dir/Core/Src/main.c.obj
 .debug_abbrev  0x00000305      0x258 CMakeFiles/discoTest.elf.dir/Core/Src/oled.c.obj
 .debug_abbrev  0x0000055d      0x1b0 CMakeFiles/discoTest.elf.dir/Core/Src/stm32f1xx_hal_msp.c.obj
 .debug_abbrev  0x0000070d       0xc4 CMakeFiles/discoTest.elf.dir/Core/Src/stm32f1xx_it.c.obj
 .debug_abbrev  0x000007d1      0x1da CMakeFiles/discoTest.elf.dir/Core/Src/syscalls.c.obj
 .debug_abbrev  0x000009ab      0x13e CMakeFiles/discoTest.elf.dir/Core/Src/system_stm32f1xx.c.obj
 .debug_abbrev  0x00000ae9      0x1f4 CMakeFiles/discoTest.elf.dir/Drivers/STM32F1xx_HAL_Driver/Src/stm32f1xx_hal.c.obj
 .debug_abbrev  0x00000cdd      0x1fc CMakeFiles/discoTest.elf.dir/Drivers/STM32F1xx_HAL_Driver/Src/stm32f1xx_hal_adc.c.obj
 .debug_abbrev  0x00000ed9      0x248 CMakeFiles/discoTest.elf.dir/Drivers/STM32F1xx_HAL_Driver/Src/stm32f1xx_hal_adc_ex.c.obj
 .debug_abbrev  0x00001121      0x341 CMakeFiles/discoTest.elf.dir/Drivers/STM32F1xx_HAL_Driver/Src/stm32f1xx_hal_cortex.c.obj
 .debug_abbrev  0x00001462      0x1e6 CMakeFiles/discoTest.elf.dir/Drivers/STM32F1xx_HAL_Driver/Src/stm32f1xx_hal_gpio.c.obj
 .debug_abbrev  0x00001648      0x27a CMakeFiles/discoTest.elf.dir/Drivers/STM32F1xx_HAL_Driver/Src/stm32f1xx_hal_rcc.c.obj
 .debug_abbrev  0x000018c2      0x1d2 CMakeFiles/discoTest.elf.dir/Drivers/STM32F1xx_HAL_Driver/Src/stm32f1xx_hal_rcc_ex.c.obj
 .debug_abbrev  0x00001a94      0x254 CMakeFiles/discoTest.elf.dir/Drivers/STM32F1xx_HAL_Driver/Src/stm32f1xx_hal_uart.c.obj
 .debug_abbrev  0x00001ce8       0x12 CMakeFiles/discoTest.elf.dir/startup/startup_stm32f103xb.s.obj

.debug_loc      0x00000000     0x6436
 .debug_loc     0x00000000      0x360 CMakeFiles/discoTest.elf.dir/Core/Src/main.c.obj
 .debug_loc     0x00000360     0x1056 CMakeFiles/discoTest.elf.dir/Core/Src/oled.c.obj
 .debug_loc     0x000013b6      0x157 CMakeFiles/discoTest.elf.dir/Core/Src/stm32f1xx_hal_msp.c.obj
 .debug_loc     0x0000150d      0x436 CMakeFiles/discoTest.elf.dir/Core/Src/syscalls.c.obj
 .debug_loc     0x00001943       0xff CMakeFiles/discoTest.elf.dir/Core/Src/system_stm32f1xx.c.obj
 .debug_loc     0x00001a42      0x141 CMakeFiles/discoTest.elf.dir/Drivers/STM32F1xx_HAL_Driver/Src/stm32f1xx_hal.c.obj
 .debug_loc     0x00001b83      0xad9 CMakeFiles/discoTest.elf.dir/Drivers/STM32F1xx_HAL_Driver/Src/stm32f1xx_hal_adc.c.obj
 .debug_loc     0x0000265c      0x801 CMakeFiles/discoTest.elf.dir/Drivers/STM32F1xx_HAL_Driver/Src/stm32f1xx_hal_adc_ex.c.obj
 .debug_loc     0x00002e5d      0x71f CMakeFiles/discoTest.elf.dir/Drivers/STM32F1xx_HAL_Driver/Src/stm32f1xx_hal_cortex.c.obj
 .debug_loc     0x0000357c      0x47d CMakeFiles/discoTest.elf.dir/Drivers/STM32F1xx_HAL_Driver/Src/stm32f1xx_hal_gpio.c.obj
 .debug_loc     0x000039f9      0x63e CMakeFiles/discoTest.elf.dir/Drivers/STM32F1xx_HAL_Driver/Src/stm32f1xx_hal_rcc.c.obj
 .debug_loc     0x00004037      0x3c8 CMakeFiles/discoTest.elf.dir/Drivers/STM32F1xx_HAL_Driver/Src/stm32f1xx_hal_rcc_ex.c.obj
 .debug_loc     0x000043ff     0x2037 CMakeFiles/discoTest.elf.dir/Drivers/STM32F1xx_HAL_Driver/Src/stm32f1xx_hal_uart.c.obj

.debug_aranges  0x00000000      0x8c8
 .debug_aranges
                0x00000000       0x68 CMakeFiles/discoTest.elf.dir/Core/Src/main.c.obj
 .debug_aranges
                0x00000068       0xb8 CMakeFiles/discoTest.elf.dir/Core/Src/oled.c.obj
 .debug_aranges
                0x00000120       0x40 CMakeFiles/discoTest.elf.dir/Core/Src/stm32f1xx_hal_msp.c.obj
 .debug_aranges
                0x00000160       0x70 CMakeFiles/discoTest.elf.dir/Core/Src/stm32f1xx_it.c.obj
 .debug_aranges
                0x000001d0       0xb0 CMakeFiles/discoTest.elf.dir/Core/Src/syscalls.c.obj
 .debug_aranges
                0x00000280       0x28 CMakeFiles/discoTest.elf.dir/Core/Src/system_stm32f1xx.c.obj
 .debug_aranges
                0x000002a8       0xe0 CMakeFiles/discoTest.elf.dir/Drivers/STM32F1xx_HAL_Driver/Src/stm32f1xx_hal.c.obj
 .debug_aranges
                0x00000388       0xf0 CMakeFiles/discoTest.elf.dir/Drivers/STM32F1xx_HAL_Driver/Src/stm32f1xx_hal_adc.c.obj
 .debug_aranges
                0x00000478       0x80 CMakeFiles/discoTest.elf.dir/Drivers/STM32F1xx_HAL_Driver/Src/stm32f1xx_hal_adc_ex.c.obj
 .debug_aranges
                0x000004f8       0x90 CMakeFiles/discoTest.elf.dir/Drivers/STM32F1xx_HAL_Driver/Src/stm32f1xx_hal_cortex.c.obj
 .debug_aranges
                0x00000588       0x58 CMakeFiles/discoTest.elf.dir/Drivers/STM32F1xx_HAL_Driver/Src/stm32f1xx_hal_gpio.c.obj
 .debug_aranges
                0x000005e0       0x90 CMakeFiles/discoTest.elf.dir/Drivers/STM32F1xx_HAL_Driver/Src/stm32f1xx_hal_rcc.c.obj
 .debug_aranges
                0x00000670       0x30 CMakeFiles/discoTest.elf.dir/Drivers/STM32F1xx_HAL_Driver/Src/stm32f1xx_hal_rcc_ex.c.obj
 .debug_aranges
                0x000006a0      0x200 CMakeFiles/discoTest.elf.dir/Drivers/STM32F1xx_HAL_Driver/Src/stm32f1xx_hal_uart.c.obj
 .debug_aranges
                0x000008a0       0x28 CMakeFiles/discoTest.elf.dir/startup/startup_stm32f103xb.s.obj

.debug_ranges   0x00000000      0x878
 .debug_ranges  0x00000000       0x58 CMakeFiles/discoTest.elf.dir/Core/Src/main.c.obj
 .debug_ranges  0x00000058       0xa8 CMakeFiles/discoTest.elf.dir/Core/Src/oled.c.obj
 .debug_ranges  0x00000100       0x30 CMakeFiles/discoTest.elf.dir/Core/Src/stm32f1xx_hal_msp.c.obj
 .debug_ranges  0x00000130       0x60 CMakeFiles/discoTest.elf.dir/Core/Src/stm32f1xx_it.c.obj
 .debug_ranges  0x00000190       0xa0 CMakeFiles/discoTest.elf.dir/Core/Src/syscalls.c.obj
 .debug_ranges  0x00000230       0x18 CMakeFiles/discoTest.elf.dir/Core/Src/system_stm32f1xx.c.obj
 .debug_ranges  0x00000248       0xd0 CMakeFiles/discoTest.elf.dir/Drivers/STM32F1xx_HAL_Driver/Src/stm32f1xx_hal.c.obj
 .debug_ranges  0x00000318       0xe0 CMakeFiles/discoTest.elf.dir/Drivers/STM32F1xx_HAL_Driver/Src/stm32f1xx_hal_adc.c.obj
 .debug_ranges  0x000003f8       0x70 CMakeFiles/discoTest.elf.dir/Drivers/STM32F1xx_HAL_Driver/Src/stm32f1xx_hal_adc_ex.c.obj
 .debug_ranges  0x00000468       0xe0 CMakeFiles/discoTest.elf.dir/Drivers/STM32F1xx_HAL_Driver/Src/stm32f1xx_hal_cortex.c.obj
 .debug_ranges  0x00000548       0x48 CMakeFiles/discoTest.elf.dir/Drivers/STM32F1xx_HAL_Driver/Src/stm32f1xx_hal_gpio.c.obj
 .debug_ranges  0x00000590       0xa0 CMakeFiles/discoTest.elf.dir/Drivers/STM32F1xx_HAL_Driver/Src/stm32f1xx_hal_rcc.c.obj
 .debug_ranges  0x00000630       0x38 CMakeFiles/discoTest.elf.dir/Drivers/STM32F1xx_HAL_Driver/Src/stm32f1xx_hal_rcc_ex.c.obj
 .debug_ranges  0x00000668      0x1f0 CMakeFiles/discoTest.elf.dir/Drivers/STM32F1xx_HAL_Driver/Src/stm32f1xx_hal_uart.c.obj
 .debug_ranges  0x00000858       0x20 CMakeFiles/discoTest.elf.dir/startup/startup_stm32f103xb.s.obj

.debug_line     0x00000000     0x8202
 .debug_line    0x00000000      0x904 CMakeFiles/discoTest.elf.dir/Core/Src/main.c.obj
 .debug_line    0x00000904      0xc47 CMakeFiles/discoTest.elf.dir/Core/Src/oled.c.obj
 .debug_line    0x0000154b      0x3b7 CMakeFiles/discoTest.elf.dir/Core/Src/stm32f1xx_hal_msp.c.obj
 .debug_line    0x00001902      0x2a5 CMakeFiles/discoTest.elf.dir/Core/Src/stm32f1xx_it.c.obj
 .debug_line    0x00001ba7      0x44d CMakeFiles/discoTest.elf.dir/Core/Src/syscalls.c.obj
 .debug_line    0x00001ff4      0x24e CMakeFiles/discoTest.elf.dir/Core/Src/system_stm32f1xx.c.obj
 .debug_line    0x00002242      0x584 CMakeFiles/discoTest.elf.dir/Drivers/STM32F1xx_HAL_Driver/Src/stm32f1xx_hal.c.obj
 .debug_line    0x000027c6      0xf1b CMakeFiles/discoTest.elf.dir/Drivers/STM32F1xx_HAL_Driver/Src/stm32f1xx_hal_adc.c.obj
 .debug_line    0x000036e1      0xbf1 CMakeFiles/discoTest.elf.dir/Drivers/STM32F1xx_HAL_Driver/Src/stm32f1xx_hal_adc_ex.c.obj
 .debug_line    0x000042d2      0x668 CMakeFiles/discoTest.elf.dir/Drivers/STM32F1xx_HAL_Driver/Src/stm32f1xx_hal_cortex.c.obj
 .debug_line    0x0000493a      0x612 CMakeFiles/discoTest.elf.dir/Drivers/STM32F1xx_HAL_Driver/Src/stm32f1xx_hal_gpio.c.obj
 .debug_line    0x00004f4c      0xc5b CMakeFiles/discoTest.elf.dir/Drivers/STM32F1xx_HAL_Driver/Src/stm32f1xx_hal_rcc.c.obj
 .debug_line    0x00005ba7      0x4cd CMakeFiles/discoTest.elf.dir/Drivers/STM32F1xx_HAL_Driver/Src/stm32f1xx_hal_rcc_ex.c.obj
 .debug_line    0x00006074     0x20ea CMakeFiles/discoTest.elf.dir/Drivers/STM32F1xx_HAL_Driver/Src/stm32f1xx_hal_uart.c.obj
 .debug_line    0x0000815e       0xa4 CMakeFiles/discoTest.elf.dir/startup/startup_stm32f103xb.s.obj

.debug_str      0x00000000     0x2bd8
 .debug_str     0x00000000      0xea3 CMakeFiles/discoTest.elf.dir/Core/Src/main.c.obj
                                0xfa9 (size before relaxing)
 .debug_str     0x00000ea3      0x156 CMakeFiles/discoTest.elf.dir/Core/Src/oled.c.obj
                                0x3d3 (size before relaxing)
 .debug_str     0x00000ff9       0xdf CMakeFiles/discoTest.elf.dir/Core/Src/stm32f1xx_hal_msp.c.obj
                                0x816 (size before relaxing)
 .debug_str     0x000010d8      0x118 CMakeFiles/discoTest.elf.dir/Core/Src/stm32f1xx_it.c.obj
                                0x2b9 (size before relaxing)
 .debug_str     0x000011f0      0x267 CMakeFiles/discoTest.elf.dir/Core/Src/syscalls.c.obj
                                0x466 (size before relaxing)
 .debug_str     0x00001457       0xa2 CMakeFiles/discoTest.elf.dir/Core/Src/system_stm32f1xx.c.obj
                                0x29a (size before relaxing)
 .debug_str     0x000014f9      0x323 CMakeFiles/discoTest.elf.dir/Drivers/STM32F1xx_HAL_Driver/Src/stm32f1xx_hal.c.obj
                                0x86a (size before relaxing)
 .debug_str     0x0000181c      0x330 CMakeFiles/discoTest.elf.dir/Drivers/STM32F1xx_HAL_Driver/Src/stm32f1xx_hal_adc.c.obj
                                0x919 (size before relaxing)
 .debug_str     0x00001b4c      0x299 CMakeFiles/discoTest.elf.dir/Drivers/STM32F1xx_HAL_Driver/Src/stm32f1xx_hal_adc_ex.c.obj
                                0x8d2 (size before relaxing)
 .debug_str     0x00001de5      0x3d6 CMakeFiles/discoTest.elf.dir/Drivers/STM32F1xx_HAL_Driver/Src/stm32f1xx_hal_cortex.c.obj
                                0x919 (size before relaxing)
 .debug_str     0x000021bb      0x100 CMakeFiles/discoTest.elf.dir/Drivers/STM32F1xx_HAL_Driver/Src/stm32f1xx_hal_gpio.c.obj
                                0x446 (size before relaxing)
 .debug_str     0x000022bb      0x209 CMakeFiles/discoTest.elf.dir/Drivers/STM32F1xx_HAL_Driver/Src/stm32f1xx_hal_rcc.c.obj
                                0x671 (size before relaxing)
 .debug_str     0x000024c4       0xa8 CMakeFiles/discoTest.elf.dir/Drivers/STM32F1xx_HAL_Driver/Src/stm32f1xx_hal_rcc_ex.c.obj
                                0x419 (size before relaxing)
 .debug_str     0x0000256c      0x619 CMakeFiles/discoTest.elf.dir/Drivers/STM32F1xx_HAL_Driver/Src/stm32f1xx_hal_uart.c.obj
                                0xcd4 (size before relaxing)
 .debug_str     0x00002b85       0x53 CMakeFiles/discoTest.elf.dir/startup/startup_stm32f103xb.s.obj
                                 0x8c (size before relaxing)

.comment        0x00000000       0x4d
 .comment       0x00000000       0x4d CMakeFiles/discoTest.elf.dir/Core/Src/main.c.obj
                                 0x4e (size before relaxing)
 .comment       0x0000004d       0x4e CMakeFiles/discoTest.elf.dir/Core/Src/oled.c.obj
 .comment       0x0000004d       0x4e CMakeFiles/discoTest.elf.dir/Core/Src/stm32f1xx_hal_msp.c.obj
 .comment       0x0000004d       0x4e CMakeFiles/discoTest.elf.dir/Core/Src/stm32f1xx_it.c.obj
 .comment       0x0000004d       0x4e CMakeFiles/discoTest.elf.dir/Core/Src/syscalls.c.obj
 .comment       0x0000004d       0x4e CMakeFiles/discoTest.elf.dir/Core/Src/system_stm32f1xx.c.obj
 .comment       0x0000004d       0x4e CMakeFiles/discoTest.elf.dir/Drivers/STM32F1xx_HAL_Driver/Src/stm32f1xx_hal.c.obj
 .comment       0x0000004d       0x4e CMakeFiles/discoTest.elf.dir/Drivers/STM32F1xx_HAL_Driver/Src/stm32f1xx_hal_adc.c.obj
 .comment       0x0000004d       0x4e CMakeFiles/discoTest.elf.dir/Drivers/STM32F1xx_HAL_Driver/Src/stm32f1xx_hal_adc_ex.c.obj
 .comment       0x0000004d       0x4e CMakeFiles/discoTest.elf.dir/Drivers/STM32F1xx_HAL_Driver/Src/stm32f1xx_hal_cortex.c.obj
 .comment       0x0000004d       0x4e CMakeFiles/discoTest.elf.dir/Drivers/STM32F1xx_HAL_Driver/Src/stm32f1xx_hal_gpio.c.obj
 .comment       0x0000004d       0x4e CMakeFiles/discoTest.elf.dir/Drivers/STM32F1xx_HAL_Driver/Src/stm32f1xx_hal_rcc.c.obj
 .comment       0x0000004d       0x4e CMakeFiles/discoTest.elf.dir/Drivers/STM32F1xx_HAL_Driver/Src/stm32f1xx_hal_rcc_ex.c.obj
 .comment       0x0000004d       0x4e CMakeFiles/discoTest.elf.dir/Drivers/STM32F1xx_HAL_Driver/Src/stm32f1xx_hal_uart.c.obj

.debug_frame    0x00000000     0x2d18
 .debug_frame   0x00000000      0x130 CMakeFiles/discoTest.elf.dir/Core/Src/main.c.obj
 .debug_frame   0x00000130      0x258 CMakeFiles/discoTest.elf.dir/Core/Src/oled.c.obj
 .debug_frame   0x00000388       0x98 CMakeFiles/discoTest.elf.dir/Core/Src/stm32f1xx_hal_msp.c.obj
 .debug_frame   0x00000420       0xd8 CMakeFiles/discoTest.elf.dir/Core/Src/stm32f1xx_it.c.obj
 .debug_frame   0x000004f8      0x1a8 CMakeFiles/discoTest.elf.dir/Core/Src/syscalls.c.obj
 .debug_frame   0x000006a0       0x30 CMakeFiles/discoTest.elf.dir/Core/Src/system_stm32f1xx.c.obj
 .debug_frame   0x000006d0      0x1cc CMakeFiles/discoTest.elf.dir/Drivers/STM32F1xx_HAL_Driver/Src/stm32f1xx_hal.c.obj
 .debug_frame   0x0000089c      0x2c4 CMakeFiles/discoTest.elf.dir/Drivers/STM32F1xx_HAL_Driver/Src/stm32f1xx_hal_adc.c.obj
 .debug_frame   0x00000b60      0x19c CMakeFiles/discoTest.elf.dir/Drivers/STM32F1xx_HAL_Driver/Src/stm32f1xx_hal_adc_ex.c.obj
 .debug_frame   0x00000cfc      0x118 CMakeFiles/discoTest.elf.dir/Drivers/STM32F1xx_HAL_Driver/Src/stm32f1xx_hal_cortex.c.obj
 .debug_frame   0x00000e14       0xe4 CMakeFiles/discoTest.elf.dir/Drivers/STM32F1xx_HAL_Driver/Src/stm32f1xx_hal_gpio.c.obj
 .debug_frame   0x00000ef8      0x190 CMakeFiles/discoTest.elf.dir/Drivers/STM32F1xx_HAL_Driver/Src/stm32f1xx_hal_rcc.c.obj
 .debug_frame   0x00001088       0x64 CMakeFiles/discoTest.elf.dir/Drivers/STM32F1xx_HAL_Driver/Src/stm32f1xx_hal_rcc_ex.c.obj
 .debug_frame   0x000010ec      0x5c4 CMakeFiles/discoTest.elf.dir/Drivers/STM32F1xx_HAL_Driver/Src/stm32f1xx_hal_uart.c.obj