Archive member included to satisfy reference by file (symbol)

c:/progra~2/gnuarm~1/102020~1/bin/../lib/gcc/arm-none-eabi/10.2.1/thumb/v7-m/nofp\libgcc.a(_arm_muldf3.o)
                              CMakeFiles/discoTest.elf.dir/Core/Src/main.c.obj (__aeabi_dmul)
c:/progra~2/gnuarm~1/102020~1/bin/../lib/gcc/arm-none-eabi/10.2.1/thumb/v7-m/nofp\libgcc.a(_arm_mulsf3.o)
                              CMakeFiles/discoTest.elf.dir/Core/Src/main.c.obj (__aeabi_fmul)
c:/progra~2/gnuarm~1/102020~1/bin/../lib/gcc/arm-none-eabi/10.2.1/thumb/v7-m/nofp\libgcc.a(_arm_addsubdf3.o)
                              CMakeFiles/discoTest.elf.dir/Core/Src/main.c.obj (__aeabi_dsub)
c:/progra~2/gnuarm~1/102020~1/bin/../lib/gcc/arm-none-eabi/10.2.1/thumb/v7-m/nofp\libgcc.a(_arm_muldivdf3.o)
                              CMakeFiles/discoTest.elf.dir/Core/Src/main.c.obj (__aeabi_ddiv)
c:/progra~2/gnuarm~1/102020~1/bin/../lib/gcc/arm-none-eabi/10.2.1/thumb/v7-m/nofp\libgcc.a(_arm_truncdfsf2.o)
                              CMakeFiles/discoTest.elf.dir/Core/Src/main.c.obj (__aeabi_d2f)
c:/progra~2/gnuarm~1/102020~1/bin/../lib/gcc/arm-none-eabi/10.2.1/thumb/v7-m/nofp\libgcc.a(_arm_addsubsf3.o)
                              CMakeFiles/discoTest.elf.dir/Core/Src/main.c.obj (__aeabi_fsub)
c:/progra~2/gnuarm~1/102020~1/bin/../lib/gcc/arm-none-eabi/10.2.1/thumb/v7-m/nofp\libgcc.a(_arm_muldivsf3.o)
                              CMakeFiles/discoTest.elf.dir/Core/Src/main.c.obj (__aeabi_fdiv)
c:/progra~2/gnuarm~1/102020~1/bin/../lib/gcc/arm-none-eabi/10.2.1/../../../../arm-none-eabi/lib/thumb/v7-m/nofp\libg.a(lib_a-errno.o)
                              CMakeFiles/discoTest.elf.dir/Core/Src/syscalls.c.obj (__errno)
c:/progra~2/gnuarm~1/102020~1/bin/../lib/gcc/arm-none-eabi/10.2.1/../../../../arm-none-eabi/lib/thumb/v7-m/nofp\libg.a(lib_a-exit.o)
                              c:/progra~2/gnuarm~1/102020~1/bin/../lib/gcc/arm-none-eabi/10.2.1/../../../../arm-none-eabi/lib/thumb/v7-m/nofp/crt0.o (exit)
c:/progra~2/gnuarm~1/102020~1/bin/../lib/gcc/arm-none-eabi/10.2.1/../../../../arm-none-eabi/lib/thumb/v7-m/nofp\libg.a(lib_a-impure.o)
                              c:/progra~2/gnuarm~1/102020~1/bin/../lib/gcc/arm-none-eabi/10.2.1/../../../../arm-none-eabi/lib/thumb/v7-m/nofp\libg.a(lib_a-exit.o) (_global_impure_ptr)
c:/progra~2/gnuarm~1/102020~1/bin/../lib/gcc/arm-none-eabi/10.2.1/../../../../arm-none-eabi/lib/thumb/v7-m/nofp\libg.a(lib_a-init.o)
                              c:/progra~2/gnuarm~1/102020~1/bin/../lib/gcc/arm-none-eabi/10.2.1/../../../../arm-none-eabi/lib/thumb/v7-m/nofp/crt0.o (__libc_init_array)
c:/progra~2/gnuarm~1/102020~1/bin/../lib/gcc/arm-none-eabi/10.2.1/../../../../arm-none-eabi/lib/thumb/v7-m/nofp\libg.a(lib_a-memset.o)
                              c:/progra~2/gnuarm~1/102020~1/bin/../lib/gcc/arm-none-eabi/10.2.1/../../../../arm-none-eabi/lib/thumb/v7-m/nofp/crt0.o (memset)
c:/progra~2/gnuarm~1/102020~1/bin/../lib/gcc/arm-none-eabi/10.2.1/../../../../arm-none-eabi/lib/thumb/v7-m/nofp\libg.a(lib_a-sprintf.o)
                              CMakeFiles/discoTest.elf.dir/Core/Src/main.c.obj (sprintf)
c:/progra~2/gnuarm~1/102020~1/bin/../lib/gcc/arm-none-eabi/10.2.1/../../../../arm-none-eabi/lib/thumb/v7-m/nofp\libg.a(lib_a-svfprintf.o)
                              c:/progra~2/gnuarm~1/102020~1/bin/../lib/gcc/arm-none-eabi/10.2.1/../../../../arm-none-eabi/lib/thumb/v7-m/nofp\libg.a(lib_a-sprintf.o) (_svfprintf_r)
c:/progra~2/gnuarm~1/102020~1/bin/../lib/gcc/arm-none-eabi/10.2.1/../../../../arm-none-eabi/lib/thumb/v7-m/nofp\libg.a(lib_a-__call_atexit.o)
                              c:/progra~2/gnuarm~1/102020~1/bin/../lib/gcc/arm-none-eabi/10.2.1/../../../../arm-none-eabi/lib/thumb/v7-m/nofp\libg.a(lib_a-exit.o) (__call_exitprocs)
c:/progra~2/gnuarm~1/102020~1/bin/../lib/gcc/arm-none-eabi/10.2.1/../../../../arm-none-eabi/lib/thumb/v7-m/nofp\libg.a(lib_a-atexit.o)
                              c:/progra~2/gnuarm~1/102020~1/bin/../lib/gcc/arm-none-eabi/10.2.1/../../../../arm-none-eabi/lib/thumb/v7-m/nofp\libg.a(lib_a-__call_atexit.o) (atexit)
c:/progra~2/gnuarm~1/102020~1/bin/../lib/gcc/arm-none-eabi/10.2.1/../../../../arm-none-eabi/lib/thumb/v7-m/nofp\libg.a(lib_a-dtoa.o)
                              c:/progra~2/gnuarm~1/102020~1/bin/../lib/gcc/arm-none-eabi/10.2.1/../../../../arm-none-eabi/lib/thumb/v7-m/nofp\libg.a(lib_a-svfprintf.o) (_dtoa_r)
c:/progra~2/gnuarm~1/102020~1/bin/../lib/gcc/arm-none-eabi/10.2.1/../../../../arm-none-eabi/lib/thumb/v7-m/nofp\libg.a(lib_a-fini.o)
                              c:/progra~2/gnuarm~1/102020~1/bin/../lib/gcc/arm-none-eabi/10.2.1/../../../../arm-none-eabi/lib/thumb/v7-m/nofp\libg.a(lib_a-__call_atexit.o) (__libc_fini_array)
c:/progra~2/gnuarm~1/102020~1/bin/../lib/gcc/arm-none-eabi/10.2.1/../../../../arm-none-eabi/lib/thumb/v7-m/nofp\libg.a(lib_a-freer.o)
[...]
Memory Configuration

Name             Origin             Length             Attributes
RAM              0x20000000         0x00005000         xrw
FLASH            0x08000000         0x00010000         xr
*default*        0x00000000         0xffffffff

Linker script and memory map

LOAD c:/progra~2/gnuarm~1/102020~1/bin/../lib/gcc/arm-none-eabi/10.2.1/thumb/v7-m/nofp/crti.o
LOAD c:/progra~2/gnuarm~1/102020~1/bin/../lib/gcc/arm-none-eabi/10.2.1/thumb/v7-m/nofp/crtbegin.o
LOAD c:/progra~2/gnuarm~1/102020~1/bin/../lib/gcc/arm-none-eabi/10.2.1/../../../../arm-none-eabi/lib/thumb/v7-m/nofp/crt0.o
LOAD CMakeFiles/discoTest.elf.dir/Core/Src/main.c.obj
LOAD CMakeFiles/discoTest.elf.dir/Core/Src/oled.c.obj
LOAD CMakeFiles/discoTest.elf.dir/Core/Src/stm32f1xx_hal_msp.c.obj
LOAD CMakeFiles/discoTest.elf.dir/Core/Src/stm32f1xx_it.c.obj
LOAD CMakeFiles/discoTest.elf.dir/Core/Src/syscalls.c.obj
LOAD CMakeFiles/discoTest.elf.dir/Core/Src/system_stm32f1xx.c.obj
LOAD CMakeFiles/discoTest.elf.dir/Drivers/STM32F1xx_HAL_Driver/Src/stm32f1xx_hal.c.obj
LOAD CMakeFiles/discoTest.elf.dir/Drivers/STM32F1xx_HAL_Driver/Src/stm32f1xx_hal_adc.c.obj
LOAD CMakeFiles/discoTest.elf.dir/Drivers/STM32F1xx_HAL_Driver/Src/stm32f1xx_hal_adc_ex.c.obj
LOAD CMakeFiles/discoTest.elf.dir/Drivers/STM32F1xx_HAL_Driver/Src/stm32f1xx_hal_cortex.c.obj
LOAD CMakeFiles/discoTest.elf.dir/Drivers/STM32F1xx_HAL_Driver/Src/stm32f1xx_hal_dma.c.obj
LOAD CMakeFiles/discoTest.elf.dir/Drivers/STM32F1xx_HAL_Driver/Src/stm32f1xx_hal_exti.c.obj
LOAD CMakeFiles/discoTest.elf.dir/Drivers/STM32F1xx_HAL_Driver/Src/stm32f1xx_hal_flash.c.obj
LOAD CMakeFiles/discoTest.elf.dir/Drivers/STM32F1xx_HAL_Driver/Src/stm32f1xx_hal_flash_ex.c.obj
LOAD CMakeFiles/discoTest.elf.dir/Drivers/STM32F1xx_HAL_Driver/Src/stm32f1xx_hal_gpio.c.obj
LOAD CMakeFiles/discoTest.elf.dir/Drivers/STM32F1xx_HAL_Driver/Src/stm32f1xx_hal_gpio_ex.c.obj
LOAD CMakeFiles/discoTest.elf.dir/Drivers/STM32F1xx_HAL_Driver/Src/stm32f1xx_hal_pwr.c.obj
LOAD CMakeFiles/discoTest.elf.dir/Drivers/STM32F1xx_HAL_Driver/Src/stm32f1xx_hal_rcc.c.obj
LOAD CMakeFiles/discoTest.elf.dir/Drivers/STM32F1xx_HAL_Driver/Src/stm32f1xx_hal_rcc_ex.c.obj
LOAD CMakeFiles/discoTest.elf.dir/Drivers/STM32F1xx_HAL_Driver/Src/stm32f1xx_hal_tim.c.obj
LOAD CMakeFiles/discoTest.elf.dir/Drivers/STM32F1xx_HAL_Driver/Src/stm32f1xx_hal_tim_ex.c.obj
LOAD CMakeFiles/discoTest.elf.dir/startup/startup_stm32f103xb.s.obj
START GROUP
LOAD c:/progra~2/gnuarm~1/102020~1/bin/../lib/gcc/arm-none-eabi/10.2.1/thumb/v7-m/nofp\libgcc.a
LOAD c:/progra~2/gnuarm~1/102020~1/bin/../lib/gcc/arm-none-eabi/10.2.1/../../../../arm-none-eabi/lib/thumb/v7-m/nofp\libg.a
LOAD c:/progra~2/gnuarm~1/102020~1/bin/../lib/gcc/arm-none-eabi/10.2.1/../../../../arm-none-eabi/lib/thumb/v7-m/nofp\libc.a
END GROUP
LOAD c:/progra~2/gnuarm~1/102020~1/bin/../lib/gcc/arm-none-eabi/10.2.1/thumb/v7-m/nofp/crtend.o
LOAD c:/progra~2/gnuarm~1/102020~1/bin/../lib/gcc/arm-none-eabi/10.2.1/thumb/v7-m/nofp/crtn.o
                0x20005000                _estack = 0x20005000
                0x00000200                _Min_Heap_Size = 0x200
                0x00000400                _Min_Stack_Size = 0x400

.isr_vector     0x08000000      0x10c
                0x08000000                . = ALIGN (0x4)
 *(.isr_vector)
 .isr_vector    0x08000000      0x10c CMakeFiles/discoTest.elf.dir/startup/startup_stm32f103xb.s.obj
                0x08000000                g_pfnVectors
                0x0800010c                . = ALIGN (0x4)

.text           0x08000110     0x8f34
                0x08000110                . = ALIGN (0x4)
 *(.text)
 .text          0x08000110       0x40 c:/progra~2/gnuarm~1/102020~1/bin/../lib/gcc/arm-none-eabi/10.2.1/thumb/v7-m/nofp/crtbegin.o
 .text          0x08000150      0x378 c:/progra~2/gnuarm~1/102020~1/bin/../lib/gcc/arm-none-eabi/10.2.1/thumb/v7-m/nofp\libgcc.a(_arm_addsubdf3.o)
                0x08000150                __aeabi_drsub
                0x08000158                __aeabi_dsub
                0x08000158                __subdf3
                0x0800015c                __aeabi_dadd
                0x0800015c                __adddf3
                0x080003d4                __floatunsidf
                0x080003d4                __aeabi_ui2d
                0x080003f4                __floatsidf
                0x080003f4                __aeabi_i2d
                0x08000418                __aeabi_f2d
                0x08000418                __extendsfdf2
                0x0800045c                __floatundidf
                0x0800045c                __aeabi_ul2d
                0x0800046c                __floatdidf
                0x0800046c                __aeabi_l2d
 .text          0x080004c8      0x424 c:/progra~2/gnuarm~1/102020~1/bin/../lib/gcc/arm-none-eabi/10.2.1/thumb/v7-m/nofp\libgcc.a(_arm_muldivdf3.o)
                0x080004c8                __aeabi_dmul
                0x080004c8                __muldf3
                0x0800071c                __divdf3
                0x0800071c                __aeabi_ddiv
 .text          0x080008ec       0xa0 c:/progra~2/gnuarm~1/102020~1/bin/../lib/gcc/arm-none-eabi/10.2.1/thumb/v7-m/nofp\libgcc.a(_arm_truncdfsf2.o)
                0x080008ec                __truncdfsf2
                0x080008ec                __aeabi_d2f
 .text          0x0800098c      0x21c c:/progra~2/gnuarm~1/102020~1/bin/../lib/gcc/arm-none-eabi/10.2.1/thumb/v7-m/nofp\libgcc.a(_arm_addsubsf3.o)
                0x0800098c                __aeabi_frsub
                0x08000994                __subsf3
                0x08000994                __aeabi_fsub
                0x08000998                __aeabi_fadd
                0x08000998                __addsf3
                0x08000af8                __aeabi_ui2f
                0x08000af8                __floatunsisf
                0x08000b00                __aeabi_i2f
                0x08000b00                __floatsisf
                0x08000b1c                __aeabi_ul2f
                0x08000b1c                __floatundisf
                0x08000b2c                __aeabi_l2f
                0x08000b2c                __floatdisf
 .text          0x08000ba8      0x2a0 c:/progra~2/gnuarm~1/102020~1/bin/../lib/gcc/arm-none-eabi/10.2.1/thumb/v7-m/nofp\libgcc.a(_arm_muldivsf3.o)
                0x08000ba8                __mulsf3
                0x08000ba8                __aeabi_fmul
                0x08000d10                __aeabi_fdiv
                0x08000d10                __divsf3
 .text          0x08000e48       0xec c:/progra~2/gnuarm~1/102020~1/bin/../lib/gcc/arm-none-eabi/10.2.1/../../../../arm-none-eabi/lib/thumb/v7-m/nofp\libg.a(lib_a-memcpy.o)
                0x08000e48                memcpy
 .text          0x08000f34      0x110 c:/progra~2/gnuarm~1/102020~1/bin/../lib/gcc/arm-none-eabi/10.2.1/thumb/v7-m/nofp\libgcc.a(_arm_cmpdf2.o)
                0x08000f34                __gtdf2
                0x08000f34                __gedf2
                0x08000f3c                __ltdf2
                0x08000f3c                __ledf2
                0x08000f44                __nedf2
                0x08000f44                __eqdf2
                0x08000f44                __cmpdf2
                0x08000fc0                __aeabi_cdrcmple
                0x08000fd0                __aeabi_cdcmpeq
                0x08000fd0                __aeabi_cdcmple
                0x08000fe0                __aeabi_dcmpeq
                0x08000ff4                __aeabi_dcmplt
                0x08001008                __aeabi_dcmple
                0x0800101c                __aeabi_dcmpge
                0x08001030                __aeabi_dcmpgt
 .text          0x08001044       0x2c c:/progra~2/gnuarm~1/102020~1/bin/../lib/gcc/arm-none-eabi/10.2.1/thumb/v7-m/nofp\libgcc.a(_arm_unorddf2.o)
                0x08001044                __unorddf2
                0x08001044                __aeabi_dcmpun
 .text          0x08001070       0x50 c:/progra~2/gnuarm~1/102020~1/bin/../lib/gcc/arm-none-eabi/10.2.1/thumb/v7-m/nofp\libgcc.a(_arm_fixdfsi.o)
                0x08001070                __aeabi_d2iz
                0x08001070                __fixdfsi
 .text          0x080010c0       0x30 c:/progra~2/gnuarm~1/102020~1/bin/../lib/gcc/arm-none-eabi/10.2.1/thumb/v7-m/nofp\libgcc.a(_aeabi_uldivmod.o)
                0x080010c0                __aeabi_uldivmod
 .text          0x080010f0      0x2d4 c:/progra~2/gnuarm~1/102020~1/bin/../lib/gcc/arm-none-eabi/10.2.1/thumb/v7-m/nofp\libgcc.a(_udivmoddi4.o)
                0x080010f0                __udivmoddi4
 .text          0x080013c4        0x4 c:/progra~2/gnuarm~1/102020~1/bin/../lib/gcc/arm-none-eabi/10.2.1/thumb/v7-m/nofp\libgcc.a(_dvmd_tls.o)
                0x080013c4                __aeabi_idiv0
                0x080013c4                __aeabi_ldiv0
 *(.text*)
 .text.MX_GPIO_Init
                0x080013c8       0x90 CMakeFiles/discoTest.elf.dir/Core/Src/main.c.obj
 .text.GetTemp  0x08001458       0x44 CMakeFiles/discoTest.elf.dir/Core/Src/main.c.obj
                0x08001458                GetTemp
 .text.Error_Handler
                0x0800149c        0x4 CMakeFiles/discoTest.elf.dir/Core/Src/main.c.obj
                0x0800149c                Error_Handler
 .text.MX_ADC1_Init
                0x080014a0       0x54 CMakeFiles/discoTest.elf.dir/Core/Src/main.c.obj
 .text.SystemClock_Config
                0x080014f4       0x80 CMakeFiles/discoTest.elf.dir/Core/Src/main.c.obj
                0x080014f4                SystemClock_Config
 *fill*         0x08001574        0x4 
 .text.main     0x08001578      0x1cc CMakeFiles/discoTest.elf.dir/Core/Src/main.c.obj
                0x08001578                main
 .text.OLED_WR_Byte
                0x08001744       0x84 CMakeFiles/discoTest.elf.dir/Core/Src/oled.c.obj
                0x08001744                OLED_WR_Byte
 .text.OLED_DisplayTurn
                0x080017c8       0x30 CMakeFiles/discoTest.elf.dir/Core/Src/oled.c.obj
                0x080017c8                OLED_DisplayTurn
 .text.OLED_Refresh
                0x080017f8       0x4c CMakeFiles/discoTest.elf.dir/Core/Src/oled.c.obj
                0x080017f8                OLED_Refresh
 .text.OLED_Clear
                0x08001844       0x30 CMakeFiles/discoTest.elf.dir/Core/Src/oled.c.obj
                0x08001844                OLED_Clear
 .text.OLED_DrawPoint
                0x08001874       0x24 CMakeFiles/discoTest.elf.dir/Core/Src/oled.c.obj
                0x08001874                OLED_DrawPoint
 .text.OLED_ClearPoint
                0x08001898       0x34 CMakeFiles/discoTest.elf.dir/Core/Src/oled.c.obj
                0x08001898                OLED_ClearPoint
 .text.OLED_ShowChar
                0x080018cc       0xc4 CMakeFiles/discoTest.elf.dir/Core/Src/oled.c.obj
                0x080018cc                OLED_ShowChar
 .text.OLED_ShowString
                0x08001990       0x3c CMakeFiles/discoTest.elf.dir/Core/Src/oled.c.obj
                0x08001990                OLED_ShowString
 .text.OLED_Init
                0x080019cc      0x108 CMakeFiles/discoTest.elf.dir/Core/Src/oled.c.obj
                0x080019cc                OLED_Init
 .text.HAL_MspInit
                0x08001ad4       0x44 CMakeFiles/discoTest.elf.dir/Core/Src/stm32f1xx_hal_msp.c.obj
                0x08001ad4                HAL_MspInit
 .text.HAL_ADC_MspInit
                0x08001b18       0x60 CMakeFiles/discoTest.elf.dir/Core/Src/stm32f1xx_hal_msp.c.obj
                0x08001b18                HAL_ADC_MspInit
 .text.NMI_Handler
                0x08001b78        0x2 CMakeFiles/discoTest.elf.dir/Core/Src/stm32f1xx_it.c.obj
                0x08001b78                NMI_Handler
 .text.HardFault_Handler
                0x08001b7a        0x2 CMakeFiles/discoTest.elf.dir/Core/Src/stm32f1xx_it.c.obj
                0x08001b7a                HardFault_Handler
 .text.MemManage_Handler
                0x08001b7c        0x2 CMakeFiles/discoTest.elf.dir/Core/Src/stm32f1xx_it.c.obj
                0x08001b7c                MemManage_Handler
 .text.BusFault_Handler
                0x08001b7e        0x2 CMakeFiles/discoTest.elf.dir/Core/Src/stm32f1xx_it.c.obj
                0x08001b7e                BusFault_Handler
 .text.UsageFault_Handler
                0x08001b80        0x2 CMakeFiles/discoTest.elf.dir/Core/Src/stm32f1xx_it.c.obj
                0x08001b80                UsageFault_Handler
 .text.SVC_Handler
                0x08001b82        0x2 CMakeFiles/discoTest.elf.dir/Core/Src/stm32f1xx_it.c.obj
                0x08001b82                SVC_Handler
 .text.DebugMon_Handler
                0x08001b84        0x2 CMakeFiles/discoTest.elf.dir/Core/Src/stm32f1xx_it.c.obj
                0x08001b84                DebugMon_Handler
 .text.PendSV_Handler
                0x08001b86        0x2 CMakeFiles/discoTest.elf.dir/Core/Src/stm32f1xx_it.c.obj
                0x08001b86                PendSV_Handler
 .text.SysTick_Handler
                0x08001b88        0x8 CMakeFiles/discoTest.elf.dir/Core/Src/stm32f1xx_it.c.obj
                0x08001b88                SysTick_Handler
 .text._getpid  0x08001b90        0x4 CMakeFiles/discoTest.elf.dir/Core/Src/syscalls.c.obj
                0x08001b90                _getpid
 .text._kill    0x08001b94       0x10 CMakeFiles/discoTest.elf.dir/Core/Src/syscalls.c.obj
                0x08001b94                _kill
 .text._exit    0x08001ba4        0xc CMakeFiles/discoTest.elf.dir/Core/Src/syscalls.c.obj
                0x08001ba4                _exit
 .text._read    0x08001bb0       0x20 CMakeFiles/discoTest.elf.dir/Core/Src/syscalls.c.obj
                0x08001bb0                _read
 .text._write   0x08001bd0       0x1c CMakeFiles/discoTest.elf.dir/Core/Src/syscalls.c.obj
                0x08001bd0                _write
 .text._sbrk    0x08001bec       0x3c CMakeFiles/discoTest.elf.dir/Core/Src/syscalls.c.obj
                0x08001bec                _sbrk
 .text._close   0x08001c28        0x6 CMakeFiles/discoTest.elf.dir/Core/Src/syscalls.c.obj
                0x08001c28                _close
 .text._fstat   0x08001c2e        0xa CMakeFiles/discoTest.elf.dir/Core/Src/syscalls.c.obj
                0x08001c2e                _fstat
 .text._isatty  0x08001c38        0x4 CMakeFiles/discoTest.elf.dir/Core/Src/syscalls.c.obj
                0x08001c38                _isatty
 .text._lseek   0x08001c3c        0x4 CMakeFiles/discoTest.elf.dir/Core/Src/syscalls.c.obj
                0x08001c3c                _lseek
 .text.SystemInit
                0x08001c40        0x2 CMakeFiles/discoTest.elf.dir/Core/Src/system_stm32f1xx.c.obj
                0x08001c40                SystemInit
 *fill*         0x08001c42        0x2 
 .text.HAL_InitTick
                0x08001c44       0x4c CMakeFiles/discoTest.elf.dir/Drivers/STM32F1xx_HAL_Driver/Src/stm32f1xx_hal.c.obj
                0x08001c44                HAL_InitTick
 .text.HAL_Init
                0x08001c90       0x24 CMakeFiles/discoTest.elf.dir/Drivers/STM32F1xx_HAL_Driver/Src/stm32f1xx_hal.c.obj
                0x08001c90                HAL_Init
 .text.HAL_IncTick
                0x08001cb4       0x18 CMakeFiles/discoTest.elf.dir/Drivers/STM32F1xx_HAL_Driver/Src/stm32f1xx_hal.c.obj
                0x08001cb4                HAL_IncTick
 .text.HAL_GetTick
                0x08001ccc        0xc CMakeFiles/discoTest.elf.dir/Drivers/STM32F1xx_HAL_Driver/Src/stm32f1xx_hal.c.obj
                0x08001ccc                HAL_GetTick
 .text.HAL_Delay
                0x08001cd8       0x28 CMakeFiles/discoTest.elf.dir/Drivers/STM32F1xx_HAL_Driver/Src/stm32f1xx_hal.c.obj
                0x08001cd8                HAL_Delay
 .text.HAL_ADC_GetValue
                0x08001d00        0x6 CMakeFiles/discoTest.elf.dir/Drivers/STM32F1xx_HAL_Driver/Src/stm32f1xx_hal_adc.c.obj
                0x08001d00                HAL_ADC_GetValue
 *fill*         0x08001d06        0x2 
 .text.HAL_ADC_ConfigChannel
                0x08001d08      0x144 CMakeFiles/discoTest.elf.dir/Drivers/STM32F1xx_HAL_Driver/Src/stm32f1xx_hal_adc.c.obj
                0x08001d08                HAL_ADC_ConfigChannel
 .text.ADC_Enable
                0x08001e4c       0x88 CMakeFiles/discoTest.elf.dir/Drivers/STM32F1xx_HAL_Driver/Src/stm32f1xx_hal_adc.c.obj
                0x08001e4c                ADC_Enable
 .text.HAL_ADC_Start
                0x08001ed4       0xe8 CMakeFiles/discoTest.elf.dir/Drivers/STM32F1xx_HAL_Driver/Src/stm32f1xx_hal_adc.c.obj
                0x08001ed4                HAL_ADC_Start
 .text.ADC_ConversionStop_Disable
                0x08001fbc       0x56 CMakeFiles/discoTest.elf.dir/Drivers/STM32F1xx_HAL_Driver/Src/stm32f1xx_hal_adc.c.obj
                0x08001fbc                ADC_ConversionStop_Disable
 *fill*         0x08002012        0x2 
 .text.HAL_ADC_Init
                0x08002014      0x108 CMakeFiles/discoTest.elf.dir/Drivers/STM32F1xx_HAL_Driver/Src/stm32f1xx_hal_adc.c.obj
                0x08002014                HAL_ADC_Init
 .text.HAL_ADC_Stop
                0x0800211c       0x34 CMakeFiles/discoTest.elf.dir/Drivers/STM32F1xx_HAL_Driver/Src/stm32f1xx_hal_adc.c.obj
                0x0800211c                HAL_ADC_Stop
 .text.HAL_NVIC_SetPriorityGrouping
                0x08002150       0x24 CMakeFiles/discoTest.elf.dir/Drivers/STM32F1xx_HAL_Driver/Src/stm32f1xx_hal_cortex.c.obj
                0x08002150                HAL_NVIC_SetPriorityGrouping
 .text.HAL_NVIC_SetPriority
                0x08002174       0x70 CMakeFiles/discoTest.elf.dir/Drivers/STM32F1xx_HAL_Driver/Src/stm32f1xx_hal_cortex.c.obj
                0x08002174                HAL_NVIC_SetPriority
 .text.HAL_SYSTICK_Config
                0x080021e4       0x28 CMakeFiles/discoTest.elf.dir/Drivers/STM32F1xx_HAL_Driver/Src/stm32f1xx_hal_cortex.c.obj
                0x080021e4                HAL_SYSTICK_Config
 .text.HAL_GPIO_Init
                0x0800220c      0x224 CMakeFiles/discoTest.elf.dir/Drivers/STM32F1xx_HAL_Driver/Src/stm32f1xx_hal_gpio.c.obj
                0x0800220c                HAL_GPIO_Init
 .text.HAL_GPIO_WritePin
                0x08002430        0xc CMakeFiles/discoTest.elf.dir/Drivers/STM32F1xx_HAL_Driver/Src/stm32f1xx_hal_gpio.c.obj
                0x08002430                HAL_GPIO_WritePin
 .text.RCC_Delay
                0x0800243c       0x2c CMakeFiles/discoTest.elf.dir/Drivers/STM32F1xx_HAL_Driver/Src/stm32f1xx_hal_rcc.c.obj
 .text.HAL_RCC_OscConfig
                0x08002468      0x410 CMakeFiles/discoTest.elf.dir/Drivers/STM32F1xx_HAL_Driver/Src/stm32f1xx_hal_rcc.c.obj
                0x08002468                HAL_RCC_OscConfig
 .text.HAL_RCC_GetSysClockFreq
                0x08002878       0x6c CMakeFiles/discoTest.elf.dir/Drivers/STM32F1xx_HAL_Driver/Src/stm32f1xx_hal_rcc.c.obj
                0x08002878                HAL_RCC_GetSysClockFreq
 .text.HAL_RCC_ClockConfig
                0x080028e4      0x16c CMakeFiles/discoTest.elf.dir/Drivers/STM32F1xx_HAL_Driver/Src/stm32f1xx_hal_rcc.c.obj
                0x080028e4                HAL_RCC_ClockConfig
 .text.HAL_RCCEx_PeriphCLKConfig
                0x08002a50      0x118 CMakeFiles/discoTest.elf.dir/Drivers/STM32F1xx_HAL_Driver/Src/stm32f1xx_hal_rcc_ex.c.obj
                0x08002a50                HAL_RCCEx_PeriphCLKConfig
 .text.Reset_Handler
                0x08002b68       0x48 CMakeFiles/discoTest.elf.dir/startup/startup_stm32f103xb.s.obj
                0x08002b68                Reset_Handler
 .text.Default_Handler
                0x08002bb0        0x2 CMakeFiles/discoTest.elf.dir/startup/startup_stm32f103xb.s.obj
                0x08002bb0                RTC_Alarm_IRQHandler
                0x08002bb0                EXTI2_IRQHandler
                0x08002bb0                TIM1_CC_IRQHandler
                0x08002bb0                PVD_IRQHandler
                0x08002bb0                EXTI3_IRQHandler
                0x08002bb0                EXTI0_IRQHandler
                0x08002bb0                I2C2_EV_IRQHandler
                0x08002bb0                ADC1_2_IRQHandler
                0x08002bb0                SPI1_IRQHandler
                0x08002bb0                TAMPER_IRQHandler
                0x08002bb0                DMA1_Channel4_IRQHandler
                0x08002bb0                USART3_IRQHandler
                0x08002bb0                RTC_IRQHandler
                0x08002bb0                DMA1_Channel7_IRQHandler
                0x08002bb0                CAN1_RX1_IRQHandler
                0x08002bb0                TIM4_IRQHandler
                0x08002bb0                I2C1_EV_IRQHandler
                0x08002bb0                DMA1_Channel6_IRQHandler
                0x08002bb0                TIM3_IRQHandler
                0x08002bb0                RCC_IRQHandler
                0x08002bb0                TIM1_TRG_COM_IRQHandler
                0x08002bb0                DMA1_Channel1_IRQHandler
                0x08002bb0                Default_Handler
                0x08002bb0                EXTI15_10_IRQHandler
                0x08002bb0                EXTI9_5_IRQHandler
                0x08002bb0                SPI2_IRQHandler
                0x08002bb0                DMA1_Channel5_IRQHandler
                0x08002bb0                EXTI4_IRQHandler
                0x08002bb0                USB_LP_CAN1_RX0_IRQHandler
                0x08002bb0                USB_HP_CAN1_TX_IRQHandler
                0x08002bb0                DMA1_Channel3_IRQHandler
                0x08002bb0                TIM1_UP_IRQHandler
                0x08002bb0                WWDG_IRQHandler
                0x08002bb0                TIM2_IRQHandler
                0x08002bb0                TIM1_BRK_IRQHandler
                0x08002bb0                EXTI1_IRQHandler
                0x08002bb0                USART2_IRQHandler
                0x08002bb0                I2C2_ER_IRQHandler
                0x08002bb0                DMA1_Channel2_IRQHandler
                0x08002bb0                CAN1_SCE_IRQHandler
                0x08002bb0                FLASH_IRQHandler
                0x08002bb0                USART1_IRQHandler
                0x08002bb0                I2C1_ER_IRQHandler
                0x08002bb0                USBWakeUp_IRQHandler
 *fill*         0x08002bb2        0x2 
 .text.__errno  0x08002bb4        0xc c:/progra~2/gnuarm~1/102020~1/bin/../lib/gcc/arm-none-eabi/10.2.1/../../../../arm-none-eabi/lib/thumb/v7-m/nofp\libg.a(lib_a-errno.o)
                0x08002bb4                __errno
 .text.__libc_init_array
                0x08002bc0       0x48 c:/progra~2/gnuarm~1/102020~1/bin/../lib/gcc/arm-none-eabi/10.2.1/../../../../arm-none-eabi/lib/thumb/v7-m/nofp\libg.a(lib_a-init.o)
                0x08002bc0                __libc_init_array
 .text.memset   0x08002c08       0xa4 c:/progra~2/gnuarm~1/102020~1/bin/../lib/gcc/arm-none-eabi/10.2.1/../../../../arm-none-eabi/lib/thumb/v7-m/nofp\libg.a(lib_a-memset.o)
                0x08002c08                memset
 .text.sprintf  0x08002cac       0x44 c:/progra~2/gnuarm~1/102020~1/bin/../lib/gcc/arm-none-eabi/10.2.1/../../../../arm-none-eabi/lib/thumb/v7-m/nofp\libg.a(lib_a-sprintf.o)
                0x08002cac                sprintf
 .text._svfprintf_r
                0x08002cf0     0x1aa4 c:/progra~2/gnuarm~1/102020~1/bin/../lib/gcc/arm-none-eabi/10.2.1/../../../../arm-none-eabi/lib/thumb/v7-m/nofp\libg.a(lib_a-svfprintf.o)
                0x08002cf0                _svfprintf_r
 .text.startup.register_fini
                0x08004794       0x14 c:/progra~2/gnuarm~1/102020~1/bin/../lib/gcc/arm-none-eabi/10.2.1/../../../../arm-none-eabi/lib/thumb/v7-m/nofp\libg.a(lib_a-__call_atexit.o)
 .text.atexit   0x080047a8        0xc c:/progra~2/gnuarm~1/102020~1/bin/../lib/gcc/arm-none-eabi/10.2.1/../../../../arm-none-eabi/lib/thumb/v7-m/nofp\libg.a(lib_a-atexit.o)
                0x080047a8                atexit
 .text.quorem   0x080047b4      0x12c c:/progra~2/gnuarm~1/102020~1/bin/../lib/gcc/arm-none-eabi/10.2.1/../../../../arm-none-eabi/lib/thumb/v7-m/nofp\libg.a(lib_a-dtoa.o)
 .text._dtoa_r  0x080048e0      0xecc c:/progra~2/gnuarm~1/102020~1/bin/../lib/gcc/arm-none-eabi/10.2.1/../../../../arm-none-eabi/lib/thumb/v7-m/nofp\libg.a(lib_a-dtoa.o)
                0x080048e0                _dtoa_r
 .text.__libc_fini_array
                0x080057ac       0x2c c:/progra~2/gnuarm~1/102020~1/bin/../lib/gcc/arm-none-eabi/10.2.1/../../../../arm-none-eabi/lib/thumb/v7-m/nofp\libg.a(lib_a-fini.o)
                0x080057ac                __libc_fini_array
 .text._malloc_trim_r
                0x080057d8       0xa0 c:/progra~2/gnuarm~1/102020~1/bin/../lib/gcc/arm-none-eabi/10.2.1/../../../../arm-none-eabi/lib/thumb/v7-m/nofp\libg.a(lib_a-freer.o)
                0x080057d8                _malloc_trim_r
 .text._free_r  0x08005878      0x200 c:/progra~2/gnuarm~1/102020~1/bin/../lib/gcc/arm-none-eabi/10.2.1/../../../../arm-none-eabi/lib/thumb/v7-m/nofp\libg.a(lib_a-freer.o)
                0x08005878                _free_r
 .text._localeconv_r
                0x08005a78        0x8 c:/progra~2/gnuarm~1/102020~1/bin/../lib/gcc/arm-none-eabi/10.2.1/../../../../arm-none-eabi/lib/thumb/v7-m/nofp\libg.a(lib_a-localeconv.o)
                0x08005a78                _localeconv_r
 .text.__retarget_lock_init_recursive
                0x08005a80        0x4 c:/progra~2/gnuarm~1/102020~1/bin/../lib/gcc/arm-none-eabi/10.2.1/../../../../arm-none-eabi/lib/thumb/v7-m/nofp\libg.a(lib_a-lock.o)
                0x08005a80                __retarget_lock_init_recursive
 .text.__retarget_lock_close_recursive
                0x08005a84        0x4 c:/progra~2/gnuarm~1/102020~1/bin/../lib/gcc/arm-none-eabi/10.2.1/../../../../arm-none-eabi/lib/thumb/v7-m/nofp\libg.a(lib_a-lock.o)
                0x08005a84                __retarget_lock_close_recursive
 .text.__retarget_lock_acquire_recursive
                0x08005a88        0x4 c:/progra~2/gnuarm~1/102020~1/bin/../lib/gcc/arm-none-eabi/10.2.1/../../../../arm-none-eabi/lib/thumb/v7-m/nofp\libg.a(lib_a-lock.o)
                0x08005a88                __retarget_lock_acquire_recursive
 .text.__retarget_lock_release_recursive
                0x08005a8c        0x4 c:/progra~2/gnuarm~1/102020~1/bin/../lib/gcc/arm-none-eabi/10.2.1/../../../../arm-none-eabi/lib/thumb/v7-m/nofp\libg.a(lib_a-lock.o)
                0x08005a8c                __retarget_lock_release_recursive
 .text._malloc_r
                0x08005a90      0x558 c:/progra~2/gnuarm~1/102020~1/bin/../lib/gcc/arm-none-eabi/10.2.1/../../../../arm-none-eabi/lib/thumb/v7-m/nofp\libg.a(lib_a-mallocr.o)
                0x08005a90                _malloc_r
 .text.memchr   0x08005fe8       0x90 c:/progra~2/gnuarm~1/102020~1/bin/../lib/gcc/arm-none-eabi/10.2.1/../../../../arm-none-eabi/lib/thumb/v7-m/nofp\libg.a(lib_a-memchr-stub.o)
                0x08005fe8                memchr
 .text.__malloc_lock
                0x08006078        0xc c:/progra~2/gnuarm~1/102020~1/bin/../lib/gcc/arm-none-eabi/10.2.1/../../../../arm-none-eabi/lib/thumb/v7-m/nofp\libg.a(lib_a-mlock.o)
                0x08006078                __malloc_lock
 .text.__malloc_unlock
                0x08006084        0xc c:/progra~2/gnuarm~1/102020~1/bin/../lib/gcc/arm-none-eabi/10.2.1/../../../../arm-none-eabi/lib/thumb/v7-m/nofp\libg.a(lib_a-mlock.o)
                0x08006084                __malloc_unlock
 .text._Balloc  0x08006090       0x4c c:/progra~2/gnuarm~1/102020~1/bin/../lib/gcc/arm-none-eabi/10.2.1/../../../../arm-none-eabi/lib/thumb/v7-m/nofp\libg.a(lib_a-mprec.o)
                0x08006090                _Balloc
 .text._Bfree   0x080060dc       0x14 c:/progra~2/gnuarm~1/102020~1/bin/../lib/gcc/arm-none-eabi/10.2.1/../../../../arm-none-eabi/lib/thumb/v7-m/nofp\libg.a(lib_a-mprec.o)
                0x080060dc                _Bfree
 .text.__multadd
                0x080060f0       0xa4 c:/progra~2/gnuarm~1/102020~1/bin/../lib/gcc/arm-none-eabi/10.2.1/../../../../arm-none-eabi/lib/thumb/v7-m/nofp\libg.a(lib_a-mprec.o)
                0x080060f0                __multadd
 .text.__hi0bits
                0x08006194       0x40 c:/progra~2/gnuarm~1/102020~1/bin/../lib/gcc/arm-none-eabi/10.2.1/../../../../arm-none-eabi/lib/thumb/v7-m/nofp\libg.a(lib_a-mprec.o)
                0x08006194                __hi0bits
 .text.__lo0bits
                0x080061d4       0x58 c:/progra~2/gnuarm~1/102020~1/bin/../lib/gcc/arm-none-eabi/10.2.1/../../../../arm-none-eabi/lib/thumb/v7-m/nofp\libg.a(lib_a-mprec.o)
                0x080061d4                __lo0bits
 .text.__i2b    0x0800622c       0x5c c:/progra~2/gnuarm~1/102020~1/bin/../lib/gcc/arm-none-eabi/10.2.1/../../../../arm-none-eabi/lib/thumb/v7-m/nofp\libg.a(lib_a-mprec.o)
                0x0800622c                __i2b
 .text.__multiply
                0x08006288      0x15c c:/progra~2/gnuarm~1/102020~1/bin/../lib/gcc/arm-none-eabi/10.2.1/../../../../arm-none-eabi/lib/thumb/v7-m/nofp\libg.a(lib_a-mprec.o)
                0x08006288                __multiply
 .text.__pow5mult
                0x080063e4       0xb8 c:/progra~2/gnuarm~1/102020~1/bin/../lib/gcc/arm-none-eabi/10.2.1/../../../../arm-none-eabi/lib/thumb/v7-m/nofp\libg.a(lib_a-mprec.o)
                0x080063e4                __pow5mult
 .text.__lshift
                0x0800649c       0xec c:/progra~2/gnuarm~1/102020~1/bin/../lib/gcc/arm-none-eabi/10.2.1/../../../../arm-none-eabi/lib/thumb/v7-m/nofp\libg.a(lib_a-mprec.o)
                0x0800649c                __lshift
 .text.__mcmp   0x08006588       0x40 c:/progra~2/gnuarm~1/102020~1/bin/../lib/gcc/arm-none-eabi/10.2.1/../../../../arm-none-eabi/lib/thumb/v7-m/nofp\libg.a(lib_a-mprec.o)
                0x08006588                __mcmp
 .text.__mdiff  0x080065c8      0x14c c:/progra~2/gnuarm~1/102020~1/bin/../lib/gcc/arm-none-eabi/10.2.1/../../../../arm-none-eabi/lib/thumb/v7-m/nofp\libg.a(lib_a-mprec.o)
                0x080065c8                __mdiff
 .text.__d2b    0x08006714       0xc4 c:/progra~2/gnuarm~1/102020~1/bin/../lib/gcc/arm-none-eabi/10.2.1/../../../../arm-none-eabi/lib/thumb/v7-m/nofp\libg.a(lib_a-mprec.o)
                0x08006714                __d2b
 .text.frexp    0x080067d8       0x70 c:/progra~2/gnuarm~1/102020~1/bin/../lib/gcc/arm-none-eabi/10.2.1/../../../../arm-none-eabi/lib/thumb/v7-m/nofp\libg.a(lib_a-s_frexp.o)
                0x080067d8                frexp
 .text._sbrk_r  0x08006848       0x24 c:/progra~2/gnuarm~1/102020~1/bin/../lib/gcc/arm-none-eabi/10.2.1/../../../../arm-none-eabi/lib/thumb/v7-m/nofp\libg.a(lib_a-sbrkr.o)
                0x08006848                _sbrk_r
 .text.strlen   0x0800686c       0x5c c:/progra~2/gnuarm~1/102020~1/bin/../lib/gcc/arm-none-eabi/10.2.1/../../../../arm-none-eabi/lib/thumb/v7-m/nofp\libg.a(lib_a-strlen-stub.o)
                0x0800686c                strlen
 .text.strncpy  0x080068c8       0x68 c:/progra~2/gnuarm~1/102020~1/bin/../lib/gcc/arm-none-eabi/10.2.1/../../../../arm-none-eabi/lib/thumb/v7-m/nofp\libg.a(lib_a-strncpy.o)
                0x080068c8                strncpy
 .text.__ssprint_r
                0x08006930       0xfc c:/progra~2/gnuarm~1/102020~1/bin/../lib/gcc/arm-none-eabi/10.2.1/../../../../arm-none-eabi/lib/thumb/v7-m/nofp\libg.a(lib_a-svfiprintf.o)
                0x08006930                __ssprint_r
 .text.__register_exitproc
                0x08006a2c       0x8c c:/progra~2/gnuarm~1/102020~1/bin/../lib/gcc/arm-none-eabi/10.2.1/../../../../arm-none-eabi/lib/thumb/v7-m/nofp\libg.a(lib_a-__atexit.o)
                0x08006a2c                __register_exitproc
 .text.__assert_func
                0x08006ab8       0x40 c:/progra~2/gnuarm~1/102020~1/bin/../lib/gcc/arm-none-eabi/10.2.1/../../../../arm-none-eabi/lib/thumb/v7-m/nofp\libg.a(lib_a-assert.o)
                0x08006ab8                __assert_func
 .text._calloc_r
                0x08006af8       0x60 c:/progra~2/gnuarm~1/102020~1/bin/../lib/gcc/arm-none-eabi/10.2.1/../../../../arm-none-eabi/lib/thumb/v7-m/nofp\libg.a(lib_a-callocr.o)
                0x08006af8                _calloc_r
 .text.fiprintf
                0x08006b58       0x28 c:/progra~2/gnuarm~1/102020~1/bin/../lib/gcc/arm-none-eabi/10.2.1/../../../../arm-none-eabi/lib/thumb/v7-m/nofp\libg.a(lib_a-fiprintf.o)
                0x08006b58                fiprintf
 .text.__locale_mb_cur_max
                0x08006b80        0xc c:/progra~2/gnuarm~1/102020~1/bin/../lib/gcc/arm-none-eabi/10.2.1/../../../../arm-none-eabi/lib/thumb/v7-m/nofp\libg.a(lib_a-locale.o)
                0x08006b80                __locale_mb_cur_max
 .text.__ascii_mbtowc
                0x08006b8c       0x2c c:/progra~2/gnuarm~1/102020~1/bin/../lib/gcc/arm-none-eabi/10.2.1/../../../../arm-none-eabi/lib/thumb/v7-m/nofp\libg.a(lib_a-mbtowc_r.o)
                0x08006b8c                __ascii_mbtowc
 .text.memmove  0x08006bb8       0xf8 c:/progra~2/gnuarm~1/102020~1/bin/../lib/gcc/arm-none-eabi/10.2.1/../../../../arm-none-eabi/lib/thumb/v7-m/nofp\libg.a(lib_a-memmove.o)
                0x08006bb8                memmove
 .text._realloc_r
                0x08006cb0      0x3dc c:/progra~2/gnuarm~1/102020~1/bin/../lib/gcc/arm-none-eabi/10.2.1/../../../../arm-none-eabi/lib/thumb/v7-m/nofp\libg.a(lib_a-reallocr.o)
                0x08006cb0                _realloc_r
 .text.__sprint_r.part.0
                0x0800708c       0x78 c:/progra~2/gnuarm~1/102020~1/bin/../lib/gcc/arm-none-eabi/10.2.1/../../../../arm-none-eabi/lib/thumb/v7-m/nofp\libg.a(lib_a-vfiprintf.o)
 .text._vfiprintf_r
                0x08007104      0xd94 c:/progra~2/gnuarm~1/102020~1/bin/../lib/gcc/arm-none-eabi/10.2.1/../../../../arm-none-eabi/lib/thumb/v7-m/nofp\libg.a(lib_a-vfiprintf.o)
                0x08007104                _vfiprintf_r
 .text.__sbprintf
                0x08007e98       0x84 c:/progra~2/gnuarm~1/102020~1/bin/../lib/gcc/arm-none-eabi/10.2.1/../../../../arm-none-eabi/lib/thumb/v7-m/nofp\libg.a(lib_a-vfiprintf.o)
 .text.__ascii_wctomb
                0x08007f1c       0x1c c:/progra~2/gnuarm~1/102020~1/bin/../lib/gcc/arm-none-eabi/10.2.1/../../../../arm-none-eabi/lib/thumb/v7-m/nofp\libg.a(lib_a-wctomb_r.o)
                0x08007f1c                __ascii_wctomb
 .text.__swsetup_r
                0x08007f38       0xd4 c:/progra~2/gnuarm~1/102020~1/bin/../lib/gcc/arm-none-eabi/10.2.1/../../../../arm-none-eabi/lib/thumb/v7-m/nofp\libg.a(lib_a-wsetup.o)
                0x08007f38                __swsetup_r
 .text.abort    0x0800800c       0x10 c:/progra~2/gnuarm~1/102020~1/bin/../lib/gcc/arm-none-eabi/10.2.1/../../../../arm-none-eabi/lib/thumb/v7-m/nofp\libg.a(lib_a-abort.o)
                0x0800800c                abort
 .text.__sflush_r
                0x0800801c      0x124 c:/progra~2/gnuarm~1/102020~1/bin/../lib/gcc/arm-none-eabi/10.2.1/../../../../arm-none-eabi/lib/thumb/v7-m/nofp\libg.a(lib_a-fflush.o)
                0x0800801c                __sflush_r
 .text._fflush_r
                0x08008140       0x5c c:/progra~2/gnuarm~1/102020~1/bin/../lib/gcc/arm-none-eabi/10.2.1/../../../../arm-none-eabi/lib/thumb/v7-m/nofp\libg.a(lib_a-fflush.o)
                0x08008140                _fflush_r
 .text._cleanup_r
                0x0800819c        0xc c:/progra~2/gnuarm~1/102020~1/bin/../lib/gcc/arm-none-eabi/10.2.1/../../../../arm-none-eabi/lib/thumb/v7-m/nofp\libg.a(lib_a-findfp.o)
                0x0800819c                _cleanup_r
 .text.__sinit  0x080081a8      0x10c c:/progra~2/gnuarm~1/102020~1/bin/../lib/gcc/arm-none-eabi/10.2.1/../../../../arm-none-eabi/lib/thumb/v7-m/nofp\libg.a(lib_a-findfp.o)
                0x080081a8                __sinit
 .text.__sfp_lock_acquire
                0x080082b4        0xc c:/progra~2/gnuarm~1/102020~1/bin/../lib/gcc/arm-none-eabi/10.2.1/../../../../arm-none-eabi/lib/thumb/v7-m/nofp\libg.a(lib_a-findfp.o)
                0x080082b4                __sfp_lock_acquire
 .text.__sfp_lock_release
                0x080082c0        0xc c:/progra~2/gnuarm~1/102020~1/bin/../lib/gcc/arm-none-eabi/10.2.1/../../../../arm-none-eabi/lib/thumb/v7-m/nofp\libg.a(lib_a-findfp.o)
                0x080082c0                __sfp_lock_release
 .text.__fputwc
                0x080082cc       0xa0 c:/progra~2/gnuarm~1/102020~1/bin/../lib/gcc/arm-none-eabi/10.2.1/../../../../arm-none-eabi/lib/thumb/v7-m/nofp\libg.a(lib_a-fputwc.o)
                0x080082cc                __fputwc
 .text._fputwc_r
                0x0800836c       0x68 c:/progra~2/gnuarm~1/102020~1/bin/../lib/gcc/arm-none-eabi/10.2.1/../../../../arm-none-eabi/lib/thumb/v7-m/nofp\libg.a(lib_a-fputwc.o)
                0x0800836c                _fputwc_r
 .text.__sfvwrite_r
                0x080083d4      0x2f0 c:/progra~2/gnuarm~1/102020~1/bin/../lib/gcc/arm-none-eabi/10.2.1/../../../../arm-none-eabi/lib/thumb/v7-m/nofp\libg.a(lib_a-fvwrite.o)
                0x080083d4                __sfvwrite_r
 .text._fwalk_reent
                0x080086c4       0x48 c:/progra~2/gnuarm~1/102020~1/bin/../lib/gcc/arm-none-eabi/10.2.1/../../../../arm-none-eabi/lib/thumb/v7-m/nofp\libg.a(lib_a-fwalk.o)
                0x080086c4                _fwalk_reent
 .text.__smakebuf_r
                0x0800870c       0xe0 c:/progra~2/gnuarm~1/102020~1/bin/../lib/gcc/arm-none-eabi/10.2.1/../../../../arm-none-eabi/lib/thumb/v7-m/nofp\libg.a(lib_a-makebuf.o)
                0x0800870c                __smakebuf_r
 .text.raise    0x080087ec       0x5c c:/progra~2/gnuarm~1/102020~1/bin/../lib/gcc/arm-none-eabi/10.2.1/../../../../arm-none-eabi/lib/thumb/v7-m/nofp\libg.a(lib_a-signal.o)
                0x080087ec                raise
 .text._kill_r  0x08008848       0x28 c:/progra~2/gnuarm~1/102020~1/bin/../lib/gcc/arm-none-eabi/10.2.1/../../../../arm-none-eabi/lib/thumb/v7-m/nofp\libg.a(lib_a-signalr.o)
                0x08008848                _kill_r
 .text._getpid_r
                0x08008870        0x4 c:/progra~2/gnuarm~1/102020~1/bin/../lib/gcc/arm-none-eabi/10.2.1/../../../../arm-none-eabi/lib/thumb/v7-m/nofp\libg.a(lib_a-signalr.o)
                0x08008870                _getpid_r
 .text.__sread  0x08008874       0x24 c:/progra~2/gnuarm~1/102020~1/bin/../lib/gcc/arm-none-eabi/10.2.1/../../../../arm-none-eabi/lib/thumb/v7-m/nofp\libg.a(lib_a-stdio.o)
                0x08008874                __sread
 .text.__swrite
                0x08008898       0x40 c:/progra~2/gnuarm~1/102020~1/bin/../lib/gcc/arm-none-eabi/10.2.1/../../../../arm-none-eabi/lib/thumb/v7-m/nofp\libg.a(lib_a-stdio.o)
                0x08008898                __swrite
 .text.__sseek  0x080088d8       0x20 c:/progra~2/gnuarm~1/102020~1/bin/../lib/gcc/arm-none-eabi/10.2.1/../../../../arm-none-eabi/lib/thumb/v7-m/nofp\libg.a(lib_a-stdio.o)
                0x080088d8                __sseek
 .text.__sclose
                0x080088f8        0x8 c:/progra~2/gnuarm~1/102020~1/bin/../lib/gcc/arm-none-eabi/10.2.1/../../../../arm-none-eabi/lib/thumb/v7-m/nofp\libg.a(lib_a-stdio.o)
                0x080088f8                __sclose
 .text.__swbuf_r
                0x08008900       0xb0 c:/progra~2/gnuarm~1/102020~1/bin/../lib/gcc/arm-none-eabi/10.2.1/../../../../arm-none-eabi/lib/thumb/v7-m/nofp\libg.a(lib_a-wbuf.o)
                0x08008900                __swbuf_r
 .text._wcrtomb_r
                0x080089b0       0x3c c:/progra~2/gnuarm~1/102020~1/bin/../lib/gcc/arm-none-eabi/10.2.1/../../../../arm-none-eabi/lib/thumb/v7-m/nofp\libg.a(lib_a-wcrtomb.o)
                0x080089b0                _wcrtomb_r
 .text._write_r
                0x080089ec       0x2c c:/progra~2/gnuarm~1/102020~1/bin/../lib/gcc/arm-none-eabi/10.2.1/../../../../arm-none-eabi/lib/thumb/v7-m/nofp\libg.a(lib_a-writer.o)
                0x080089ec                _write_r
 .text._close_r
                0x08008a18       0x24 c:/progra~2/gnuarm~1/102020~1/bin/../lib/gcc/arm-none-eabi/10.2.1/../../../../arm-none-eabi/lib/thumb/v7-m/nofp\libg.a(lib_a-closer.o)
                0x08008a18                _close_r
 .text._fclose_r
                0x08008a3c       0xcc c:/progra~2/gnuarm~1/102020~1/bin/../lib/gcc/arm-none-eabi/10.2.1/../../../../arm-none-eabi/lib/thumb/v7-m/nofp\libg.a(lib_a-fclose.o)
                0x08008a3c                _fclose_r
 .text._fstat_r
                0x08008b08       0x28 c:/progra~2/gnuarm~1/102020~1/bin/../lib/gcc/arm-none-eabi/10.2.1/../../../../arm-none-eabi/lib/thumb/v7-m/nofp\libg.a(lib_a-fstatr.o)
                0x08008b08                _fstat_r
 .text._isatty_r
                0x08008b30       0x24 c:/progra~2/gnuarm~1/102020~1/bin/../lib/gcc/arm-none-eabi/10.2.1/../../../../arm-none-eabi/lib/thumb/v7-m/nofp\libg.a(lib_a-isattyr.o)
                0x08008b30                _isatty_r
 .text._lseek_r
                0x08008b54       0x2c c:/progra~2/gnuarm~1/102020~1/bin/../lib/gcc/arm-none-eabi/10.2.1/../../../../arm-none-eabi/lib/thumb/v7-m/nofp\libg.a(lib_a-lseekr.o)
                0x08008b54                _lseek_r
 .text._read_r  0x08008b80       0x2c c:/progra~2/gnuarm~1/102020~1/bin/../lib/gcc/arm-none-eabi/10.2.1/../../../../arm-none-eabi/lib/thumb/v7-m/nofp\libg.a(lib_a-readr.o)
                0x08008b80                _read_r
 .text.log      0x08008bac       0x74 c:/progra~2/gnuarm~1/102020~1/bin/../lib/gcc/arm-none-eabi/10.2.1/../../../../arm-none-eabi/lib/thumb/v7-m/nofp\libm.a(lib_a-w_log.o)
                0x08008bac                log
 .text.__ieee754_log
                0x08008c20      0x400 c:/progra~2/gnuarm~1/102020~1/bin/../lib/gcc/arm-none-eabi/10.2.1/../../../../arm-none-eabi/lib/thumb/v7-m/nofp\libm.a(lib_a-e_log.o)
                0x08008c20                __ieee754_log
 .text.nan      0x08009020        0xc c:/progra~2/gnuarm~1/102020~1/bin/../lib/gcc/arm-none-eabi/10.2.1/../../../../arm-none-eabi/lib/thumb/v7-m/nofp\libm.a(lib_a-s_nan.o)
                0x08009020                nan
 *(.glue_7)
 .glue_7        0x0800902c        0x0 linker stubs
 *(.glue_7t)
 .glue_7t       0x0800902c        0x0 linker stubs
 *(.eh_frame)
 .eh_frame      0x0800902c        0x0 c:/progra~2/gnuarm~1/102020~1/bin/../lib/gcc/arm-none-eabi/10.2.1/thumb/v7-m/nofp/crtbegin.o
 *(.init)
 .init          0x0800902c        0x4 c:/progra~2/gnuarm~1/102020~1/bin/../lib/gcc/arm-none-eabi/10.2.1/thumb/v7-m/nofp/crti.o
                0x0800902c                _init
 .init          0x08009030        0x8 c:/progra~2/gnuarm~1/102020~1/bin/../lib/gcc/arm-none-eabi/10.2.1/thumb/v7-m/nofp/crtn.o
 *(.fini)
 .fini          0x08009038        0x4 c:/progra~2/gnuarm~1/102020~1/bin/../lib/gcc/arm-none-eabi/10.2.1/thumb/v7-m/nofp/crti.o
                0x08009038                _fini
 .fini          0x0800903c        0x8 c:/progra~2/gnuarm~1/102020~1/bin/../lib/gcc/arm-none-eabi/10.2.1/thumb/v7-m/nofp/crtn.o
                0x08009044                . = ALIGN (0x4)
                0x08009044                _etext = .

.vfp11_veneer   0x08009044        0x0
 .vfp11_veneer  0x08009044        0x0 linker stubs

.v4_bx          0x08009044        0x0
 .v4_bx         0x08009044        0x0 linker stubs

.iplt           0x08009044        0x0
 .iplt          0x08009044        0x0 c:/progra~2/gnuarm~1/102020~1/bin/../lib/gcc/arm-none-eabi/10.2.1/thumb/v7-m/nofp/crtbegin.o

.rodata         0x08009048     0x1c18
                0x08009048                . = ALIGN (0x4)
 *(.rodata)
 *(.rodata*)
 .rodata.main.str1.4
                0x08009048       0x37 CMakeFiles/discoTest.elf.dir/Core/Src/main.c.obj
 *fill*         0x0800907f        0x1 
 .rodata.asc2_1206
                0x08009080      0x474 CMakeFiles/discoTest.elf.dir/Core/Src/oled.c.obj
                0x08009080                asc2_1206
 .rodata.asc2_1608
                0x080094f4      0x5f0 CMakeFiles/discoTest.elf.dir/Core/Src/oled.c.obj
                0x080094f4                asc2_1608
 .rodata.asc2_2412
                0x08009ae4      0xd5c CMakeFiles/discoTest.elf.dir/Core/Src/oled.c.obj
                0x08009ae4                asc2_2412
 .rodata.AHBPrescTable
                0x0800a840       0x10 CMakeFiles/discoTest.elf.dir/Core/Src/system_stm32f1xx.c.obj
                0x0800a840                AHBPrescTable
 .rodata.HAL_RCC_GetSysClockFreq.str1.4
                0x0800a850       0x11 CMakeFiles/discoTest.elf.dir/Drivers/STM32F1xx_HAL_Driver/Src/stm32f1xx_hal_rcc.c.obj
 *fill*         0x0800a861        0x3 
 .rodata._global_impure_ptr
                0x0800a864        0x4 c:/progra~2/gnuarm~1/102020~1/bin/../lib/gcc/arm-none-eabi/10.2.1/../../../../arm-none-eabi/lib/thumb/v7-m/nofp\libg.a(lib_a-impure.o)
                0x0800a864                _global_impure_ptr
 .rodata._svfprintf_r.str1.4
                0x0800a868       0x42 c:/progra~2/gnuarm~1/102020~1/bin/../lib/gcc/arm-none-eabi/10.2.1/../../../../arm-none-eabi/lib/thumb/v7-m/nofp\libg.a(lib_a-svfprintf.o)
 *fill*         0x0800a8aa        0x2 
 .rodata.blanks.1
                0x0800a8ac       0x10 c:/progra~2/gnuarm~1/102020~1/bin/../lib/gcc/arm-none-eabi/10.2.1/../../../../arm-none-eabi/lib/thumb/v7-m/nofp\libg.a(lib_a-svfprintf.o)
 .rodata.zeroes.0
                0x0800a8bc       0x10 c:/progra~2/gnuarm~1/102020~1/bin/../lib/gcc/arm-none-eabi/10.2.1/../../../../arm-none-eabi/lib/thumb/v7-m/nofp\libg.a(lib_a-svfprintf.o)
 .rodata._dtoa_r.str1.4
                0x0800a8cc       0xa1 c:/progra~2/gnuarm~1/102020~1/bin/../lib/gcc/arm-none-eabi/10.2.1/../../../../arm-none-eabi/lib/thumb/v7-m/nofp\libg.a(lib_a-dtoa.o)
                                 0xa5 (size before relaxing)
 *fill*         0x0800a96d        0x3 
 .rodata.__multadd.str1.4
                0x0800a970       0x7e c:/progra~2/gnuarm~1/102020~1/bin/../lib/gcc/arm-none-eabi/10.2.1/../../../../arm-none-eabi/lib/thumb/v7-m/nofp\libg.a(lib_a-mprec.o)
                                 0x92 (size before relaxing)
 *fill*         0x0800a9ee        0x2 
 .rodata.__mprec_bigtens
                0x0800a9f0       0x28 c:/progra~2/gnuarm~1/102020~1/bin/../lib/gcc/arm-none-eabi/10.2.1/../../../../arm-none-eabi/lib/thumb/v7-m/nofp\libg.a(lib_a-mprec.o)
                0x0800a9f0                __mprec_bigtens
 .rodata.__mprec_tens
                0x0800aa18       0xc8 c:/progra~2/gnuarm~1/102020~1/bin/../lib/gcc/arm-none-eabi/10.2.1/../../../../arm-none-eabi/lib/thumb/v7-m/nofp\libg.a(lib_a-mprec.o)
                0x0800aa18                __mprec_tens
 .rodata.p05.0  0x0800aae0        0xc c:/progra~2/gnuarm~1/102020~1/bin/../lib/gcc/arm-none-eabi/10.2.1/../../../../arm-none-eabi/lib/thumb/v7-m/nofp\libg.a(lib_a-mprec.o)
 .rodata.__assert_func.str1.4
                0x0800aaec       0x3f c:/progra~2/gnuarm~1/102020~1/bin/../lib/gcc/arm-none-eabi/10.2.1/../../../../arm-none-eabi/lib/thumb/v7-m/nofp\libg.a(lib_a-assert.o)
                                 0x43 (size before relaxing)
 *fill*         0x0800ab2b        0x1 
 .rodata._setlocale_r.str1.4
                0x0800ab2c        0xa c:/progra~2/gnuarm~1/102020~1/bin/../lib/gcc/arm-none-eabi/10.2.1/../../../../arm-none-eabi/lib/thumb/v7-m/nofp\libg.a(lib_a-locale.o)
                                  0xd (size before relaxing)
 *fill*         0x0800ab36        0x2 
 .rodata.str1.4
                0x0800ab38        0x2 c:/progra~2/gnuarm~1/102020~1/bin/../lib/gcc/arm-none-eabi/10.2.1/../../../../arm-none-eabi/lib/thumb/v7-m/nofp\libg.a(lib_a-locale.o)
 .rodata._vfiprintf_r.str1.4
                0x0800ab3a       0x2f c:/progra~2/gnuarm~1/102020~1/bin/../lib/gcc/arm-none-eabi/10.2.1/../../../../arm-none-eabi/lib/thumb/v7-m/nofp\libg.a(lib_a-vfiprintf.o)
 *fill*         0x0800ab3a        0x2 
 .rodata.blanks.1
                0x0800ab3c       0x10 c:/progra~2/gnuarm~1/102020~1/bin/../lib/gcc/arm-none-eabi/10.2.1/../../../../arm-none-eabi/lib/thumb/v7-m/nofp\libg.a(lib_a-vfiprintf.o)
 .rodata.zeroes.0
                0x0800ab4c       0x10 c:/progra~2/gnuarm~1/102020~1/bin/../lib/gcc/arm-none-eabi/10.2.1/../../../../arm-none-eabi/lib/thumb/v7-m/nofp\libg.a(lib_a-vfiprintf.o)
 .rodata._ctype_
                0x0800ab5c      0x101 c:/progra~2/gnuarm~1/102020~1/bin/../lib/gcc/arm-none-eabi/10.2.1/../../../../arm-none-eabi/lib/thumb/v7-m/nofp\libg.a(lib_a-ctype_.o)
                0x0800ab5c                _ctype_
 .rodata.log.str1.4
                0x0800ac5d        0x1 c:/progra~2/gnuarm~1/102020~1/bin/../lib/gcc/arm-none-eabi/10.2.1/../../../../arm-none-eabi/lib/thumb/v7-m/nofp\libm.a(lib_a-w_log.o)
                0x0800ac60                . = ALIGN (0x4)
 *fill*         0x0800ac5d        0x3 

.ARM.extab
 *(.ARM.extab* .gnu.linkonce.armextab.*)

.ARM            0x0800ac60        0x8
                0x0800ac60                __exidx_start = .
 *(.ARM.exidx*)
 .ARM.exidx     0x0800ac60        0x8 c:/progra~2/gnuarm~1/102020~1/bin/../lib/gcc/arm-none-eabi/10.2.1/thumb/v7-m/nofp\libgcc.a(_udivmoddi4.o)
                0x0800ac68                __exidx_end = .

.rel.dyn        0x0800ac68        0x0
 .rel.iplt      0x0800ac68        0x0 c:/progra~2/gnuarm~1/102020~1/bin/../lib/gcc/arm-none-eabi/10.2.1/thumb/v7-m/nofp/crtbegin.o

.preinit_array  0x0800ac68        0x0
                0x0800ac68                PROVIDE (__preinit_array_start = .)
 *(.preinit_array*)
                0x0800ac68                PROVIDE (__preinit_array_end = .)

.init_array     0x0800ac68        0x8
                0x0800ac68                PROVIDE (__init_array_start = .)
 *(SORT_BY_NAME(.init_array.*))
 .init_array.00000
                0x0800ac68        0x4 c:/progra~2/gnuarm~1/102020~1/bin/../lib/gcc/arm-none-eabi/10.2.1/../../../../arm-none-eabi/lib/thumb/v7-m/nofp\libg.a(lib_a-__call_atexit.o)
 *(.init_array*)
 .init_array    0x0800ac6c        0x4 c:/progra~2/gnuarm~1/102020~1/bin/../lib/gcc/arm-none-eabi/10.2.1/thumb/v7-m/nofp/crtbegin.o
                0x0800ac70                PROVIDE (__init_array_end = .)

.fini_array     0x0800ac70        0x4
                0x0800ac70                PROVIDE (__fini_array_start = .)
 *(SORT_BY_NAME(.fini_array.*))
 *(.fini_array*)
 .fini_array    0x0800ac70        0x4 c:/progra~2/gnuarm~1/102020~1/bin/../lib/gcc/arm-none-eabi/10.2.1/thumb/v7-m/nofp/crtbegin.o
                0x0800ac74                PROVIDE (__fini_array_end = .)
                0x0800ac74                _sidata = LOADADDR (.data)

.data           0x20000000      0x9bc load address 0x0800ac74
                0x20000000                . = ALIGN (0x4)
                0x20000000                _sdata = .
 *(.data)
 *(.data*)
 .data.SystemCoreClock
                0x20000000        0x4 CMakeFiles/discoTest.elf.dir/Core/Src/system_stm32f1xx.c.obj
                0x20000000                SystemCoreClock
 .data.uwTickFreq
                0x20000004        0x1 CMakeFiles/discoTest.elf.dir/Drivers/STM32F1xx_HAL_Driver/Src/stm32f1xx_hal.c.obj
                0x20000004                uwTickFreq
 *fill*         0x20000005        0x3 
 .data.uwTickPrio
                0x20000008        0x4 CMakeFiles/discoTest.elf.dir/Drivers/STM32F1xx_HAL_Driver/Src/stm32f1xx_hal.c.obj
                0x20000008                uwTickPrio
 .data._impure_ptr
                0x2000000c        0x4 c:/progra~2/gnuarm~1/102020~1/bin/../lib/gcc/arm-none-eabi/10.2.1/../../../../arm-none-eabi/lib/thumb/v7-m/nofp\libg.a(lib_a-impure.o)
                0x2000000c                _impure_ptr
 .data.impure_data
                0x20000010      0x428 c:/progra~2/gnuarm~1/102020~1/bin/../lib/gcc/arm-none-eabi/10.2.1/../../../../arm-none-eabi/lib/thumb/v7-m/nofp\libg.a(lib_a-impure.o)
 .data.__atexit_recursive_mutex
                0x20000438        0x4 c:/progra~2/gnuarm~1/102020~1/bin/../lib/gcc/arm-none-eabi/10.2.1/../../../../arm-none-eabi/lib/thumb/v7-m/nofp\libg.a(lib_a-__call_atexit.o)
                0x20000438                __atexit_recursive_mutex
 .data.__malloc_av_
                0x2000043c      0x408 c:/progra~2/gnuarm~1/102020~1/bin/../lib/gcc/arm-none-eabi/10.2.1/../../../../arm-none-eabi/lib/thumb/v7-m/nofp\libg.a(lib_a-mallocr.o)
                0x2000043c                __malloc_av_
 .data.__malloc_sbrk_base
                0x20000844        0x4 c:/progra~2/gnuarm~1/102020~1/bin/../lib/gcc/arm-none-eabi/10.2.1/../../../../arm-none-eabi/lib/thumb/v7-m/nofp\libg.a(lib_a-mallocr.o)
                0x20000844                __malloc_sbrk_base
 .data.__malloc_trim_threshold
                0x20000848        0x4 c:/progra~2/gnuarm~1/102020~1/bin/../lib/gcc/arm-none-eabi/10.2.1/../../../../arm-none-eabi/lib/thumb/v7-m/nofp\libg.a(lib_a-mallocr.o)
                0x20000848                __malloc_trim_threshold
 .data.__global_locale
                0x2000084c      0x16c c:/progra~2/gnuarm~1/102020~1/bin/../lib/gcc/arm-none-eabi/10.2.1/../../../../arm-none-eabi/lib/thumb/v7-m/nofp\libg.a(lib_a-locale.o)
                0x2000084c                __global_locale
 .data.__fdlib_version
                0x200009b8        0x1 c:/progra~2/gnuarm~1/102020~1/bin/../lib/gcc/arm-none-eabi/10.2.1/../../../../arm-none-eabi/lib/thumb/v7-m/nofp\libm.a(lib_a-s_lib_ver.o)
                0x200009b8                __fdlib_version
                0x200009bc                . = ALIGN (0x4)
 *fill*         0x200009b9        0x3 
                0x200009bc                _edata = .

.igot.plt       0x200009bc        0x0 load address 0x0800b630
 .igot.plt      0x200009bc        0x0 c:/progra~2/gnuarm~1/102020~1/bin/../lib/gcc/arm-none-eabi/10.2.1/thumb/v7-m/nofp/crtbegin.o
                0x200009bc                . = ALIGN (0x4)

.bss            0x200009bc      0x51c load address 0x0800b630
                0x200009bc                _sbss = .
                0x200009bc                __bss_start__ = _sbss
 *(.bss)
 .bss           0x200009bc       0x1c c:/progra~2/gnuarm~1/102020~1/bin/../lib/gcc/arm-none-eabi/10.2.1/thumb/v7-m/nofp/crtbegin.o
 *(.bss*)
 .bss.hadc1     0x200009d8       0x30 CMakeFiles/discoTest.elf.dir/Core/Src/main.c.obj
                0x200009d8                hadc1
 .bss.OLED_GRAM
                0x20000a08      0x480 CMakeFiles/discoTest.elf.dir/Core/Src/oled.c.obj
                0x20000a08                OLED_GRAM
 .bss.heap_end.0
                0x20000e88        0x4 CMakeFiles/discoTest.elf.dir/Core/Src/syscalls.c.obj
 .bss.uwTick    0x20000e8c        0x4 CMakeFiles/discoTest.elf.dir/Drivers/STM32F1xx_HAL_Driver/Src/stm32f1xx_hal.c.obj
                0x20000e8c                uwTick
 .bss.__lock___atexit_recursive_mutex
                0x20000e90        0x1 c:/progra~2/gnuarm~1/102020~1/bin/../lib/gcc/arm-none-eabi/10.2.1/../../../../arm-none-eabi/lib/thumb/v7-m/nofp\libg.a(lib_a-lock.o)
                0x20000e90                __lock___atexit_recursive_mutex
 *fill*         0x20000e91        0x3 
 .bss.__lock___malloc_recursive_mutex
                0x20000e94        0x1 c:/progra~2/gnuarm~1/102020~1/bin/../lib/gcc/arm-none-eabi/10.2.1/../../../../arm-none-eabi/lib/thumb/v7-m/nofp\libg.a(lib_a-lock.o)
                0x20000e94                __lock___malloc_recursive_mutex
 *fill*         0x20000e95        0x3 
 .bss.__lock___sfp_recursive_mutex
                0x20000e98        0x1 c:/progra~2/gnuarm~1/102020~1/bin/../lib/gcc/arm-none-eabi/10.2.1/../../../../arm-none-eabi/lib/thumb/v7-m/nofp\libg.a(lib_a-lock.o)
                0x20000e98                __lock___sfp_recursive_mutex
 *fill*         0x20000e99        0x3 
 .bss.__lock___sinit_recursive_mutex
                0x20000e9c        0x1 c:/progra~2/gnuarm~1/102020~1/bin/../lib/gcc/arm-none-eabi/10.2.1/../../../../arm-none-eabi/lib/thumb/v7-m/nofp\libg.a(lib_a-lock.o)
                0x20000e9c                __lock___sinit_recursive_mutex
 *fill*         0x20000e9d        0x3 
 .bss.__malloc_current_mallinfo
                0x20000ea0       0x28 c:/progra~2/gnuarm~1/102020~1/bin/../lib/gcc/arm-none-eabi/10.2.1/../../../../arm-none-eabi/lib/thumb/v7-m/nofp\libg.a(lib_a-mallocr.o)
                0x20000ea0                __malloc_current_mallinfo
 .bss.__malloc_max_sbrked_mem
                0x20000ec8        0x4 c:/progra~2/gnuarm~1/102020~1/bin/../lib/gcc/arm-none-eabi/10.2.1/../../../../arm-none-eabi/lib/thumb/v7-m/nofp\libg.a(lib_a-mallocr.o)
                0x20000ec8                __malloc_max_sbrked_mem
 .bss.__malloc_max_total_mem
                0x20000ecc        0x4 c:/progra~2/gnuarm~1/102020~1/bin/../lib/gcc/arm-none-eabi/10.2.1/../../../../arm-none-eabi/lib/thumb/v7-m/nofp\libg.a(lib_a-mallocr.o)
                0x20000ecc                __malloc_max_total_mem
 .bss.__malloc_top_pad
                0x20000ed0        0x4 c:/progra~2/gnuarm~1/102020~1/bin/../lib/gcc/arm-none-eabi/10.2.1/../../../../arm-none-eabi/lib/thumb/v7-m/nofp\libg.a(lib_a-mallocr.o)
                0x20000ed0                __malloc_top_pad
 .bss.errno     0x20000ed4        0x4 c:/progra~2/gnuarm~1/102020~1/bin/../lib/gcc/arm-none-eabi/10.2.1/../../../../arm-none-eabi/lib/thumb/v7-m/nofp\libg.a(lib_a-reent.o)
                0x20000ed4                errno
 *(COMMON)
                0x20000ed8                . = ALIGN (0x4)
                0x20000ed8                _ebss = .
                0x20000ed8                __bss_end__ = _ebss

._user_heap_stack
                0x20000ed8      0x600 load address 0x0800b630
                0x20000ed8                . = ALIGN (0x8)
                0x20000ed8                PROVIDE (end = .)
                [!provide]                PROVIDE (_end = .)
                0x200010d8                . = (. + _Min_Heap_Size)
 *fill*         0x20000ed8      0x200 
                0x200014d8                . = (. + _Min_Stack_Size)
 *fill*         0x200010d8      0x400 
                0x200014d8                . = ALIGN (0x8)

/DISCARD/
 libc.a(*)
 libm.a(*)
 libgcc.a(*)

.ARM.attributes
                0x00000000       0x29
 *(.ARM.attributes)
 .ARM.attributes
                0x00000000       0x1d c:/progra~2/gnuarm~1/102020~1/bin/../lib/gcc/arm-none-eabi/10.2.1/thumb/v7-m/nofp/crti.o
 .ARM.attributes
                0x0000001d       0x2d c:/progra~2/gnuarm~1/102020~1/bin/../lib/gcc/arm-none-eabi/10.2.1/thumb/v7-m/nofp/crtbegin.o
 .ARM.attributes
                0x0000004a       0x2d CMakeFiles/discoTest.elf.dir/Core/Src/main.c.obj
 .ARM.attributes
                0x00000077       0x2d CMakeFiles/discoTest.elf.dir/Core/Src/oled.c.obj
 .ARM.attributes
                0x000000a4       0x2d CMakeFiles/discoTest.elf.dir/Core/Src/stm32f1xx_hal_msp.c.obj
 .ARM.attributes
                0x000000d1       0x2d CMakeFiles/discoTest.elf.dir/Core/Src/stm32f1xx_it.c.obj
 .ARM.attributes
                0x000000fe       0x2d CMakeFiles/discoTest.elf.dir/Core/Src/syscalls.c.obj
 .ARM.attributes
                0x0000012b       0x2d CMakeFiles/discoTest.elf.dir/Core/Src/system_stm32f1xx.c.obj
 .ARM.attributes
                0x00000158       0x2d CMakeFiles/discoTest.elf.dir/Drivers/STM32F1xx_HAL_Driver/Src/stm32f1xx_hal.c.obj
 .ARM.attributes
                0x00000185       0x2d CMakeFiles/discoTest.elf.dir/Drivers/STM32F1xx_HAL_Driver/Src/stm32f1xx_hal_adc.c.obj
 .ARM.attributes
                0x000001b2       0x2d CMakeFiles/discoTest.elf.dir/Drivers/STM32F1xx_HAL_Driver/Src/stm32f1xx_hal_cortex.c.obj
 .ARM.attributes
                0x000001df       0x2d CMakeFiles/discoTest.elf.dir/Drivers/STM32F1xx_HAL_Driver/Src/stm32f1xx_hal_gpio.c.obj
 .ARM.attributes
                0x0000020c       0x2d CMakeFiles/discoTest.elf.dir/Drivers/STM32F1xx_HAL_Driver/Src/stm32f1xx_hal_rcc.c.obj
 .ARM.attributes
                0x00000239       0x2d CMakeFiles/discoTest.elf.dir/Drivers/STM32F1xx_HAL_Driver/Src/stm32f1xx_hal_rcc_ex.c.obj
 .ARM.attributes
                0x00000266       0x21 CMakeFiles/discoTest.elf.dir/startup/startup_stm32f103xb.s.obj
 .ARM.attributes
                0x00000287       0x1d c:/progra~2/gnuarm~1/102020~1/bin/../lib/gcc/arm-none-eabi/10.2.1/thumb/v7-m/nofp\libgcc.a(_arm_addsubdf3.o)
 .ARM.attributes
                0x000002a4       0x1d c:/progra~2/gnuarm~1/102020~1/bin/../lib/gcc/arm-none-eabi/10.2.1/thumb/v7-m/nofp\libgcc.a(_arm_muldivdf3.o)
 .ARM.attributes
                0x000002c1       0x1d c:/progra~2/gnuarm~1/102020~1/bin/../lib/gcc/arm-none-eabi/10.2.1/thumb/v7-m/nofp\libgcc.a(_arm_truncdfsf2.o)
 .ARM.attributes
                0x000002de       0x1d c:/progra~2/gnuarm~1/102020~1/bin/../lib/gcc/arm-none-eabi/10.2.1/thumb/v7-m/nofp\libgcc.a(_arm_addsubsf3.o)
 .ARM.attributes
                0x000002fb       0x1d c:/progra~2/gnuarm~1/102020~1/bin/../lib/gcc/arm-none-eabi/10.2.1/thumb/v7-m/nofp\libgcc.a(_arm_muldivsf3.o)
 .ARM.attributes
                0x00000318       0x2d c:/progra~2/gnuarm~1/102020~1/bin/../lib/gcc/arm-none-eabi/10.2.1/../../../../arm-none-eabi/lib/thumb/v7-m/nofp\libg.a(lib_a-errno.o)
 .ARM.attributes
                0x00000345       0x2d c:/progra~2/gnuarm~1/102020~1/bin/../lib/gcc/arm-none-eabi/10.2.1/../../../../arm-none-eabi/lib/thumb/v7-m/nofp\libg.a(lib_a-impure.o)
 .ARM.attributes
                0x00000372       0x2d c:/progra~2/gnuarm~1/102020~1/bin/../lib/gcc/arm-none-eabi/10.2.1/../../../../arm-none-eabi/lib/thumb/v7-m/nofp\libg.a(lib_a-init.o)
 .ARM.attributes
                0x0000039f       0x2d c:/progra~2/gnuarm~1/102020~1/bin/../lib/gcc/arm-none-eabi/10.2.1/../../../../arm-none-eabi/lib/thumb/v7-m/nofp\libg.a(lib_a-memset.o)
 .ARM.attributes
                0x000003cc       0x2d c:/progra~2/gnuarm~1/102020~1/bin/../lib/gcc/arm-none-eabi/10.2.1/../../../../arm-none-eabi/lib/thumb/v7-m/nofp\libg.a(lib_a-sprintf.o)
 .ARM.attributes
                0x000003f9       0x2d c:/progra~2/gnuarm~1/102020~1/bin/../lib/gcc/arm-none-eabi/10.2.1/../../../../arm-none-eabi/lib/thumb/v7-m/nofp\libg.a(lib_a-svfprintf.o)
 .ARM.attributes
                0x00000426       0x2d c:/progra~2/gnuarm~1/102020~1/bin/../lib/gcc/arm-none-eabi/10.2.1/../../../../arm-none-eabi/lib/thumb/v7-m/nofp\libg.a(lib_a-__call_atexit.o)
 .ARM.attributes
                0x00000453       0x2d c:/progra~2/gnuarm~1/102020~1/bin/../lib/gcc/arm-none-eabi/10.2.1/../../../../arm-none-eabi/lib/thumb/v7-m/nofp\libg.a(lib_a-atexit.o)
 .ARM.attributes
                0x00000480       0x2d c:/progra~2/gnuarm~1/102020~1/bin/../lib/gcc/arm-none-eabi/10.2.1/../../../../arm-none-eabi/lib/thumb/v7-m/nofp\libg.a(lib_a-dtoa.o)
 .ARM.attributes
                0x000004ad       0x2d c:/progra~2/gnuarm~1/102020~1/bin/../lib/gcc/arm-none-eabi/10.2.1/../../../../arm-none-eabi/lib/thumb/v7-m/nofp\libg.a(lib_a-fini.o)
 .ARM.attributes
                0x000004da       0x2d c:/progra~2/gnuarm~1/102020~1/bin/../lib/gcc/arm-none-eabi/10.2.1/../../../../arm-none-eabi/lib/thumb/v7-m/nofp\libg.a(lib_a-freer.o)
 .ARM.attributes
                0x00000507       0x2d c:/progra~2/gnuarm~1/102020~1/bin/../lib/gcc/arm-none-eabi/10.2.1/../../../../arm-none-eabi/lib/thumb/v7-m/nofp\libg.a(lib_a-localeconv.o)
 .ARM.attributes
                0x00000534       0x2d c:/progra~2/gnuarm~1/102020~1/bin/../lib/gcc/arm-none-eabi/10.2.1/../../../../arm-none-eabi/lib/thumb/v7-m/nofp\libg.a(lib_a-lock.o)
 .ARM.attributes
                0x00000561       0x2d c:/progra~2/gnuarm~1/102020~1/bin/../lib/gcc/arm-none-eabi/10.2.1/../../../../arm-none-eabi/lib/thumb/v7-m/nofp\libg.a(lib_a-mallocr.o)
 .ARM.attributes
                0x0000058e       0x2d c:/progra~2/gnuarm~1/102020~1/bin/../lib/gcc/arm-none-eabi/10.2.1/../../../../arm-none-eabi/lib/thumb/v7-m/nofp\libg.a(lib_a-memchr-stub.o)
 .ARM.attributes
                0x000005bb       0x1b c:/progra~2/gnuarm~1/102020~1/bin/../lib/gcc/arm-none-eabi/10.2.1/../../../../arm-none-eabi/lib/thumb/v7-m/nofp\libg.a(lib_a-memcpy.o)
 .ARM.attributes
                0x000005d6       0x2d c:/progra~2/gnuarm~1/102020~1/bin/../lib/gcc/arm-none-eabi/10.2.1/../../../../arm-none-eabi/lib/thumb/v7-m/nofp\libg.a(lib_a-mlock.o)
 .ARM.attributes
                0x00000603       0x2d c:/progra~2/gnuarm~1/102020~1/bin/../lib/gcc/arm-none-eabi/10.2.1/../../../../arm-none-eabi/lib/thumb/v7-m/nofp\libg.a(lib_a-mprec.o)
 .ARM.attributes
                0x00000630       0x2d c:/progra~2/gnuarm~1/102020~1/bin/../lib/gcc/arm-none-eabi/10.2.1/../../../../arm-none-eabi/lib/thumb/v7-m/nofp\libg.a(lib_a-s_frexp.o)
 .ARM.attributes
                0x0000065d       0x2d c:/progra~2/gnuarm~1/102020~1/bin/../lib/gcc/arm-none-eabi/10.2.1/../../../../arm-none-eabi/lib/thumb/v7-m/nofp\libg.a(lib_a-sbrkr.o)
 .ARM.attributes
                0x0000068a       0x2d c:/progra~2/gnuarm~1/102020~1/bin/../lib/gcc/arm-none-eabi/10.2.1/../../../../arm-none-eabi/lib/thumb/v7-m/nofp\libg.a(lib_a-strlen-stub.o)
 .ARM.attributes
                0x000006b7       0x2d c:/progra~2/gnuarm~1/102020~1/bin/../lib/gcc/arm-none-eabi/10.2.1/../../../../arm-none-eabi/lib/thumb/v7-m/nofp\libg.a(lib_a-strncpy.o)
 .ARM.attributes
                0x000006e4       0x2d c:/progra~2/gnuarm~1/102020~1/bin/../lib/gcc/arm-none-eabi/10.2.1/../../../../arm-none-eabi/lib/thumb/v7-m/nofp\libg.a(lib_a-svfiprintf.o)
 .ARM.attributes
                0x00000711       0x2d c:/progra~2/gnuarm~1/102020~1/bin/../lib/gcc/arm-none-eabi/10.2.1/../../../../arm-none-eabi/lib/thumb/v7-m/nofp\libg.a(lib_a-__atexit.o)
 .ARM.attributes
                0x0000073e       0x2d c:/progra~2/gnuarm~1/102020~1/bin/../lib/gcc/arm-none-eabi/10.2.1/../../../../arm-none-eabi/lib/thumb/v7-m/nofp\libg.a(lib_a-assert.o)
 .ARM.attributes
                0x0000076b       0x2d c:/progra~2/gnuarm~1/102020~1/bin/../lib/gcc/arm-none-eabi/10.2.1/../../../../arm-none-eabi/lib/thumb/v7-m/nofp\libg.a(lib_a-callocr.o)
 .ARM.attributes
                0x00000798       0x2d c:/progra~2/gnuarm~1/102020~1/bin/../lib/gcc/arm-none-eabi/10.2.1/../../../../arm-none-eabi/lib/thumb/v7-m/nofp\libg.a(lib_a-fiprintf.o)
 .ARM.attributes
                0x000007c5       0x2d c:/progra~2/gnuarm~1/102020~1/bin/../lib/gcc/arm-none-eabi/10.2.1/../../../../arm-none-eabi/lib/thumb/v7-m/nofp\libg.a(lib_a-locale.o)
 .ARM.attributes
                0x000007f2       0x2d c:/progra~2/gnuarm~1/102020~1/bin/../lib/gcc/arm-none-eabi/10.2.1/../../../../arm-none-eabi/lib/thumb/v7-m/nofp\libg.a(lib_a-mbtowc_r.o)
 .ARM.attributes
                0x0000081f       0x2d c:/progra~2/gnuarm~1/102020~1/bin/../lib/gcc/arm-none-eabi/10.2.1/../../../../arm-none-eabi/lib/thumb/v7-m/nofp\libg.a(lib_a-memmove.o)
 .ARM.attributes
                0x0000084c       0x2d c:/progra~2/gnuarm~1/102020~1/bin/../lib/gcc/arm-none-eabi/10.2.1/../../../../arm-none-eabi/lib/thumb/v7-m/nofp\libg.a(lib_a-reallocr.o)
 .ARM.attributes
                0x00000879       0x2d c:/progra~2/gnuarm~1/102020~1/bin/../lib/gcc/arm-none-eabi/10.2.1/../../../../arm-none-eabi/lib/thumb/v7-m/nofp\libg.a(lib_a-reent.o)
 .ARM.attributes
                0x000008a6       0x2d c:/progra~2/gnuarm~1/102020~1/bin/../lib/gcc/arm-none-eabi/10.2.1/../../../../arm-none-eabi/lib/thumb/v7-m/nofp\libg.a(lib_a-vfiprintf.o)
 .ARM.attributes
                0x000008d3       0x2d c:/progra~2/gnuarm~1/102020~1/bin/../lib/gcc/arm-none-eabi/10.2.1/../../../../arm-none-eabi/lib/thumb/v7-m/nofp\libg.a(lib_a-wctomb_r.o)
 .ARM.attributes
                0x00000900       0x2d c:/progra~2/gnuarm~1/102020~1/bin/../lib/gcc/arm-none-eabi/10.2.1/../../../../arm-none-eabi/lib/thumb/v7-m/nofp\libg.a(lib_a-wsetup.o)
 .ARM.attributes
                0x0000092d       0x2d c:/progra~2/gnuarm~1/102020~1/bin/../lib/gcc/arm-none-eabi/10.2.1/../../../../arm-none-eabi/lib/thumb/v7-m/nofp\libg.a(lib_a-abort.o)
 .ARM.attributes
                0x0000095a       0x2d c:/progra~2/gnuarm~1/102020~1/bin/../lib/gcc/arm-none-eabi/10.2.1/../../../../arm-none-eabi/lib/thumb/v7-m/nofp\libg.a(lib_a-ctype_.o)
 .ARM.attributes
                0x00000987       0x2d c:/progra~2/gnuarm~1/102020~1/bin/../lib/gcc/arm-none-eabi/10.2.1/../../../../arm-none-eabi/lib/thumb/v7-m/nofp\libg.a(lib_a-fflush.o)
 .ARM.attributes
                0x000009b4       0x2d c:/progra~2/gnuarm~1/102020~1/bin/../lib/gcc/arm-none-eabi/10.2.1/../../../../arm-none-eabi/lib/thumb/v7-m/nofp\libg.a(lib_a-findfp.o)
 .ARM.attributes
                0x000009e1       0x2d c:/progra~2/gnuarm~1/102020~1/bin/../lib/gcc/arm-none-eabi/10.2.1/../../../../arm-none-eabi/lib/thumb/v7-m/nofp\libg.a(lib_a-fputwc.o)
 .ARM.attributes
                0x00000a0e       0x2d c:/progra~2/gnuarm~1/102020~1/bin/../lib/gcc/arm-none-eabi/10.2.1/../../../../arm-none-eabi/lib/thumb/v7-m/nofp\libg.a(lib_a-fvwrite.o)
 .ARM.attributes
                0x00000a3b       0x2d c:/progra~2/gnuarm~1/102020~1/bin/../lib/gcc/arm-none-eabi/10.2.1/../../../../arm-none-eabi/lib/thumb/v7-m/nofp\libg.a(lib_a-fwalk.o)
 .ARM.attributes
                0x00000a68       0x2d c:/progra~2/gnuarm~1/102020~1/bin/../lib/gcc/arm-none-eabi/10.2.1/../../../../arm-none-eabi/lib/thumb/v7-m/nofp\libg.a(lib_a-makebuf.o)
 .ARM.attributes
                0x00000a95       0x2d c:/progra~2/gnuarm~1/102020~1/bin/../lib/gcc/arm-none-eabi/10.2.1/../../../../arm-none-eabi/lib/thumb/v7-m/nofp\libg.a(lib_a-signal.o)
 .ARM.attributes
                0x00000ac2       0x2d c:/progra~2/gnuarm~1/102020~1/bin/../lib/gcc/arm-none-eabi/10.2.1/../../../../arm-none-eabi/lib/thumb/v7-m/nofp\libg.a(lib_a-signalr.o)
 .ARM.attributes
                0x00000aef       0x2d c:/progra~2/gnuarm~1/102020~1/bin/../lib/gcc/arm-none-eabi/10.2.1/../../../../arm-none-eabi/lib/thumb/v7-m/nofp\libg.a(lib_a-stdio.o)
 .ARM.attributes
                0x00000b1c       0x2d c:/progra~2/gnuarm~1/102020~1/bin/../lib/gcc/arm-none-eabi/10.2.1/../../../../arm-none-eabi/lib/thumb/v7-m/nofp\libg.a(lib_a-wbuf.o)
 .ARM.attributes
                0x00000b49       0x2d c:/progra~2/gnuarm~1/102020~1/bin/../lib/gcc/arm-none-eabi/10.2.1/../../../../arm-none-eabi/lib/thumb/v7-m/nofp\libg.a(lib_a-wcrtomb.o)
 .ARM.attributes
                0x00000b76       0x2d c:/progra~2/gnuarm~1/102020~1/bin/../lib/gcc/arm-none-eabi/10.2.1/../../../../arm-none-eabi/lib/thumb/v7-m/nofp\libg.a(lib_a-writer.o)
 .ARM.attributes
                0x00000ba3       0x2d c:/progra~2/gnuarm~1/102020~1/bin/../lib/gcc/arm-none-eabi/10.2.1/../../../../arm-none-eabi/lib/thumb/v7-m/nofp\libg.a(lib_a-closer.o)
 .ARM.attributes
                0x00000bd0       0x2d c:/progra~2/gnuarm~1/102020~1/bin/../lib/gcc/arm-none-eabi/10.2.1/../../../../arm-none-eabi/lib/thumb/v7-m/nofp\libg.a(lib_a-fclose.o)
 .ARM.attributes
                0x00000bfd       0x2d c:/progra~2/gnuarm~1/102020~1/bin/../lib/gcc/arm-none-eabi/10.2.1/../../../../arm-none-eabi/lib/thumb/v7-m/nofp\libg.a(lib_a-fstatr.o)
 .ARM.attributes
                0x00000c2a       0x2d c:/progra~2/gnuarm~1/102020~1/bin/../lib/gcc/arm-none-eabi/10.2.1/../../../../arm-none-eabi/lib/thumb/v7-m/nofp\libg.a(lib_a-isattyr.o)
 .ARM.attributes
                0x00000c57       0x2d c:/progra~2/gnuarm~1/102020~1/bin/../lib/gcc/arm-none-eabi/10.2.1/../../../../arm-none-eabi/lib/thumb/v7-m/nofp\libg.a(lib_a-lseekr.o)
 .ARM.attributes
                0x00000c84       0x2d c:/progra~2/gnuarm~1/102020~1/bin/../lib/gcc/arm-none-eabi/10.2.1/../../../../arm-none-eabi/lib/thumb/v7-m/nofp\libg.a(lib_a-readr.o)
 .ARM.attributes
                0x00000cb1       0x1d c:/progra~2/gnuarm~1/102020~1/bin/../lib/gcc/arm-none-eabi/10.2.1/thumb/v7-m/nofp\libgcc.a(_arm_cmpdf2.o)
 .ARM.attributes
                0x00000cce       0x1d c:/progra~2/gnuarm~1/102020~1/bin/../lib/gcc/arm-none-eabi/10.2.1/thumb/v7-m/nofp\libgcc.a(_arm_unorddf2.o)
 .ARM.attributes
                0x00000ceb       0x1d c:/progra~2/gnuarm~1/102020~1/bin/../lib/gcc/arm-none-eabi/10.2.1/thumb/v7-m/nofp\libgcc.a(_arm_fixdfsi.o)
 .ARM.attributes
                0x00000d08       0x1d c:/progra~2/gnuarm~1/102020~1/bin/../lib/gcc/arm-none-eabi/10.2.1/thumb/v7-m/nofp\libgcc.a(_aeabi_uldivmod.o)
 .ARM.attributes
                0x00000d25       0x2d c:/progra~2/gnuarm~1/102020~1/bin/../lib/gcc/arm-none-eabi/10.2.1/thumb/v7-m/nofp\libgcc.a(_udivmoddi4.o)
 .ARM.attributes
                0x00000d52       0x1d c:/progra~2/gnuarm~1/102020~1/bin/../lib/gcc/arm-none-eabi/10.2.1/thumb/v7-m/nofp\libgcc.a(_dvmd_tls.o)
 .ARM.attributes
                0x00000d6f       0x1d c:/progra~2/gnuarm~1/102020~1/bin/../lib/gcc/arm-none-eabi/10.2.1/thumb/v7-m/nofp/crtn.o
OUTPUT(discoTest.elf elf32-littlearm)
LOAD linker stubs
LOAD c:/progra~2/gnuarm~1/102020~1/bin/../lib/gcc/arm-none-eabi/10.2.1/../../../../arm-none-eabi/lib/thumb/v7-m/nofp\libc.a
LOAD c:/progra~2/gnuarm~1/102020~1/bin/../lib/gcc/arm-none-eabi/10.2.1/../../../../arm-none-eabi/lib/thumb/v7-m/nofp\libm.a
LOAD c:/progra~2/gnuarm~1/102020~1/bin/../lib/gcc/arm-none-eabi/10.2.1/thumb/v7-m/nofp\libgcc.a

.debug_info     0x00000000     0x70c0
 .debug_info    0x00000000      0xff1 CMakeFiles/discoTest.elf.dir/Core/Src/main.c.obj
 .debug_info    0x00000ff1     0x13a9 CMakeFiles/discoTest.elf.dir/Core/Src/oled.c.obj
 .debug_info    0x0000239a      0x82d CMakeFiles/discoTest.elf.dir/Core/Src/stm32f1xx_hal_msp.c.obj
 .debug_info    0x00002bc7      0x130 CMakeFiles/discoTest.elf.dir/Core/Src/stm32f1xx_it.c.obj
 .debug_info    0x00002cf7      0x835 CMakeFiles/discoTest.elf.dir/Core/Src/syscalls.c.obj
 .debug_info    0x0000352c      0x248 CMakeFiles/discoTest.elf.dir/Core/Src/system_stm32f1xx.c.obj
 .debug_info    0x00003774      0x7a8 CMakeFiles/discoTest.elf.dir/Drivers/STM32F1xx_HAL_Driver/Src/stm32f1xx_hal.c.obj
 .debug_info    0x00003f1c      0xf10 CMakeFiles/discoTest.elf.dir/Drivers/STM32F1xx_HAL_Driver/Src/stm32f1xx_hal_adc.c.obj
 .debug_info    0x00004e2c      0xd8a CMakeFiles/discoTest.elf.dir/Drivers/STM32F1xx_HAL_Driver/Src/stm32f1xx_hal_cortex.c.obj
 .debug_info    0x00005bb6      0x66f CMakeFiles/discoTest.elf.dir/Drivers/STM32F1xx_HAL_Driver/Src/stm32f1xx_hal_gpio.c.obj
 .debug_info    0x00006225      0xa36 CMakeFiles/discoTest.elf.dir/Drivers/STM32F1xx_HAL_Driver/Src/stm32f1xx_hal_rcc.c.obj
 .debug_info    0x00006c5b      0x443 CMakeFiles/discoTest.elf.dir/Drivers/STM32F1xx_HAL_Driver/Src/stm32f1xx_hal_rcc_ex.c.obj
 .debug_info    0x0000709e       0x22 CMakeFiles/discoTest.elf.dir/startup/startup_stm32f103xb.s.obj

.debug_abbrev   0x00000000     0x17e3
 .debug_abbrev  0x00000000      0x2dd CMakeFiles/discoTest.elf.dir/Core/Src/main.c.obj
 .debug_abbrev  0x000002dd      0x258 CMakeFiles/discoTest.elf.dir/Core/Src/oled.c.obj
 .debug_abbrev  0x00000535      0x1a3 CMakeFiles/discoTest.elf.dir/Core/Src/stm32f1xx_hal_msp.c.obj
 .debug_abbrev  0x000006d8       0x7e CMakeFiles/discoTest.elf.dir/Core/Src/stm32f1xx_it.c.obj
 .debug_abbrev  0x00000756      0x1da CMakeFiles/discoTest.elf.dir/Core/Src/syscalls.c.obj
 .debug_abbrev  0x00000930      0x13e CMakeFiles/discoTest.elf.dir/Core/Src/system_stm32f1xx.c.obj
 .debug_abbrev  0x00000a6e      0x1f4 CMakeFiles/discoTest.elf.dir/Drivers/STM32F1xx_HAL_Driver/Src/stm32f1xx_hal.c.obj
 .debug_abbrev  0x00000c62      0x1fc CMakeFiles/discoTest.elf.dir/Drivers/STM32F1xx_HAL_Driver/Src/stm32f1xx_hal_adc.c.obj
 .debug_abbrev  0x00000e5e      0x341 CMakeFiles/discoTest.elf.dir/Drivers/STM32F1xx_HAL_Driver/Src/stm32f1xx_hal_cortex.c.obj
 .debug_abbrev  0x0000119f      0x1e6 CMakeFiles/discoTest.elf.dir/Drivers/STM32F1xx_HAL_Driver/Src/stm32f1xx_hal_gpio.c.obj
 .debug_abbrev  0x00001385      0x27a CMakeFiles/discoTest.elf.dir/Drivers/STM32F1xx_HAL_Driver/Src/stm32f1xx_hal_rcc.c.obj
 .debug_abbrev  0x000015ff      0x1d2 CMakeFiles/discoTest.elf.dir/Drivers/STM32F1xx_HAL_Driver/Src/stm32f1xx_hal_rcc_ex.c.obj
 .debug_abbrev  0x000017d1       0x12 CMakeFiles/discoTest.elf.dir/startup/startup_stm32f103xb.s.obj

.debug_loc      0x00000000     0x395b
 .debug_loc     0x00000000      0x17b CMakeFiles/discoTest.elf.dir/Core/Src/main.c.obj
 .debug_loc     0x0000017b     0x1056 CMakeFiles/discoTest.elf.dir/Core/Src/oled.c.obj
 .debug_loc     0x000011d1       0x99 CMakeFiles/discoTest.elf.dir/Core/Src/stm32f1xx_hal_msp.c.obj
 .debug_loc     0x0000126a      0x436 CMakeFiles/discoTest.elf.dir/Core/Src/syscalls.c.obj
 .debug_loc     0x000016a0       0xff CMakeFiles/discoTest.elf.dir/Core/Src/system_stm32f1xx.c.obj
 .debug_loc     0x0000179f      0x141 CMakeFiles/discoTest.elf.dir/Drivers/STM32F1xx_HAL_Driver/Src/stm32f1xx_hal.c.obj
 .debug_loc     0x000018e0      0xad9 CMakeFiles/discoTest.elf.dir/Drivers/STM32F1xx_HAL_Driver/Src/stm32f1xx_hal_adc.c.obj
 .debug_loc     0x000023b9      0x71f CMakeFiles/discoTest.elf.dir/Drivers/STM32F1xx_HAL_Driver/Src/stm32f1xx_hal_cortex.c.obj
 .debug_loc     0x00002ad8      0x47d CMakeFiles/discoTest.elf.dir/Drivers/STM32F1xx_HAL_Driver/Src/stm32f1xx_hal_gpio.c.obj
 .debug_loc     0x00002f55      0x63e CMakeFiles/discoTest.elf.dir/Drivers/STM32F1xx_HAL_Driver/Src/stm32f1xx_hal_rcc.c.obj
 .debug_loc     0x00003593      0x3c8 CMakeFiles/discoTest.elf.dir/Drivers/STM32F1xx_HAL_Driver/Src/stm32f1xx_hal_rcc_ex.c.obj

.debug_aranges  0x00000000      0x608
 .debug_aranges
                0x00000000       0x48 CMakeFiles/discoTest.elf.dir/Core/Src/main.c.obj
 .debug_aranges
                0x00000048       0xb8 CMakeFiles/discoTest.elf.dir/Core/Src/oled.c.obj
 .debug_aranges
                0x00000100       0x30 CMakeFiles/discoTest.elf.dir/Core/Src/stm32f1xx_hal_msp.c.obj
 .debug_aranges
                0x00000130       0x60 CMakeFiles/discoTest.elf.dir/Core/Src/stm32f1xx_it.c.obj
 .debug_aranges
                0x00000190       0xb0 CMakeFiles/discoTest.elf.dir/Core/Src/syscalls.c.obj
 .debug_aranges
                0x00000240       0x28 CMakeFiles/discoTest.elf.dir/Core/Src/system_stm32f1xx.c.obj
 .debug_aranges
                0x00000268       0xe0 CMakeFiles/discoTest.elf.dir/Drivers/STM32F1xx_HAL_Driver/Src/stm32f1xx_hal.c.obj
 .debug_aranges
                0x00000348       0xf0 CMakeFiles/discoTest.elf.dir/Drivers/STM32F1xx_HAL_Driver/Src/stm32f1xx_hal_adc.c.obj
 .debug_aranges
                0x00000438       0x90 CMakeFiles/discoTest.elf.dir/Drivers/STM32F1xx_HAL_Driver/Src/stm32f1xx_hal_cortex.c.obj
 .debug_aranges
                0x000004c8       0x58 CMakeFiles/discoTest.elf.dir/Drivers/STM32F1xx_HAL_Driver/Src/stm32f1xx_hal_gpio.c.obj
 .debug_aranges
                0x00000520       0x90 CMakeFiles/discoTest.elf.dir/Drivers/STM32F1xx_HAL_Driver/Src/stm32f1xx_hal_rcc.c.obj
 .debug_aranges
                0x000005b0       0x30 CMakeFiles/discoTest.elf.dir/Drivers/STM32F1xx_HAL_Driver/Src/stm32f1xx_hal_rcc_ex.c.obj
 .debug_aranges
                0x000005e0       0x28 CMakeFiles/discoTest.elf.dir/startup/startup_stm32f103xb.s.obj

.debug_ranges   0x00000000      0x5d8
 .debug_ranges  0x00000000       0x38 CMakeFiles/discoTest.elf.dir/Core/Src/main.c.obj
 .debug_ranges  0x00000038       0xa8 CMakeFiles/discoTest.elf.dir/Core/Src/oled.c.obj
 .debug_ranges  0x000000e0       0x20 CMakeFiles/discoTest.elf.dir/Core/Src/stm32f1xx_hal_msp.c.obj
 .debug_ranges  0x00000100       0x50 CMakeFiles/discoTest.elf.dir/Core/Src/stm32f1xx_it.c.obj
 .debug_ranges  0x00000150       0xa0 CMakeFiles/discoTest.elf.dir/Core/Src/syscalls.c.obj
 .debug_ranges  0x000001f0       0x18 CMakeFiles/discoTest.elf.dir/Core/Src/system_stm32f1xx.c.obj
 .debug_ranges  0x00000208       0xd0 CMakeFiles/discoTest.elf.dir/Drivers/STM32F1xx_HAL_Driver/Src/stm32f1xx_hal.c.obj
 .debug_ranges  0x000002d8       0xe0 CMakeFiles/discoTest.elf.dir/Drivers/STM32F1xx_HAL_Driver/Src/stm32f1xx_hal_adc.c.obj
 .debug_ranges  0x000003b8       0xe0 CMakeFiles/discoTest.elf.dir/Drivers/STM32F1xx_HAL_Driver/Src/stm32f1xx_hal_cortex.c.obj
 .debug_ranges  0x00000498       0x48 CMakeFiles/discoTest.elf.dir/Drivers/STM32F1xx_HAL_Driver/Src/stm32f1xx_hal_gpio.c.obj
 .debug_ranges  0x000004e0       0xa0 CMakeFiles/discoTest.elf.dir/Drivers/STM32F1xx_HAL_Driver/Src/stm32f1xx_hal_rcc.c.obj
 .debug_ranges  0x00000580       0x38 CMakeFiles/discoTest.elf.dir/Drivers/STM32F1xx_HAL_Driver/Src/stm32f1xx_hal_rcc_ex.c.obj
 .debug_ranges  0x000005b8       0x20 CMakeFiles/discoTest.elf.dir/startup/startup_stm32f103xb.s.obj

.debug_line     0x00000000     0x50bd
 .debug_line    0x00000000      0x675 CMakeFiles/discoTest.elf.dir/Core/Src/main.c.obj
 .debug_line    0x00000675      0xc47 CMakeFiles/discoTest.elf.dir/Core/Src/oled.c.obj
 .debug_line    0x000012bc      0x2bc CMakeFiles/discoTest.elf.dir/Core/Src/stm32f1xx_hal_msp.c.obj
 .debug_line    0x00001578      0x1c5 CMakeFiles/discoTest.elf.dir/Core/Src/stm32f1xx_it.c.obj
 .debug_line    0x0000173d      0x44d CMakeFiles/discoTest.elf.dir/Core/Src/syscalls.c.obj
 .debug_line    0x00001b8a      0x24e CMakeFiles/discoTest.elf.dir/Core/Src/system_stm32f1xx.c.obj
 .debug_line    0x00001dd8      0x584 CMakeFiles/discoTest.elf.dir/Drivers/STM32F1xx_HAL_Driver/Src/stm32f1xx_hal.c.obj
 .debug_line    0x0000235c      0xf1b CMakeFiles/discoTest.elf.dir/Drivers/STM32F1xx_HAL_Driver/Src/stm32f1xx_hal_adc.c.obj
 .debug_line    0x00003277      0x668 CMakeFiles/discoTest.elf.dir/Drivers/STM32F1xx_HAL_Driver/Src/stm32f1xx_hal_cortex.c.obj
 .debug_line    0x000038df      0x612 CMakeFiles/discoTest.elf.dir/Drivers/STM32F1xx_HAL_Driver/Src/stm32f1xx_hal_gpio.c.obj
 .debug_line    0x00003ef1      0xc5b CMakeFiles/discoTest.elf.dir/Drivers/STM32F1xx_HAL_Driver/Src/stm32f1xx_hal_rcc.c.obj
 .debug_line    0x00004b4c      0x4cd CMakeFiles/discoTest.elf.dir/Drivers/STM32F1xx_HAL_Driver/Src/stm32f1xx_hal_rcc_ex.c.obj
 .debug_line    0x00005019       0xa4 CMakeFiles/discoTest.elf.dir/startup/startup_stm32f103xb.s.obj

.debug_str      0x00000000     0x20cd
 .debug_str     0x00000000      0x928 CMakeFiles/discoTest.elf.dir/Core/Src/main.c.obj
                                0x9ce (size before relaxing)
 .debug_str     0x00000928      0x194 CMakeFiles/discoTest.elf.dir/Core/Src/oled.c.obj
                                0x3d3 (size before relaxing)
 .debug_str     0x00000abc       0xb5 CMakeFiles/discoTest.elf.dir/Core/Src/stm32f1xx_hal_msp.c.obj
                                0x605 (size before relaxing)
 .debug_str     0x00000b71       0xdb CMakeFiles/discoTest.elf.dir/Core/Src/stm32f1xx_it.c.obj
                                0x268 (size before relaxing)
 .debug_str     0x00000c4c      0x26d CMakeFiles/discoTest.elf.dir/Core/Src/syscalls.c.obj
                                0x466 (size before relaxing)
 .debug_str     0x00000eb9       0xa2 CMakeFiles/discoTest.elf.dir/Core/Src/system_stm32f1xx.c.obj
                                0x29a (size before relaxing)
 .debug_str     0x00000f5b      0x60d CMakeFiles/discoTest.elf.dir/Drivers/STM32F1xx_HAL_Driver/Src/stm32f1xx_hal.c.obj
                                0x86a (size before relaxing)
 .debug_str     0x00001568      0x33f CMakeFiles/discoTest.elf.dir/Drivers/STM32F1xx_HAL_Driver/Src/stm32f1xx_hal_adc.c.obj
                                0x919 (size before relaxing)
 .debug_str     0x000018a7      0x3e9 CMakeFiles/discoTest.elf.dir/Drivers/STM32F1xx_HAL_Driver/Src/stm32f1xx_hal_cortex.c.obj
                                0x919 (size before relaxing)
 .debug_str     0x00001c90      0x139 CMakeFiles/discoTest.elf.dir/Drivers/STM32F1xx_HAL_Driver/Src/stm32f1xx_hal_gpio.c.obj
                                0x446 (size before relaxing)
 .debug_str     0x00001dc9      0x209 CMakeFiles/discoTest.elf.dir/Drivers/STM32F1xx_HAL_Driver/Src/stm32f1xx_hal_rcc.c.obj
                                0x671 (size before relaxing)
 .debug_str     0x00001fd2       0xa8 CMakeFiles/discoTest.elf.dir/Drivers/STM32F1xx_HAL_Driver/Src/stm32f1xx_hal_rcc_ex.c.obj
                                0x419 (size before relaxing)
 .debug_str     0x0000207a       0x53 CMakeFiles/discoTest.elf.dir/startup/startup_stm32f103xb.s.obj
                                 0x8c (size before relaxing)

.comment        0x00000000       0x4d
 .comment       0x00000000       0x4d CMakeFiles/discoTest.elf.dir/Core/Src/main.c.obj
                                 0x4e (size before relaxing)
 .comment       0x0000004d       0x4e CMakeFiles/discoTest.elf.dir/Core/Src/oled.c.obj
 .comment       0x0000004d       0x4e CMakeFiles/discoTest.elf.dir/Core/Src/stm32f1xx_hal_msp.c.obj
 .comment       0x0000004d       0x4e CMakeFiles/discoTest.elf.dir/Core/Src/stm32f1xx_it.c.obj
 .comment       0x0000004d       0x4e CMakeFiles/discoTest.elf.dir/Core/Src/syscalls.c.obj
 .comment       0x0000004d       0x4e CMakeFiles/discoTest.elf.dir/Core/Src/system_stm32f1xx.c.obj
 .comment       0x0000004d       0x4e CMakeFiles/discoTest.elf.dir/Drivers/STM32F1xx_HAL_Driver/Src/stm32f1xx_hal.c.obj
 .comment       0x0000004d       0x4e CMakeFiles/discoTest.elf.dir/Drivers/STM32F1xx_HAL_Driver/Src/stm32f1xx_hal_adc.c.obj
 .comment       0x0000004d       0x4e CMakeFiles/discoTest.elf.dir/Drivers/STM32F1xx_HAL_Driver/Src/stm32f1xx_hal_cortex.c.obj
 .comment       0x0000004d       0x4e CMakeFiles/discoTest.elf.dir/Drivers/STM32F1xx_HAL_Driver/Src/stm32f1xx_hal_gpio.c.obj
 .comment       0x0000004d       0x4e CMakeFiles/discoTest.elf.dir/Drivers/STM32F1xx_HAL_Driver/Src/stm32f1xx_hal_rcc.c.obj
 .comment       0x0000004d       0x4e CMakeFiles/discoTest.elf.dir/Drivers/STM32F1xx_HAL_Driver/Src/stm32f1xx_hal_rcc_ex.c.obj

.debug_frame    0x00000000     0x24e0
 .debug_frame   0x00000000       0xc0 CMakeFiles/discoTest.elf.dir/Core/Src/main.c.obj
 .debug_frame   0x000000c0      0x258 CMakeFiles/discoTest.elf.dir/Core/Src/oled.c.obj
 .debug_frame   0x00000318       0x60 CMakeFiles/discoTest.elf.dir/Core/Src/stm32f1xx_hal_msp.c.obj
 .debug_frame   0x00000378       0xa8 CMakeFiles/discoTest.elf.dir/Core/Src/stm32f1xx_it.c.obj
 .debug_frame   0x00000420      0x1a8 CMakeFiles/discoTest.elf.dir/Core/Src/syscalls.c.obj
 .debug_frame   0x000005c8       0x30 CMakeFiles/discoTest.elf.dir/Core/Src/system_stm32f1xx.c.obj
 .debug_frame   0x000005f8      0x1cc CMakeFiles/discoTest.elf.dir/Drivers/STM32F1xx_HAL_Driver/Src/stm32f1xx_hal.c.obj
 .debug_frame   0x000007c4      0x2c4 CMakeFiles/discoTest.elf.dir/Drivers/STM32F1xx_HAL_Driver/Src/stm32f1xx_hal_adc.c.obj
 .debug_frame   0x00000a88      0x118 CMakeFiles/discoTest.elf.dir/Drivers/STM32F1xx_HAL_Driver/Src/stm32f1xx_hal_cortex.c.obj
 .debug_frame   0x00000ba0       0xe4 CMakeFiles/discoTest.elf.dir/Drivers/STM32F1xx_HAL_Driver/Src/stm32f1xx_hal_gpio.c.obj
 .debug_frame   0x00000c84      0x190 CMakeFiles/discoTest.elf.dir/Drivers/STM32F1xx_HAL_Driver/Src/stm32f1xx_hal_rcc.c.obj
 .debug_frame   0x00000e14       0x64 CMakeFiles/discoTest.elf.dir/Drivers/STM32F1xx_HAL_Driver/Src/stm32f1xx_hal_rcc_ex.c.obj
 .debug_frame   0x00000e78       0xac c:/progra~2/gnuarm~1/102020~1/bin/../lib/gcc/arm-none-eabi/10.2.1/thumb/v7-m/nofp\libgcc.a(_arm_addsubdf3.o)
 .debug_frame   0x00000f24       0x50 c:/progra~2/gnuarm~1/102020~1/bin/../lib/gcc/arm-none-eabi/10.2.1/thumb/v7-m/nofp\libgcc.a(_arm_muldivdf3.o)
 .debug_frame   0x00000f74       0x24 c:/progra~2/gnuarm~1/102020~1/bin/../lib/gcc/arm-none-eabi/10.2.1/thumb/v7-m/nofp\libgcc.a(_arm_truncdfsf2.o)
 .debug_frame   0x00000f98       0x4c c:/progra~2/gnuarm~1/102020~1/bin/../lib/gcc/arm-none-eabi/10.2.1/thumb/v7-m/nofp\libgcc.a(_arm_addsubsf3.o)
 .debug_frame   0x00000fe4       0x38 c:/progra~2/gnuarm~1/102020~1/bin/../lib/gcc/arm-none-eabi/10.2.1/thumb/v7-m/nofp\libgcc.a(_arm_muldivsf3.o)
 .debug_frame   0x0000101c       0x20 c:/progra~2/gnuarm~1/102020~1/bin/../lib/gcc/arm-none-eabi/10.2.1/../../../../arm-none-eabi/lib/thumb/v7-m/nofp\libg.a(lib_a-errno.o)
 .debug_frame   0x0000103c       0x2c c:/progra~2/gnuarm~1/102020~1/bin/../lib/gcc/arm-none-eabi/10.2.1/../../../../arm-none-eabi/lib/thumb/v7-m/nofp\libg.a(lib_a-init.o)
 .debug_frame   0x00001068       0x2c c:/progra~2/gnuarm~1/102020~1/bin/../lib/gcc/arm-none-eabi/10.2.1/../../../../arm-none-eabi/lib/thumb/v7-m/nofp\libg.a(lib_a-memset.o)
 .debug_frame   0x00001094       0x7c c:/progra~2/gnuarm~1/102020~1/bin/../lib/gcc/arm-none-eabi/10.2.1/../../../../arm-none-eabi/lib/thumb/v7-m/nofp\libg.a(lib_a-sprintf.o)
 .debug_frame   0x00001110       0x44 c:/progra~2/gnuarm~1/102020~1/bin/../lib/gcc/arm-none-eabi/10.2.1/../../../../arm-none-eabi/lib/thumb/v7-m/nofp\libg.a(lib_a-svfprintf.o)
 .debug_frame   0x00001154       0x5c c:/progra~2/gnuarm~1/102020~1/bin/../lib/gcc/arm-none-eabi/10.2.1/../../../../arm-none-eabi/lib/thumb/v7-m/nofp\libg.a(lib_a-__call_atexit.o)
 .debug_frame   0x000011b0       0x20 c:/progra~2/gnuarm~1/102020~1/bin/../lib/gcc/arm-none-eabi/10.2.1/../../../../arm-none-eabi/lib/thumb/v7-m/nofp\libg.a(lib_a-atexit.o)
 .debug_frame   0x000011d0       0x8c c:/progra~2/gnuarm~1/102020~1/bin/../lib/gcc/arm-none-eabi/10.2.1/../../../../arm-none-eabi/lib/thumb/v7-m/nofp\libg.a(lib_a-dtoa.o)
 .debug_frame   0x0000125c       0x34 c:/progra~2/gnuarm~1/102020~1/bin/../lib/gcc/arm-none-eabi/10.2.1/../../../../arm-none-eabi/lib/thumb/v7-m/nofp\libg.a(lib_a-fini.o)
 .debug_frame   0x00001290       0x8c c:/progra~2/gnuarm~1/102020~1/bin/../lib/gcc/arm-none-eabi/10.2.1/../../../../arm-none-eabi/lib/thumb/v7-m/nofp\libg.a(lib_a-freer.o)
 .debug_frame   0x0000131c       0x40 c:/progra~2/gnuarm~1/102020~1/bin/../lib/gcc/arm-none-eabi/10.2.1/../../../../arm-none-eabi/lib/thumb/v7-m/nofp\libg.a(lib_a-localeconv.o)
 .debug_frame   0x0000135c       0xb0 c:/progra~2/gnuarm~1/102020~1/bin/../lib/gcc/arm-none-eabi/10.2.1/../../../../arm-none-eabi/lib/thumb/v7-m/nofp\libg.a(lib_a-lock.o)
 .debug_frame   0x0000140c       0x4c c:/progra~2/gnuarm~1/102020~1/bin/../lib/gcc/arm-none-eabi/10.2.1/../../../../arm-none-eabi/lib/thumb/v7-m/nofp\libg.a(lib_a-mallocr.o)
 .debug_frame   0x00001458       0x28 c:/progra~2/gnuarm~1/102020~1/bin/../lib/gcc/arm-none-eabi/10.2.1/../../../../arm-none-eabi/lib/thumb/v7-m/nofp\libg.a(lib_a-memchr-stub.o)
 .debug_frame   0x00001480       0x30 c:/progra~2/gnuarm~1/102020~1/bin/../lib/gcc/arm-none-eabi/10.2.1/../../../../arm-none-eabi/lib/thumb/v7-m/nofp\libg.a(lib_a-mlock.o)
 .debug_frame   0x000014b0      0x260 c:/progra~2/gnuarm~1/102020~1/bin/../lib/gcc/arm-none-eabi/10.2.1/../../../../arm-none-eabi/lib/thumb/v7-m/nofp\libg.a(lib_a-mprec.o)
 .debug_frame   0x00001710       0x30 c:/progra~2/gnuarm~1/102020~1/bin/../lib/gcc/arm-none-eabi/10.2.1/../../../../arm-none-eabi/lib/thumb/v7-m/nofp\libg.a(lib_a-s_frexp.o)
 .debug_frame   0x00001740       0x2c c:/progra~2/gnuarm~1/102020~1/bin/../lib/gcc/arm-none-eabi/10.2.1/../../../../arm-none-eabi/lib/thumb/v7-m/nofp\libg.a(lib_a-sbrkr.o)
 .debug_frame   0x0000176c       0x20 c:/progra~2/gnuarm~1/102020~1/bin/../lib/gcc/arm-none-eabi/10.2.1/../../../../arm-none-eabi/lib/thumb/v7-m/nofp\libg.a(lib_a-strlen-stub.o)
 .debug_frame   0x0000178c       0x2c c:/progra~2/gnuarm~1/102020~1/bin/../lib/gcc/arm-none-eabi/10.2.1/../../../../arm-none-eabi/lib/thumb/v7-m/nofp\libg.a(lib_a-strncpy.o)
 .debug_frame   0x000017b8       0x78 c:/progra~2/gnuarm~1/102020~1/bin/../lib/gcc/arm-none-eabi/10.2.1/../../../../arm-none-eabi/lib/thumb/v7-m/nofp\libg.a(lib_a-svfiprintf.o)
 .debug_frame   0x00001830       0x34 c:/progra~2/gnuarm~1/102020~1/bin/../lib/gcc/arm-none-eabi/10.2.1/../../../../arm-none-eabi/lib/thumb/v7-m/nofp\libg.a(lib_a-__atexit.o)
 .debug_frame   0x00001864       0x40 c:/progra~2/gnuarm~1/102020~1/bin/../lib/gcc/arm-none-eabi/10.2.1/../../../../arm-none-eabi/lib/thumb/v7-m/nofp\libg.a(lib_a-assert.o)
 .debug_frame   0x000018a4       0x28 c:/progra~2/gnuarm~1/102020~1/bin/../lib/gcc/arm-none-eabi/10.2.1/../../../../arm-none-eabi/lib/thumb/v7-m/nofp\libg.a(lib_a-callocr.o)
 .debug_frame   0x000018cc       0x6c c:/progra~2/gnuarm~1/102020~1/bin/../lib/gcc/arm-none-eabi/10.2.1/../../../../arm-none-eabi/lib/thumb/v7-m/nofp\libg.a(lib_a-fiprintf.o)
 .debug_frame   0x00001938       0x68 c:/progra~2/gnuarm~1/102020~1/bin/../lib/gcc/arm-none-eabi/10.2.1/../../../../arm-none-eabi/lib/thumb/v7-m/nofp\libg.a(lib_a-locale.o)
 .debug_frame   0x000019a0       0x4c c:/progra~2/gnuarm~1/102020~1/bin/../lib/gcc/arm-none-eabi/10.2.1/../../../../arm-none-eabi/lib/thumb/v7-m/nofp\libg.a(lib_a-mbtowc_r.o)
 .debug_frame   0x000019ec       0x40 c:/progra~2/gnuarm~1/102020~1/bin/../lib/gcc/arm-none-eabi/10.2.1/../../../../arm-none-eabi/lib/thumb/v7-m/nofp\libg.a(lib_a-memmove.o)
 .debug_frame   0x00001a2c       0x48 c:/progra~2/gnuarm~1/102020~1/bin/../lib/gcc/arm-none-eabi/10.2.1/../../../../arm-none-eabi/lib/thumb/v7-m/nofp\libg.a(lib_a-reallocr.o)
 .debug_frame   0x00001a74       0x64 c:/progra~2/gnuarm~1/102020~1/bin/../lib/gcc/arm-none-eabi/10.2.1/../../../../arm-none-eabi/lib/thumb/v7-m/nofp\libg.a(lib_a-reent.o)
 .debug_frame   0x00001ad8       0xdc c:/progra~2/gnuarm~1/102020~1/bin/../lib/gcc/arm-none-eabi/10.2.1/../../../../arm-none-eabi/lib/thumb/v7-m/nofp\libg.a(lib_a-vfiprintf.o)
 .debug_frame   0x00001bb4       0x3c c:/progra~2/gnuarm~1/102020~1/bin/../lib/gcc/arm-none-eabi/10.2.1/../../../../arm-none-eabi/lib/thumb/v7-m/nofp\libg.a(lib_a-wctomb_r.o)
 .debug_frame   0x00001bf0       0x2c c:/progra~2/gnuarm~1/102020~1/bin/../lib/gcc/arm-none-eabi/10.2.1/../../../../arm-none-eabi/lib/thumb/v7-m/nofp\libg.a(lib_a-wsetup.o)
 .debug_frame   0x00001c1c       0x28 c:/progra~2/gnuarm~1/102020~1/bin/../lib/gcc/arm-none-eabi/10.2.1/../../../../arm-none-eabi/lib/thumb/v7-m/nofp\libg.a(lib_a-abort.o)
 .debug_frame   0x00001c44       0x70 c:/progra~2/gnuarm~1/102020~1/bin/../lib/gcc/arm-none-eabi/10.2.1/../../../../arm-none-eabi/lib/thumb/v7-m/nofp\libg.a(lib_a-fflush.o)
 .debug_frame   0x00001cb4      0x154 c:/progra~2/gnuarm~1/102020~1/bin/../lib/gcc/arm-none-eabi/10.2.1/../../../../arm-none-eabi/lib/thumb/v7-m/nofp\libg.a(lib_a-findfp.o)
 .debug_frame   0x00001e08       0x88 c:/progra~2/gnuarm~1/102020~1/bin/../lib/gcc/arm-none-eabi/10.2.1/../../../../arm-none-eabi/lib/thumb/v7-m/nofp\libg.a(lib_a-fputwc.o)
 .debug_frame   0x00001e90       0x64 c:/progra~2/gnuarm~1/102020~1/bin/../lib/gcc/arm-none-eabi/10.2.1/../../../../arm-none-eabi/lib/thumb/v7-m/nofp\libg.a(lib_a-fvwrite.o)
 .debug_frame   0x00001ef4       0x54 c:/progra~2/gnuarm~1/102020~1/bin/../lib/gcc/arm-none-eabi/10.2.1/../../../../arm-none-eabi/lib/thumb/v7-m/nofp\libg.a(lib_a-fwalk.o)
 .debug_frame   0x00001f48       0x70 c:/progra~2/gnuarm~1/102020~1/bin/../lib/gcc/arm-none-eabi/10.2.1/../../../../arm-none-eabi/lib/thumb/v7-m/nofp\libg.a(lib_a-makebuf.o)
 .debug_frame   0x00001fb8      0x114 c:/progra~2/gnuarm~1/102020~1/bin/../lib/gcc/arm-none-eabi/10.2.1/../../../../arm-none-eabi/lib/thumb/v7-m/nofp\libg.a(lib_a-signal.o)
 .debug_frame   0x000020cc       0x3c c:/progra~2/gnuarm~1/102020~1/bin/../lib/gcc/arm-none-eabi/10.2.1/../../../../arm-none-eabi/lib/thumb/v7-m/nofp\libg.a(lib_a-signalr.o)
 .debug_frame   0x00002108       0x8c c:/progra~2/gnuarm~1/102020~1/bin/../lib/gcc/arm-none-eabi/10.2.1/../../../../arm-none-eabi/lib/thumb/v7-m/nofp\libg.a(lib_a-stdio.o)
 .debug_frame   0x00002194       0x40 c:/progra~2/gnuarm~1/102020~1/bin/../lib/gcc/arm-none-eabi/10.2.1/../../../../arm-none-eabi/lib/thumb/v7-m/nofp\libg.a(lib_a-wbuf.o)
 .debug_frame   0x000021d4       0x60 c:/progra~2/gnuarm~1/102020~1/bin/../lib/gcc/arm-none-eabi/10.2.1/../../../../arm-none-eabi/lib/thumb/v7-m/nofp\libg.a(lib_a-wcrtomb.o)
 .debug_frame   0x00002234       0x2c c:/progra~2/gnuarm~1/102020~1/bin/../lib/gcc/arm-none-eabi/10.2.1/../../../../arm-none-eabi/lib/thumb/v7-m/nofp\libg.a(lib_a-writer.o)