Archive member included to satisfy reference by file (symbol)

c:/progra~2/gnuarm~1/102020~1/bin/../lib/gcc/arm-none-eabi/10.2.1/thumb/v7-m/nofp\libgcc.a(_arm_muldf3.o)
                              CMakeFiles/discoTest.elf.dir/Core/Src/main.c.obj (__aeabi_dmul)
c:/progra~2/gnuarm~1/102020~1/bin/../lib/gcc/arm-none-eabi/10.2.1/thumb/v7-m/nofp\libgcc.a(_arm_mulsf3.o)
                              CMakeFiles/discoTest.elf.dir/Core/Src/main.c.obj (__aeabi_fmul)
c:/progra~2/gnuarm~1/102020~1/bin/../lib/gcc/arm-none-eabi/10.2.1/thumb/v7-m/nofp\libgcc.a(_arm_addsubdf3.o)
                              CMakeFiles/discoTest.elf.dir/Core/Src/main.c.obj (__aeabi_dsub)
c:/progra~2/gnuarm~1/102020~1/bin/../lib/gcc/arm-none-eabi/10.2.1/thumb/v7-m/nofp\libgcc.a(_arm_muldivdf3.o)
                              CMakeFiles/discoTest.elf.dir/Core/Src/main.c.obj (__aeabi_ddiv)
c:/progra~2/gnuarm~1/102020~1/bin/../lib/gcc/arm-none-eabi/10.2.1/thumb/v7-m/nofp\libgcc.a(_arm_fixdfsi.o)
                              CMakeFiles/discoTest.elf.dir/Core/Src/main.c.obj (__aeabi_d2iz)
c:/progra~2/gnuarm~1/102020~1/bin/../lib/gcc/arm-none-eabi/10.2.1/thumb/v7-m/nofp\libgcc.a(_arm_truncdfsf2.o)
                              CMakeFiles/discoTest.elf.dir/Core/Src/main.c.obj (__aeabi_d2f)
c:/progra~2/gnuarm~1/102020~1/bin/../lib/gcc/arm-none-eabi/10.2.1/thumb/v7-m/nofp\libgcc.a(_arm_addsubsf3.o)
                              CMakeFiles/discoTest.elf.dir/Core/Src/main.c.obj (__aeabi_fsub)
c:/progra~2/gnuarm~1/102020~1/bin/../lib/gcc/arm-none-eabi/10.2.1/thumb/v7-m/nofp\libgcc.a(_arm_muldivsf3.o)
                              CMakeFiles/discoTest.elf.dir/Core/Src/main.c.obj (__aeabi_fdiv)
c:/progra~2/gnuarm~1/102020~1/bin/../lib/gcc/arm-none-eabi/10.2.1/../../../../arm-none-eabi/lib/thumb/v7-m/nofp\libg.a(lib_a-errno.o)
                              CMakeFiles/discoTest.elf.dir/Core/Src/syscalls.c.obj (__errno)
c:/progra~2/gnuarm~1/102020~1/bin/../lib/gcc/arm-none-eabi/10.2.1/../../../../arm-none-eabi/lib/thumb/v7-m/nofp\libg.a(lib_a-exit.o)
                              c:/progra~2/gnuarm~1/102020~1/bin/../lib/gcc/arm-none-eabi/10.2.1/../../../../arm-none-eabi/lib/thumb/v7-m/nofp/crt0.o (exit)
c:/progra~2/gnuarm~1/102020~1/bin/../lib/gcc/arm-none-eabi/10.2.1/../../../../arm-none-eabi/lib/thumb/v7-m/nofp\libg.a(lib_a-impure.o)
                              c:/progra~2/gnuarm~1/102020~1/bin/../lib/gcc/arm-none-eabi/10.2.1/../../../../arm-none-eabi/lib/thumb/v7-m/nofp\libg.a(lib_a-exit.o) (_global_impure_ptr)
c:/progra~2/gnuarm~1/102020~1/bin/../lib/gcc/arm-none-eabi/10.2.1/../../../../arm-none-eabi/lib/thumb/v7-m/nofp\libg.a(lib_a-init.o)
                              c:/progra~2/gnuarm~1/102020~1/bin/../lib/gcc/arm-none-eabi/10.2.1/../../../../arm-none-eabi/lib/thumb/v7-m/nofp/crt0.o (__libc_init_array)
c:/progra~2/gnuarm~1/102020~1/bin/../lib/gcc/arm-none-eabi/10.2.1/../../../../arm-none-eabi/lib/thumb/v7-m/nofp\libg.a(lib_a-memset.o)
                              c:/progra~2/gnuarm~1/102020~1/bin/../lib/gcc/arm-none-eabi/10.2.1/../../../../arm-none-eabi/lib/thumb/v7-m/nofp/crt0.o (memset)
c:/progra~2/gnuarm~1/102020~1/bin/../lib/gcc/arm-none-eabi/10.2.1/../../../../arm-none-eabi/lib/thumb/v7-m/nofp\libg.a(lib_a-sprintf.o)
                              CMakeFiles/discoTest.elf.dir/Core/Src/main.c.obj (sprintf)
c:/progra~2/gnuarm~1/102020~1/bin/../lib/gcc/arm-none-eabi/10.2.1/../../../../arm-none-eabi/lib/thumb/v7-m/nofp\libg.a(lib_a-svfprintf.o)
                              c:/progra~2/gnuarm~1/102020~1/bin/../lib/gcc/arm-none-eabi/10.2.1/../../../../arm-none-eabi/lib/thumb/v7-m/nofp\libg.a(lib_a-sprintf.o) (_svfprintf_r)
c:/progra~2/gnuarm~1/102020~1/bin/../lib/gcc/arm-none-eabi/10.2.1/../../../../arm-none-eabi/lib/thumb/v7-m/nofp\libg.a(lib_a-__call_atexit.o)
                              c:/progra~2/gnuarm~1/102020~1/bin/../lib/gcc/arm-none-eabi/10.2.1/../../../../arm-none-eabi/lib/thumb/v7-m/nofp\libg.a(lib_a-exit.o) (__call_exitprocs)
c:/progra~2/gnuarm~1/102020~1/bin/../lib/gcc/arm-none-eabi/10.2.1/../../../../arm-none-eabi/lib/thumb/v7-m/nofp\libg.a(lib_a-atexit.o)
                              c:/progra~2/gnuarm~1/102020~1/bin/../lib/gcc/arm-none-eabi/10.2.1/../../../../arm-none-eabi/lib/thumb/v7-m/nofp\libg.a(lib_a-__call_atexit.o) (atexit)
c:/progra~2/gnuarm~1/102020~1/bin/../lib/gcc/arm-none-eabi/10.2.1/../../../../arm-none-eabi/lib/thumb/v7-m/nofp\libg.a(lib_a-dtoa.o)
                              c:/progra~2/gnuarm~1/102020~1/bin/../lib/gcc/arm-none-eabi/10.2.1/../../../../arm-none-eabi/lib/thumb/v7-m/nofp\libg.a(lib_a-svfprintf.o) (_dtoa_r)
c:/progra~2/gnuarm~1/102020~1/bin/../lib/gcc/arm-none-eabi/10.2.1/../../../../arm-none-eabi/lib/thumb/v7-m/nofp\libg.a(lib_a-fini.o)
                              c:/progra~2/gnuarm~1/102020~1/bin/../lib/gcc/arm-none-eabi/10.2.1/../../../../arm-none-eabi/lib/thumb/v7-m/nofp\libg.a(lib_a-__call_atexit.o) (__libc_fini_array)
[...]
Memory Configuration

Name             Origin             Length             Attributes
RAM              0x20000000         0x00005000         xrw
FLASH            0x08000000         0x00010000         xr
*default*        0x00000000         0xffffffff

Linker script and memory map

LOAD c:/progra~2/gnuarm~1/102020~1/bin/../lib/gcc/arm-none-eabi/10.2.1/thumb/v7-m/nofp/crti.o
LOAD c:/progra~2/gnuarm~1/102020~1/bin/../lib/gcc/arm-none-eabi/10.2.1/thumb/v7-m/nofp/crtbegin.o
LOAD c:/progra~2/gnuarm~1/102020~1/bin/../lib/gcc/arm-none-eabi/10.2.1/../../../../arm-none-eabi/lib/thumb/v7-m/nofp/crt0.o
LOAD CMakeFiles/discoTest.elf.dir/Core/Src/main.c.obj
LOAD CMakeFiles/discoTest.elf.dir/Core/Src/oled.c.obj
LOAD CMakeFiles/discoTest.elf.dir/Core/Src/stm32f1xx_hal_msp.c.obj
LOAD CMakeFiles/discoTest.elf.dir/Core/Src/stm32f1xx_it.c.obj
LOAD CMakeFiles/discoTest.elf.dir/Core/Src/syscalls.c.obj
LOAD CMakeFiles/discoTest.elf.dir/Core/Src/system_stm32f1xx.c.obj
LOAD CMakeFiles/discoTest.elf.dir/Drivers/STM32F1xx_HAL_Driver/Src/stm32f1xx_hal.c.obj
LOAD CMakeFiles/discoTest.elf.dir/Drivers/STM32F1xx_HAL_Driver/Src/stm32f1xx_hal_adc.c.obj
LOAD CMakeFiles/discoTest.elf.dir/Drivers/STM32F1xx_HAL_Driver/Src/stm32f1xx_hal_adc_ex.c.obj
LOAD CMakeFiles/discoTest.elf.dir/Drivers/STM32F1xx_HAL_Driver/Src/stm32f1xx_hal_cortex.c.obj
LOAD CMakeFiles/discoTest.elf.dir/Drivers/STM32F1xx_HAL_Driver/Src/stm32f1xx_hal_dma.c.obj
LOAD CMakeFiles/discoTest.elf.dir/Drivers/STM32F1xx_HAL_Driver/Src/stm32f1xx_hal_exti.c.obj
LOAD CMakeFiles/discoTest.elf.dir/Drivers/STM32F1xx_HAL_Driver/Src/stm32f1xx_hal_flash.c.obj
LOAD CMakeFiles/discoTest.elf.dir/Drivers/STM32F1xx_HAL_Driver/Src/stm32f1xx_hal_flash_ex.c.obj
LOAD CMakeFiles/discoTest.elf.dir/Drivers/STM32F1xx_HAL_Driver/Src/stm32f1xx_hal_gpio.c.obj
LOAD CMakeFiles/discoTest.elf.dir/Drivers/STM32F1xx_HAL_Driver/Src/stm32f1xx_hal_gpio_ex.c.obj
LOAD CMakeFiles/discoTest.elf.dir/Drivers/STM32F1xx_HAL_Driver/Src/stm32f1xx_hal_pwr.c.obj
LOAD CMakeFiles/discoTest.elf.dir/Drivers/STM32F1xx_HAL_Driver/Src/stm32f1xx_hal_rcc.c.obj
LOAD CMakeFiles/discoTest.elf.dir/Drivers/STM32F1xx_HAL_Driver/Src/stm32f1xx_hal_rcc_ex.c.obj
LOAD CMakeFiles/discoTest.elf.dir/Drivers/STM32F1xx_HAL_Driver/Src/stm32f1xx_hal_tim.c.obj
LOAD CMakeFiles/discoTest.elf.dir/Drivers/STM32F1xx_HAL_Driver/Src/stm32f1xx_hal_tim_ex.c.obj
LOAD CMakeFiles/discoTest.elf.dir/Drivers/STM32F1xx_HAL_Driver/Src/stm32f1xx_hal_uart.c.obj
LOAD CMakeFiles/discoTest.elf.dir/startup/startup_stm32f103xb.s.obj
START GROUP
LOAD c:/progra~2/gnuarm~1/102020~1/bin/../lib/gcc/arm-none-eabi/10.2.1/thumb/v7-m/nofp\libgcc.a
LOAD c:/progra~2/gnuarm~1/102020~1/bin/../lib/gcc/arm-none-eabi/10.2.1/../../../../arm-none-eabi/lib/thumb/v7-m/nofp\libg.a
LOAD c:/progra~2/gnuarm~1/102020~1/bin/../lib/gcc/arm-none-eabi/10.2.1/../../../../arm-none-eabi/lib/thumb/v7-m/nofp\libc.a
END GROUP
LOAD c:/progra~2/gnuarm~1/102020~1/bin/../lib/gcc/arm-none-eabi/10.2.1/thumb/v7-m/nofp/crtend.o
LOAD c:/progra~2/gnuarm~1/102020~1/bin/../lib/gcc/arm-none-eabi/10.2.1/thumb/v7-m/nofp/crtn.o
                0x20005000                _estack = 0x20005000
                0x00000200                _Min_Heap_Size = 0x200
                0x00000400                _Min_Stack_Size = 0x400

.isr_vector     0x08000000      0x10c
                0x08000000                . = ALIGN (0x4)
 *(.isr_vector)
 .isr_vector    0x08000000      0x10c CMakeFiles/discoTest.elf.dir/startup/startup_stm32f103xb.s.obj
                0x08000000                g_pfnVectors
                0x0800010c                . = ALIGN (0x4)

.text           0x08000110     0xa18c
                0x08000110                . = ALIGN (0x4)
 *(.text)
 .text          0x08000110       0x40 c:/progra~2/gnuarm~1/102020~1/bin/../lib/gcc/arm-none-eabi/10.2.1/thumb/v7-m/nofp/crtbegin.o
 .text          0x08000150      0x378 c:/progra~2/gnuarm~1/102020~1/bin/../lib/gcc/arm-none-eabi/10.2.1/thumb/v7-m/nofp\libgcc.a(_arm_addsubdf3.o)
                0x08000150                __aeabi_drsub
                0x08000158                __aeabi_dsub
                0x08000158                __subdf3
                0x0800015c                __aeabi_dadd
                0x0800015c                __adddf3
                0x080003d4                __floatunsidf
                0x080003d4                __aeabi_ui2d
                0x080003f4                __floatsidf
                0x080003f4                __aeabi_i2d
                0x08000418                __aeabi_f2d
                0x08000418                __extendsfdf2
                0x0800045c                __floatundidf
                0x0800045c                __aeabi_ul2d
                0x0800046c                __floatdidf
                0x0800046c                __aeabi_l2d
 .text          0x080004c8      0x424 c:/progra~2/gnuarm~1/102020~1/bin/../lib/gcc/arm-none-eabi/10.2.1/thumb/v7-m/nofp\libgcc.a(_arm_muldivdf3.o)
                0x080004c8                __aeabi_dmul
                0x080004c8                __muldf3
                0x0800071c                __divdf3
                0x0800071c                __aeabi_ddiv
 .text          0x080008ec       0x50 c:/progra~2/gnuarm~1/102020~1/bin/../lib/gcc/arm-none-eabi/10.2.1/thumb/v7-m/nofp\libgcc.a(_arm_fixdfsi.o)
                0x080008ec                __aeabi_d2iz
                0x080008ec                __fixdfsi
 .text          0x0800093c       0xa0 c:/progra~2/gnuarm~1/102020~1/bin/../lib/gcc/arm-none-eabi/10.2.1/thumb/v7-m/nofp\libgcc.a(_arm_truncdfsf2.o)
                0x0800093c                __truncdfsf2
                0x0800093c                __aeabi_d2f
 .text          0x080009dc      0x21c c:/progra~2/gnuarm~1/102020~1/bin/../lib/gcc/arm-none-eabi/10.2.1/thumb/v7-m/nofp\libgcc.a(_arm_addsubsf3.o)
                0x080009dc                __aeabi_frsub
                0x080009e4                __subsf3
                0x080009e4                __aeabi_fsub
                0x080009e8                __aeabi_fadd
                0x080009e8                __addsf3
                0x08000b48                __aeabi_ui2f
                0x08000b48                __floatunsisf
                0x08000b50                __aeabi_i2f
                0x08000b50                __floatsisf
                0x08000b6c                __aeabi_ul2f
                0x08000b6c                __floatundisf
                0x08000b7c                __aeabi_l2f
                0x08000b7c                __floatdisf
 .text          0x08000bf8      0x2a0 c:/progra~2/gnuarm~1/102020~1/bin/../lib/gcc/arm-none-eabi/10.2.1/thumb/v7-m/nofp\libgcc.a(_arm_muldivsf3.o)
                0x08000bf8                __mulsf3
                0x08000bf8                __aeabi_fmul
                0x08000d60                __aeabi_fdiv
                0x08000d60                __divsf3
 .text          0x08000e98       0xec c:/progra~2/gnuarm~1/102020~1/bin/../lib/gcc/arm-none-eabi/10.2.1/../../../../arm-none-eabi/lib/thumb/v7-m/nofp\libg.a(lib_a-memcpy.o)
                0x08000e98                memcpy
 .text          0x08000f84      0x110 c:/progra~2/gnuarm~1/102020~1/bin/../lib/gcc/arm-none-eabi/10.2.1/thumb/v7-m/nofp\libgcc.a(_arm_cmpdf2.o)
                0x08000f84                __gtdf2
                0x08000f84                __gedf2
                0x08000f8c                __ltdf2
                0x08000f8c                __ledf2
                0x08000f94                __nedf2
                0x08000f94                __eqdf2
                0x08000f94                __cmpdf2
                0x08001010                __aeabi_cdrcmple
                0x08001020                __aeabi_cdcmpeq
                0x08001020                __aeabi_cdcmple
                0x08001030                __aeabi_dcmpeq
                0x08001044                __aeabi_dcmplt
                0x08001058                __aeabi_dcmple
                0x0800106c                __aeabi_dcmpge
                0x08001080                __aeabi_dcmpgt
 .text          0x08001094       0x2c c:/progra~2/gnuarm~1/102020~1/bin/../lib/gcc/arm-none-eabi/10.2.1/thumb/v7-m/nofp\libgcc.a(_arm_unorddf2.o)
                0x08001094                __unorddf2
                0x08001094                __aeabi_dcmpun
 .text          0x080010c0       0x30 c:/progra~2/gnuarm~1/102020~1/bin/../lib/gcc/arm-none-eabi/10.2.1/thumb/v7-m/nofp\libgcc.a(_aeabi_uldivmod.o)
                0x080010c0                __aeabi_uldivmod
 .text          0x080010f0      0x2d4 c:/progra~2/gnuarm~1/102020~1/bin/../lib/gcc/arm-none-eabi/10.2.1/thumb/v7-m/nofp\libgcc.a(_udivmoddi4.o)
                0x080010f0                __udivmoddi4
 .text          0x080013c4        0x4 c:/progra~2/gnuarm~1/102020~1/bin/../lib/gcc/arm-none-eabi/10.2.1/thumb/v7-m/nofp\libgcc.a(_dvmd_tls.o)
                0x080013c4                __aeabi_idiv0
                0x080013c4                __aeabi_ldiv0
 *(.text*)
 .text.MX_GPIO_Init
                0x080013c8       0xb4 CMakeFiles/discoTest.elf.dir/Core/Src/main.c.obj
 .text.GetTemp  0x0800147c       0x44 CMakeFiles/discoTest.elf.dir/Core/Src/main.c.obj
                0x0800147c                GetTemp
 .text.RunMode  0x080014c0      0x204 CMakeFiles/discoTest.elf.dir/Core/Src/main.c.obj
                0x080014c0                RunMode
 .text.HAL_GPIO_EXTI_Callback
                0x080016c4       0xa8 CMakeFiles/discoTest.elf.dir/Core/Src/main.c.obj
                0x080016c4                HAL_GPIO_EXTI_Callback
 .text.Error_Handler
                0x0800176c        0x4 CMakeFiles/discoTest.elf.dir/Core/Src/main.c.obj
                0x0800176c                Error_Handler
 .text.MX_ADC1_Init
                0x08001770       0x54 CMakeFiles/discoTest.elf.dir/Core/Src/main.c.obj
 .text.MX_ADC2_Init
                0x080017c4       0x54 CMakeFiles/discoTest.elf.dir/Core/Src/main.c.obj
 .text.MX_TIM2_Init
                0x08001818       0x78 CMakeFiles/discoTest.elf.dir/Core/Src/main.c.obj
 .text.MX_USART1_UART_Init
                0x08001890       0x34 CMakeFiles/discoTest.elf.dir/Core/Src/main.c.obj
 .text.MX_TIM3_Init
                0x080018c4       0x7c CMakeFiles/discoTest.elf.dir/Core/Src/main.c.obj
 .text.SystemClock_Config
                0x08001940       0x84 CMakeFiles/discoTest.elf.dir/Core/Src/main.c.obj
                0x08001940                SystemClock_Config
 *fill*         0x080019c4        0x4 
 .text.main     0x080019c8      0x38c CMakeFiles/discoTest.elf.dir/Core/Src/main.c.obj
                0x080019c8                main
 .text.OLED_WR_Byte
                0x08001d54       0x84 CMakeFiles/discoTest.elf.dir/Core/Src/oled.c.obj
                0x08001d54                OLED_WR_Byte
 .text.OLED_DisplayTurn
                0x08001dd8       0x30 CMakeFiles/discoTest.elf.dir/Core/Src/oled.c.obj
                0x08001dd8                OLED_DisplayTurn
 .text.OLED_Refresh
                0x08001e08       0x4c CMakeFiles/discoTest.elf.dir/Core/Src/oled.c.obj
                0x08001e08                OLED_Refresh
 .text.OLED_Clear
                0x08001e54       0x30 CMakeFiles/discoTest.elf.dir/Core/Src/oled.c.obj
                0x08001e54                OLED_Clear
 .text.OLED_DrawPoint
                0x08001e84       0x24 CMakeFiles/discoTest.elf.dir/Core/Src/oled.c.obj
                0x08001e84                OLED_DrawPoint
 .text.OLED_ClearPoint
                0x08001ea8       0x34 CMakeFiles/discoTest.elf.dir/Core/Src/oled.c.obj
                0x08001ea8                OLED_ClearPoint
 .text.OLED_ShowChar
                0x08001edc       0xc4 CMakeFiles/discoTest.elf.dir/Core/Src/oled.c.obj
                0x08001edc                OLED_ShowChar
 .text.OLED_ShowString
                0x08001fa0       0x3c CMakeFiles/discoTest.elf.dir/Core/Src/oled.c.obj
                0x08001fa0                OLED_ShowString
 .text.OLED_ShowChinese
                0x08001fdc       0xf8 CMakeFiles/discoTest.elf.dir/Core/Src/oled.c.obj
                0x08001fdc                OLED_ShowChinese
 .text.OLED_Init
                0x080020d4      0x108 CMakeFiles/discoTest.elf.dir/Core/Src/oled.c.obj
                0x080020d4                OLED_Init
 .text.HAL_MspInit
                0x080021dc       0x44 CMakeFiles/discoTest.elf.dir/Core/Src/stm32f1xx_hal_msp.c.obj
                0x080021dc                HAL_MspInit
 .text.HAL_ADC_MspInit
                0x08002220       0xa4 CMakeFiles/discoTest.elf.dir/Core/Src/stm32f1xx_hal_msp.c.obj
                0x08002220                HAL_ADC_MspInit
 .text.HAL_TIM_PWM_MspInit
                0x080022c4       0x4c CMakeFiles/discoTest.elf.dir/Core/Src/stm32f1xx_hal_msp.c.obj
                0x080022c4                HAL_TIM_PWM_MspInit
 .text.HAL_TIM_MspPostInit
                0x08002310       0x9c CMakeFiles/discoTest.elf.dir/Core/Src/stm32f1xx_hal_msp.c.obj
                0x08002310                HAL_TIM_MspPostInit
 .text.HAL_UART_MspInit
                0x080023ac       0x78 CMakeFiles/discoTest.elf.dir/Core/Src/stm32f1xx_hal_msp.c.obj
                0x080023ac                HAL_UART_MspInit
 .text.NMI_Handler
                0x08002424        0x2 CMakeFiles/discoTest.elf.dir/Core/Src/stm32f1xx_it.c.obj
                0x08002424                NMI_Handler
 .text.HardFault_Handler
                0x08002426        0x2 CMakeFiles/discoTest.elf.dir/Core/Src/stm32f1xx_it.c.obj
                0x08002426                HardFault_Handler
 .text.MemManage_Handler
                0x08002428        0x2 CMakeFiles/discoTest.elf.dir/Core/Src/stm32f1xx_it.c.obj
                0x08002428                MemManage_Handler
 .text.BusFault_Handler
                0x0800242a        0x2 CMakeFiles/discoTest.elf.dir/Core/Src/stm32f1xx_it.c.obj
                0x0800242a                BusFault_Handler
 .text.UsageFault_Handler
                0x0800242c        0x2 CMakeFiles/discoTest.elf.dir/Core/Src/stm32f1xx_it.c.obj
                0x0800242c                UsageFault_Handler
 .text.SVC_Handler
                0x0800242e        0x2 CMakeFiles/discoTest.elf.dir/Core/Src/stm32f1xx_it.c.obj
                0x0800242e                SVC_Handler
 .text.DebugMon_Handler
                0x08002430        0x2 CMakeFiles/discoTest.elf.dir/Core/Src/stm32f1xx_it.c.obj
                0x08002430                DebugMon_Handler
 .text.PendSV_Handler
                0x08002432        0x2 CMakeFiles/discoTest.elf.dir/Core/Src/stm32f1xx_it.c.obj
                0x08002432                PendSV_Handler
 .text.SysTick_Handler
                0x08002434        0x8 CMakeFiles/discoTest.elf.dir/Core/Src/stm32f1xx_it.c.obj
                0x08002434                SysTick_Handler
 .text.EXTI4_IRQHandler
                0x0800243c        0xa CMakeFiles/discoTest.elf.dir/Core/Src/stm32f1xx_it.c.obj
                0x0800243c                EXTI4_IRQHandler
 .text.EXTI9_5_IRQHandler
                0x08002446       0x10 CMakeFiles/discoTest.elf.dir/Core/Src/stm32f1xx_it.c.obj
                0x08002446                EXTI9_5_IRQHandler
 .text._getpid  0x08002456        0x4 CMakeFiles/discoTest.elf.dir/Core/Src/syscalls.c.obj
                0x08002456                _getpid
 .text._kill    0x0800245a       0x10 CMakeFiles/discoTest.elf.dir/Core/Src/syscalls.c.obj
                0x0800245a                _kill
 .text._exit    0x0800246a        0xc CMakeFiles/discoTest.elf.dir/Core/Src/syscalls.c.obj
                0x0800246a                _exit
 .text._read    0x08002476       0x20 CMakeFiles/discoTest.elf.dir/Core/Src/syscalls.c.obj
                0x08002476                _read
 .text._write   0x08002496       0x1c CMakeFiles/discoTest.elf.dir/Core/Src/syscalls.c.obj
                0x08002496                _write
 *fill*         0x080024b2        0x2 
 .text._sbrk    0x080024b4       0x3c CMakeFiles/discoTest.elf.dir/Core/Src/syscalls.c.obj
                0x080024b4                _sbrk
 .text._close   0x080024f0        0x6 CMakeFiles/discoTest.elf.dir/Core/Src/syscalls.c.obj
                0x080024f0                _close
 .text._fstat   0x080024f6        0xa CMakeFiles/discoTest.elf.dir/Core/Src/syscalls.c.obj
                0x080024f6                _fstat
 .text._isatty  0x08002500        0x4 CMakeFiles/discoTest.elf.dir/Core/Src/syscalls.c.obj
                0x08002500                _isatty
 .text._lseek   0x08002504        0x4 CMakeFiles/discoTest.elf.dir/Core/Src/syscalls.c.obj
                0x08002504                _lseek
 .text.SystemInit
                0x08002508        0x2 CMakeFiles/discoTest.elf.dir/Core/Src/system_stm32f1xx.c.obj
                0x08002508                SystemInit
 *fill*         0x0800250a        0x2 
 .text.HAL_InitTick
                0x0800250c       0x4c CMakeFiles/discoTest.elf.dir/Drivers/STM32F1xx_HAL_Driver/Src/stm32f1xx_hal.c.obj
                0x0800250c                HAL_InitTick
 .text.HAL_Init
                0x08002558       0x24 CMakeFiles/discoTest.elf.dir/Drivers/STM32F1xx_HAL_Driver/Src/stm32f1xx_hal.c.obj
                0x08002558                HAL_Init
 .text.HAL_IncTick
                0x0800257c       0x18 CMakeFiles/discoTest.elf.dir/Drivers/STM32F1xx_HAL_Driver/Src/stm32f1xx_hal.c.obj
                0x0800257c                HAL_IncTick
 .text.HAL_GetTick
                0x08002594        0xc CMakeFiles/discoTest.elf.dir/Drivers/STM32F1xx_HAL_Driver/Src/stm32f1xx_hal.c.obj
                0x08002594                HAL_GetTick
 .text.HAL_Delay
                0x080025a0       0x28 CMakeFiles/discoTest.elf.dir/Drivers/STM32F1xx_HAL_Driver/Src/stm32f1xx_hal.c.obj
                0x080025a0                HAL_Delay
 .text.HAL_ADC_GetValue
                0x080025c8        0x6 CMakeFiles/discoTest.elf.dir/Drivers/STM32F1xx_HAL_Driver/Src/stm32f1xx_hal_adc.c.obj
                0x080025c8                HAL_ADC_GetValue
 *fill*         0x080025ce        0x2 
 .text.HAL_ADC_ConfigChannel
                0x080025d0      0x144 CMakeFiles/discoTest.elf.dir/Drivers/STM32F1xx_HAL_Driver/Src/stm32f1xx_hal_adc.c.obj
                0x080025d0                HAL_ADC_ConfigChannel
 .text.ADC_Enable
                0x08002714       0x88 CMakeFiles/discoTest.elf.dir/Drivers/STM32F1xx_HAL_Driver/Src/stm32f1xx_hal_adc.c.obj
                0x08002714                ADC_Enable
 .text.HAL_ADC_Start
                0x0800279c       0xe8 CMakeFiles/discoTest.elf.dir/Drivers/STM32F1xx_HAL_Driver/Src/stm32f1xx_hal_adc.c.obj
                0x0800279c                HAL_ADC_Start
 .text.ADC_ConversionStop_Disable
                0x08002884       0x56 CMakeFiles/discoTest.elf.dir/Drivers/STM32F1xx_HAL_Driver/Src/stm32f1xx_hal_adc.c.obj
                0x08002884                ADC_ConversionStop_Disable
 *fill*         0x080028da        0x2 
 .text.HAL_ADC_Init
                0x080028dc      0x108 CMakeFiles/discoTest.elf.dir/Drivers/STM32F1xx_HAL_Driver/Src/stm32f1xx_hal_adc.c.obj
                0x080028dc                HAL_ADC_Init
 .text.HAL_ADC_Stop
                0x080029e4       0x34 CMakeFiles/discoTest.elf.dir/Drivers/STM32F1xx_HAL_Driver/Src/stm32f1xx_hal_adc.c.obj
                0x080029e4                HAL_ADC_Stop
 .text.HAL_ADCEx_Calibration_Start
                0x08002a18      0x100 CMakeFiles/discoTest.elf.dir/Drivers/STM32F1xx_HAL_Driver/Src/stm32f1xx_hal_adc_ex.c.obj
                0x08002a18                HAL_ADCEx_Calibration_Start
 .text.HAL_NVIC_SetPriorityGrouping
                0x08002b18       0x24 CMakeFiles/discoTest.elf.dir/Drivers/STM32F1xx_HAL_Driver/Src/stm32f1xx_hal_cortex.c.obj
                0x08002b18                HAL_NVIC_SetPriorityGrouping
 .text.HAL_NVIC_SetPriority
                0x08002b3c       0x70 CMakeFiles/discoTest.elf.dir/Drivers/STM32F1xx_HAL_Driver/Src/stm32f1xx_hal_cortex.c.obj
                0x08002b3c                HAL_NVIC_SetPriority
 .text.HAL_NVIC_EnableIRQ
                0x08002bac       0x1c CMakeFiles/discoTest.elf.dir/Drivers/STM32F1xx_HAL_Driver/Src/stm32f1xx_hal_cortex.c.obj
                0x08002bac                HAL_NVIC_EnableIRQ
 .text.HAL_SYSTICK_Config
                0x08002bc8       0x28 CMakeFiles/discoTest.elf.dir/Drivers/STM32F1xx_HAL_Driver/Src/stm32f1xx_hal_cortex.c.obj
                0x08002bc8                HAL_SYSTICK_Config
 .text.HAL_GPIO_Init
                0x08002bf0      0x224 CMakeFiles/discoTest.elf.dir/Drivers/STM32F1xx_HAL_Driver/Src/stm32f1xx_hal_gpio.c.obj
                0x08002bf0                HAL_GPIO_Init
 .text.HAL_GPIO_WritePin
                0x08002e14        0xc CMakeFiles/discoTest.elf.dir/Drivers/STM32F1xx_HAL_Driver/Src/stm32f1xx_hal_gpio.c.obj
                0x08002e14                HAL_GPIO_WritePin
 .text.HAL_GPIO_EXTI_IRQHandler
                0x08002e20       0x1c CMakeFiles/discoTest.elf.dir/Drivers/STM32F1xx_HAL_Driver/Src/stm32f1xx_hal_gpio.c.obj
                0x08002e20                HAL_GPIO_EXTI_IRQHandler
 .text.RCC_Delay
                0x08002e3c       0x2c CMakeFiles/discoTest.elf.dir/Drivers/STM32F1xx_HAL_Driver/Src/stm32f1xx_hal_rcc.c.obj
 .text.HAL_RCC_OscConfig
                0x08002e68      0x410 CMakeFiles/discoTest.elf.dir/Drivers/STM32F1xx_HAL_Driver/Src/stm32f1xx_hal_rcc.c.obj
                0x08002e68                HAL_RCC_OscConfig
 .text.HAL_RCC_GetSysClockFreq
                0x08003278       0x6c CMakeFiles/discoTest.elf.dir/Drivers/STM32F1xx_HAL_Driver/Src/stm32f1xx_hal_rcc.c.obj
                0x08003278                HAL_RCC_GetSysClockFreq
 .text.HAL_RCC_ClockConfig
                0x080032e4      0x16c CMakeFiles/discoTest.elf.dir/Drivers/STM32F1xx_HAL_Driver/Src/stm32f1xx_hal_rcc.c.obj
                0x080032e4                HAL_RCC_ClockConfig
 .text.HAL_RCC_GetHCLKFreq
                0x08003450        0xc CMakeFiles/discoTest.elf.dir/Drivers/STM32F1xx_HAL_Driver/Src/stm32f1xx_hal_rcc.c.obj
                0x08003450                HAL_RCC_GetHCLKFreq
 .text.HAL_RCC_GetPCLK1Freq
                0x0800345c       0x20 CMakeFiles/discoTest.elf.dir/Drivers/STM32F1xx_HAL_Driver/Src/stm32f1xx_hal_rcc.c.obj
                0x0800345c                HAL_RCC_GetPCLK1Freq
 .text.HAL_RCC_GetPCLK2Freq
                0x0800347c       0x20 CMakeFiles/discoTest.elf.dir/Drivers/STM32F1xx_HAL_Driver/Src/stm32f1xx_hal_rcc.c.obj
                0x0800347c                HAL_RCC_GetPCLK2Freq
 .text.HAL_RCCEx_PeriphCLKConfig
                0x0800349c      0x118 CMakeFiles/discoTest.elf.dir/Drivers/STM32F1xx_HAL_Driver/Src/stm32f1xx_hal_rcc_ex.c.obj
                0x0800349c                HAL_RCCEx_PeriphCLKConfig
 .text.HAL_RCCEx_GetPeriphCLKFreq
                0x080035b4       0xfc CMakeFiles/discoTest.elf.dir/Drivers/STM32F1xx_HAL_Driver/Src/stm32f1xx_hal_rcc_ex.c.obj
                0x080035b4                HAL_RCCEx_GetPeriphCLKFreq
 .text.TIM_OC1_SetConfig
                0x080036b0       0x5c CMakeFiles/discoTest.elf.dir/Drivers/STM32F1xx_HAL_Driver/Src/stm32f1xx_hal_tim.c.obj
 .text.TIM_OC3_SetConfig
                0x0800370c       0x64 CMakeFiles/discoTest.elf.dir/Drivers/STM32F1xx_HAL_Driver/Src/stm32f1xx_hal_tim.c.obj
 .text.TIM_OC4_SetConfig
                0x08003770       0x48 CMakeFiles/discoTest.elf.dir/Drivers/STM32F1xx_HAL_Driver/Src/stm32f1xx_hal_tim.c.obj
 .text.HAL_TIM_Base_Start_IT
                0x080037b8       0x68 CMakeFiles/discoTest.elf.dir/Drivers/STM32F1xx_HAL_Driver/Src/stm32f1xx_hal_tim.c.obj
                0x080037b8                HAL_TIM_Base_Start_IT
 .text.TIM_Base_SetConfig
                0x08003820       0x74 CMakeFiles/discoTest.elf.dir/Drivers/STM32F1xx_HAL_Driver/Src/stm32f1xx_hal_tim.c.obj
                0x08003820                TIM_Base_SetConfig
 .text.HAL_TIM_PWM_Init
                0x08003894       0x58 CMakeFiles/discoTest.elf.dir/Drivers/STM32F1xx_HAL_Driver/Src/stm32f1xx_hal_tim.c.obj
                0x08003894                HAL_TIM_PWM_Init
 .text.TIM_OC2_SetConfig
                0x080038ec       0x64 CMakeFiles/discoTest.elf.dir/Drivers/STM32F1xx_HAL_Driver/Src/stm32f1xx_hal_tim.c.obj
                0x080038ec                TIM_OC2_SetConfig
 .text.HAL_TIM_PWM_ConfigChannel
                0x08003950       0xd0 CMakeFiles/discoTest.elf.dir/Drivers/STM32F1xx_HAL_Driver/Src/stm32f1xx_hal_tim.c.obj
                0x08003950                HAL_TIM_PWM_ConfigChannel
 .text.TIM_CCxChannelCmd
                0x08003a20       0x1e CMakeFiles/discoTest.elf.dir/Drivers/STM32F1xx_HAL_Driver/Src/stm32f1xx_hal_tim.c.obj
                0x08003a20                TIM_CCxChannelCmd
 *fill*         0x08003a3e        0x2 
 .text.HAL_TIM_PWM_Start
                0x08003a40       0xdc CMakeFiles/discoTest.elf.dir/Drivers/STM32F1xx_HAL_Driver/Src/stm32f1xx_hal_tim.c.obj
                0x08003a40                HAL_TIM_PWM_Start
 .text.HAL_TIMEx_MasterConfigSynchronization
                0x08003b1c       0x6c CMakeFiles/discoTest.elf.dir/Drivers/STM32F1xx_HAL_Driver/Src/stm32f1xx_hal_tim_ex.c.obj
                0x08003b1c                HAL_TIMEx_MasterConfigSynchronization
 .text.UART_SetConfig
                0x08003b88       0x94 CMakeFiles/discoTest.elf.dir/Drivers/STM32F1xx_HAL_Driver/Src/stm32f1xx_hal_uart.c.obj
 .text.UART_WaitOnFlagUntilTimeout
                0x08003c1c       0x6c CMakeFiles/discoTest.elf.dir/Drivers/STM32F1xx_HAL_Driver/Src/stm32f1xx_hal_uart.c.obj
 .text.HAL_UART_Init
                0x08003c88       0x5e CMakeFiles/discoTest.elf.dir/Drivers/STM32F1xx_HAL_Driver/Src/stm32f1xx_hal_uart.c.obj
                0x08003c88                HAL_UART_Init
 .text.HAL_UART_Transmit
                0x08003ce6       0xd8 CMakeFiles/discoTest.elf.dir/Drivers/STM32F1xx_HAL_Driver/Src/stm32f1xx_hal_uart.c.obj
                0x08003ce6                HAL_UART_Transmit
 *fill*         0x08003dbe        0x2 
 .text.Reset_Handler
                0x08003dc0       0x48 CMakeFiles/discoTest.elf.dir/startup/startup_stm32f103xb.s.obj
                0x08003dc0                Reset_Handler
 .text.Default_Handler
                0x08003e08        0x2 CMakeFiles/discoTest.elf.dir/startup/startup_stm32f103xb.s.obj
                0x08003e08                RTC_Alarm_IRQHandler
                0x08003e08                EXTI2_IRQHandler
                0x08003e08                TIM1_CC_IRQHandler
                0x08003e08                PVD_IRQHandler
                0x08003e08                EXTI3_IRQHandler
                0x08003e08                EXTI0_IRQHandler
                0x08003e08                I2C2_EV_IRQHandler
                0x08003e08                ADC1_2_IRQHandler
                0x08003e08                SPI1_IRQHandler
                0x08003e08                TAMPER_IRQHandler
                0x08003e08                DMA1_Channel4_IRQHandler
                0x08003e08                USART3_IRQHandler
                0x08003e08                RTC_IRQHandler
                0x08003e08                DMA1_Channel7_IRQHandler
                0x08003e08                CAN1_RX1_IRQHandler
                0x08003e08                TIM4_IRQHandler
                0x08003e08                I2C1_EV_IRQHandler
                0x08003e08                DMA1_Channel6_IRQHandler
                0x08003e08                TIM3_IRQHandler
                0x08003e08                RCC_IRQHandler
                0x08003e08                TIM1_TRG_COM_IRQHandler
                0x08003e08                DMA1_Channel1_IRQHandler
                0x08003e08                Default_Handler
                0x08003e08                EXTI15_10_IRQHandler
                0x08003e08                SPI2_IRQHandler
                0x08003e08                DMA1_Channel5_IRQHandler
                0x08003e08                USB_LP_CAN1_RX0_IRQHandler
                0x08003e08                USB_HP_CAN1_TX_IRQHandler
                0x08003e08                DMA1_Channel3_IRQHandler
                0x08003e08                TIM1_UP_IRQHandler
                0x08003e08                WWDG_IRQHandler
                0x08003e08                TIM2_IRQHandler
                0x08003e08                TIM1_BRK_IRQHandler
                0x08003e08                EXTI1_IRQHandler
                0x08003e08                USART2_IRQHandler
                0x08003e08                I2C2_ER_IRQHandler
                0x08003e08                DMA1_Channel2_IRQHandler
                0x08003e08                CAN1_SCE_IRQHandler
                0x08003e08                FLASH_IRQHandler
                0x08003e08                USART1_IRQHandler
                0x08003e08                I2C1_ER_IRQHandler
                0x08003e08                USBWakeUp_IRQHandler
 *fill*         0x08003e0a        0x2 
 .text.__errno  0x08003e0c        0xc c:/progra~2/gnuarm~1/102020~1/bin/../lib/gcc/arm-none-eabi/10.2.1/../../../../arm-none-eabi/lib/thumb/v7-m/nofp\libg.a(lib_a-errno.o)
                0x08003e0c                __errno
 .text.__libc_init_array
                0x08003e18       0x48 c:/progra~2/gnuarm~1/102020~1/bin/../lib/gcc/arm-none-eabi/10.2.1/../../../../arm-none-eabi/lib/thumb/v7-m/nofp\libg.a(lib_a-init.o)
                0x08003e18                __libc_init_array
 .text.memset   0x08003e60       0xa4 c:/progra~2/gnuarm~1/102020~1/bin/../lib/gcc/arm-none-eabi/10.2.1/../../../../arm-none-eabi/lib/thumb/v7-m/nofp\libg.a(lib_a-memset.o)
                0x08003e60                memset
 .text.sprintf  0x08003f04       0x44 c:/progra~2/gnuarm~1/102020~1/bin/../lib/gcc/arm-none-eabi/10.2.1/../../../../arm-none-eabi/lib/thumb/v7-m/nofp\libg.a(lib_a-sprintf.o)
                0x08003f04                sprintf
 .text._svfprintf_r
                0x08003f48     0x1aa4 c:/progra~2/gnuarm~1/102020~1/bin/../lib/gcc/arm-none-eabi/10.2.1/../../../../arm-none-eabi/lib/thumb/v7-m/nofp\libg.a(lib_a-svfprintf.o)
                0x08003f48                _svfprintf_r
 .text.startup.register_fini
                0x080059ec       0x14 c:/progra~2/gnuarm~1/102020~1/bin/../lib/gcc/arm-none-eabi/10.2.1/../../../../arm-none-eabi/lib/thumb/v7-m/nofp\libg.a(lib_a-__call_atexit.o)
 .text.atexit   0x08005a00        0xc c:/progra~2/gnuarm~1/102020~1/bin/../lib/gcc/arm-none-eabi/10.2.1/../../../../arm-none-eabi/lib/thumb/v7-m/nofp\libg.a(lib_a-atexit.o)
                0x08005a00                atexit
 .text.quorem   0x08005a0c      0x12c c:/progra~2/gnuarm~1/102020~1/bin/../lib/gcc/arm-none-eabi/10.2.1/../../../../arm-none-eabi/lib/thumb/v7-m/nofp\libg.a(lib_a-dtoa.o)
 .text._dtoa_r  0x08005b38      0xecc c:/progra~2/gnuarm~1/102020~1/bin/../lib/gcc/arm-none-eabi/10.2.1/../../../../arm-none-eabi/lib/thumb/v7-m/nofp\libg.a(lib_a-dtoa.o)
                0x08005b38                _dtoa_r
 .text.__libc_fini_array
                0x08006a04       0x2c c:/progra~2/gnuarm~1/102020~1/bin/../lib/gcc/arm-none-eabi/10.2.1/../../../../arm-none-eabi/lib/thumb/v7-m/nofp\libg.a(lib_a-fini.o)
                0x08006a04                __libc_fini_array
 .text._malloc_trim_r
                0x08006a30       0xa0 c:/progra~2/gnuarm~1/102020~1/bin/../lib/gcc/arm-none-eabi/10.2.1/../../../../arm-none-eabi/lib/thumb/v7-m/nofp\libg.a(lib_a-freer.o)
                0x08006a30                _malloc_trim_r
 .text._free_r  0x08006ad0      0x200 c:/progra~2/gnuarm~1/102020~1/bin/../lib/gcc/arm-none-eabi/10.2.1/../../../../arm-none-eabi/lib/thumb/v7-m/nofp\libg.a(lib_a-freer.o)
                0x08006ad0                _free_r
 .text._localeconv_r
                0x08006cd0        0x8 c:/progra~2/gnuarm~1/102020~1/bin/../lib/gcc/arm-none-eabi/10.2.1/../../../../arm-none-eabi/lib/thumb/v7-m/nofp\libg.a(lib_a-localeconv.o)
                0x08006cd0                _localeconv_r
 .text.__retarget_lock_init_recursive
                0x08006cd8        0x4 c:/progra~2/gnuarm~1/102020~1/bin/../lib/gcc/arm-none-eabi/10.2.1/../../../../arm-none-eabi/lib/thumb/v7-m/nofp\libg.a(lib_a-lock.o)
                0x08006cd8                __retarget_lock_init_recursive
 .text.__retarget_lock_close_recursive
                0x08006cdc        0x4 c:/progra~2/gnuarm~1/102020~1/bin/../lib/gcc/arm-none-eabi/10.2.1/../../../../arm-none-eabi/lib/thumb/v7-m/nofp\libg.a(lib_a-lock.o)
                0x08006cdc                __retarget_lock_close_recursive
 .text.__retarget_lock_acquire_recursive
                0x08006ce0        0x4 c:/progra~2/gnuarm~1/102020~1/bin/../lib/gcc/arm-none-eabi/10.2.1/../../../../arm-none-eabi/lib/thumb/v7-m/nofp\libg.a(lib_a-lock.o)
                0x08006ce0                __retarget_lock_acquire_recursive
 .text.__retarget_lock_release_recursive
                0x08006ce4        0x4 c:/progra~2/gnuarm~1/102020~1/bin/../lib/gcc/arm-none-eabi/10.2.1/../../../../arm-none-eabi/lib/thumb/v7-m/nofp\libg.a(lib_a-lock.o)
                0x08006ce4                __retarget_lock_release_recursive
 .text._malloc_r
                0x08006ce8      0x558 c:/progra~2/gnuarm~1/102020~1/bin/../lib/gcc/arm-none-eabi/10.2.1/../../../../arm-none-eabi/lib/thumb/v7-m/nofp\libg.a(lib_a-mallocr.o)
                0x08006ce8                _malloc_r
 .text.memchr   0x08007240       0x90 c:/progra~2/gnuarm~1/102020~1/bin/../lib/gcc/arm-none-eabi/10.2.1/../../../../arm-none-eabi/lib/thumb/v7-m/nofp\libg.a(lib_a-memchr-stub.o)
                0x08007240                memchr
 .text.__malloc_lock
                0x080072d0        0xc c:/progra~2/gnuarm~1/102020~1/bin/../lib/gcc/arm-none-eabi/10.2.1/../../../../arm-none-eabi/lib/thumb/v7-m/nofp\libg.a(lib_a-mlock.o)
                0x080072d0                __malloc_lock
 .text.__malloc_unlock
                0x080072dc        0xc c:/progra~2/gnuarm~1/102020~1/bin/../lib/gcc/arm-none-eabi/10.2.1/../../../../arm-none-eabi/lib/thumb/v7-m/nofp\libg.a(lib_a-mlock.o)
                0x080072dc                __malloc_unlock
 .text._Balloc  0x080072e8       0x4c c:/progra~2/gnuarm~1/102020~1/bin/../lib/gcc/arm-none-eabi/10.2.1/../../../../arm-none-eabi/lib/thumb/v7-m/nofp\libg.a(lib_a-mprec.o)
                0x080072e8                _Balloc
 .text._Bfree   0x08007334       0x14 c:/progra~2/gnuarm~1/102020~1/bin/../lib/gcc/arm-none-eabi/10.2.1/../../../../arm-none-eabi/lib/thumb/v7-m/nofp\libg.a(lib_a-mprec.o)
                0x08007334                _Bfree
 .text.__multadd
                0x08007348       0xa4 c:/progra~2/gnuarm~1/102020~1/bin/../lib/gcc/arm-none-eabi/10.2.1/../../../../arm-none-eabi/lib/thumb/v7-m/nofp\libg.a(lib_a-mprec.o)
                0x08007348                __multadd
 .text.__hi0bits
                0x080073ec       0x40 c:/progra~2/gnuarm~1/102020~1/bin/../lib/gcc/arm-none-eabi/10.2.1/../../../../arm-none-eabi/lib/thumb/v7-m/nofp\libg.a(lib_a-mprec.o)
                0x080073ec                __hi0bits
 .text.__lo0bits
                0x0800742c       0x58 c:/progra~2/gnuarm~1/102020~1/bin/../lib/gcc/arm-none-eabi/10.2.1/../../../../arm-none-eabi/lib/thumb/v7-m/nofp\libg.a(lib_a-mprec.o)
                0x0800742c                __lo0bits
 .text.__i2b    0x08007484       0x5c c:/progra~2/gnuarm~1/102020~1/bin/../lib/gcc/arm-none-eabi/10.2.1/../../../../arm-none-eabi/lib/thumb/v7-m/nofp\libg.a(lib_a-mprec.o)
                0x08007484                __i2b
 .text.__multiply
                0x080074e0      0x15c c:/progra~2/gnuarm~1/102020~1/bin/../lib/gcc/arm-none-eabi/10.2.1/../../../../arm-none-eabi/lib/thumb/v7-m/nofp\libg.a(lib_a-mprec.o)
                0x080074e0                __multiply
 .text.__pow5mult
                0x0800763c       0xb8 c:/progra~2/gnuarm~1/102020~1/bin/../lib/gcc/arm-none-eabi/10.2.1/../../../../arm-none-eabi/lib/thumb/v7-m/nofp\libg.a(lib_a-mprec.o)
                0x0800763c                __pow5mult
 .text.__lshift
                0x080076f4       0xec c:/progra~2/gnuarm~1/102020~1/bin/../lib/gcc/arm-none-eabi/10.2.1/../../../../arm-none-eabi/lib/thumb/v7-m/nofp\libg.a(lib_a-mprec.o)
                0x080076f4                __lshift
 .text.__mcmp   0x080077e0       0x40 c:/progra~2/gnuarm~1/102020~1/bin/../lib/gcc/arm-none-eabi/10.2.1/../../../../arm-none-eabi/lib/thumb/v7-m/nofp\libg.a(lib_a-mprec.o)
                0x080077e0                __mcmp
 .text.__mdiff  0x08007820      0x14c c:/progra~2/gnuarm~1/102020~1/bin/../lib/gcc/arm-none-eabi/10.2.1/../../../../arm-none-eabi/lib/thumb/v7-m/nofp\libg.a(lib_a-mprec.o)
                0x08007820                __mdiff
 .text.__d2b    0x0800796c       0xc4 c:/progra~2/gnuarm~1/102020~1/bin/../lib/gcc/arm-none-eabi/10.2.1/../../../../arm-none-eabi/lib/thumb/v7-m/nofp\libg.a(lib_a-mprec.o)
                0x0800796c                __d2b
 .text.frexp    0x08007a30       0x70 c:/progra~2/gnuarm~1/102020~1/bin/../lib/gcc/arm-none-eabi/10.2.1/../../../../arm-none-eabi/lib/thumb/v7-m/nofp\libg.a(lib_a-s_frexp.o)
                0x08007a30                frexp
 .text._sbrk_r  0x08007aa0       0x24 c:/progra~2/gnuarm~1/102020~1/bin/../lib/gcc/arm-none-eabi/10.2.1/../../../../arm-none-eabi/lib/thumb/v7-m/nofp\libg.a(lib_a-sbrkr.o)
                0x08007aa0                _sbrk_r
 .text.strlen   0x08007ac4       0x5c c:/progra~2/gnuarm~1/102020~1/bin/../lib/gcc/arm-none-eabi/10.2.1/../../../../arm-none-eabi/lib/thumb/v7-m/nofp\libg.a(lib_a-strlen-stub.o)
                0x08007ac4                strlen
 .text.strncpy  0x08007b20       0x68 c:/progra~2/gnuarm~1/102020~1/bin/../lib/gcc/arm-none-eabi/10.2.1/../../../../arm-none-eabi/lib/thumb/v7-m/nofp\libg.a(lib_a-strncpy.o)
                0x08007b20                strncpy
 .text.__ssprint_r
                0x08007b88       0xfc c:/progra~2/gnuarm~1/102020~1/bin/../lib/gcc/arm-none-eabi/10.2.1/../../../../arm-none-eabi/lib/thumb/v7-m/nofp\libg.a(lib_a-svfiprintf.o)
                0x08007b88                __ssprint_r
 .text.__register_exitproc
                0x08007c84       0x8c c:/progra~2/gnuarm~1/102020~1/bin/../lib/gcc/arm-none-eabi/10.2.1/../../../../arm-none-eabi/lib/thumb/v7-m/nofp\libg.a(lib_a-__atexit.o)
                0x08007c84                __register_exitproc
 .text.__assert_func
                0x08007d10       0x40 c:/progra~2/gnuarm~1/102020~1/bin/../lib/gcc/arm-none-eabi/10.2.1/../../../../arm-none-eabi/lib/thumb/v7-m/nofp\libg.a(lib_a-assert.o)
                0x08007d10                __assert_func
 .text._calloc_r
                0x08007d50       0x60 c:/progra~2/gnuarm~1/102020~1/bin/../lib/gcc/arm-none-eabi/10.2.1/../../../../arm-none-eabi/lib/thumb/v7-m/nofp\libg.a(lib_a-callocr.o)
                0x08007d50                _calloc_r
 .text.fiprintf
                0x08007db0       0x28 c:/progra~2/gnuarm~1/102020~1/bin/../lib/gcc/arm-none-eabi/10.2.1/../../../../arm-none-eabi/lib/thumb/v7-m/nofp\libg.a(lib_a-fiprintf.o)
                0x08007db0                fiprintf
 .text.__locale_mb_cur_max
                0x08007dd8        0xc c:/progra~2/gnuarm~1/102020~1/bin/../lib/gcc/arm-none-eabi/10.2.1/../../../../arm-none-eabi/lib/thumb/v7-m/nofp\libg.a(lib_a-locale.o)
                0x08007dd8                __locale_mb_cur_max
 .text.__ascii_mbtowc
                0x08007de4       0x2c c:/progra~2/gnuarm~1/102020~1/bin/../lib/gcc/arm-none-eabi/10.2.1/../../../../arm-none-eabi/lib/thumb/v7-m/nofp\libg.a(lib_a-mbtowc_r.o)
                0x08007de4                __ascii_mbtowc
 .text.memmove  0x08007e10       0xf8 c:/progra~2/gnuarm~1/102020~1/bin/../lib/gcc/arm-none-eabi/10.2.1/../../../../arm-none-eabi/lib/thumb/v7-m/nofp\libg.a(lib_a-memmove.o)
                0x08007e10                memmove
 .text._realloc_r
                0x08007f08      0x3dc c:/progra~2/gnuarm~1/102020~1/bin/../lib/gcc/arm-none-eabi/10.2.1/../../../../arm-none-eabi/lib/thumb/v7-m/nofp\libg.a(lib_a-reallocr.o)
                0x08007f08                _realloc_r
 .text.__sprint_r.part.0
                0x080082e4       0x78 c:/progra~2/gnuarm~1/102020~1/bin/../lib/gcc/arm-none-eabi/10.2.1/../../../../arm-none-eabi/lib/thumb/v7-m/nofp\libg.a(lib_a-vfiprintf.o)
 .text._vfiprintf_r
                0x0800835c      0xd94 c:/progra~2/gnuarm~1/102020~1/bin/../lib/gcc/arm-none-eabi/10.2.1/../../../../arm-none-eabi/lib/thumb/v7-m/nofp\libg.a(lib_a-vfiprintf.o)
                0x0800835c                _vfiprintf_r
 .text.__sbprintf
                0x080090f0       0x84 c:/progra~2/gnuarm~1/102020~1/bin/../lib/gcc/arm-none-eabi/10.2.1/../../../../arm-none-eabi/lib/thumb/v7-m/nofp\libg.a(lib_a-vfiprintf.o)
 .text.__ascii_wctomb
                0x08009174       0x1c c:/progra~2/gnuarm~1/102020~1/bin/../lib/gcc/arm-none-eabi/10.2.1/../../../../arm-none-eabi/lib/thumb/v7-m/nofp\libg.a(lib_a-wctomb_r.o)
                0x08009174                __ascii_wctomb
 .text.__swsetup_r
                0x08009190       0xd4 c:/progra~2/gnuarm~1/102020~1/bin/../lib/gcc/arm-none-eabi/10.2.1/../../../../arm-none-eabi/lib/thumb/v7-m/nofp\libg.a(lib_a-wsetup.o)
                0x08009190                __swsetup_r
 .text.abort    0x08009264       0x10 c:/progra~2/gnuarm~1/102020~1/bin/../lib/gcc/arm-none-eabi/10.2.1/../../../../arm-none-eabi/lib/thumb/v7-m/nofp\libg.a(lib_a-abort.o)
                0x08009264                abort
 .text.__sflush_r
                0x08009274      0x124 c:/progra~2/gnuarm~1/102020~1/bin/../lib/gcc/arm-none-eabi/10.2.1/../../../../arm-none-eabi/lib/thumb/v7-m/nofp\libg.a(lib_a-fflush.o)
                0x08009274                __sflush_r
 .text._fflush_r
                0x08009398       0x5c c:/progra~2/gnuarm~1/102020~1/bin/../lib/gcc/arm-none-eabi/10.2.1/../../../../arm-none-eabi/lib/thumb/v7-m/nofp\libg.a(lib_a-fflush.o)
                0x08009398                _fflush_r
 .text._cleanup_r
                0x080093f4        0xc c:/progra~2/gnuarm~1/102020~1/bin/../lib/gcc/arm-none-eabi/10.2.1/../../../../arm-none-eabi/lib/thumb/v7-m/nofp\libg.a(lib_a-findfp.o)
                0x080093f4                _cleanup_r
 .text.__sinit  0x08009400      0x10c c:/progra~2/gnuarm~1/102020~1/bin/../lib/gcc/arm-none-eabi/10.2.1/../../../../arm-none-eabi/lib/thumb/v7-m/nofp\libg.a(lib_a-findfp.o)
                0x08009400                __sinit
 .text.__sfp_lock_acquire
                0x0800950c        0xc c:/progra~2/gnuarm~1/102020~1/bin/../lib/gcc/arm-none-eabi/10.2.1/../../../../arm-none-eabi/lib/thumb/v7-m/nofp\libg.a(lib_a-findfp.o)
                0x0800950c                __sfp_lock_acquire
 .text.__sfp_lock_release
                0x08009518        0xc c:/progra~2/gnuarm~1/102020~1/bin/../lib/gcc/arm-none-eabi/10.2.1/../../../../arm-none-eabi/lib/thumb/v7-m/nofp\libg.a(lib_a-findfp.o)
                0x08009518                __sfp_lock_release
 .text.__fputwc
                0x08009524       0xa0 c:/progra~2/gnuarm~1/102020~1/bin/../lib/gcc/arm-none-eabi/10.2.1/../../../../arm-none-eabi/lib/thumb/v7-m/nofp\libg.a(lib_a-fputwc.o)
                0x08009524                __fputwc
 .text._fputwc_r
                0x080095c4       0x68 c:/progra~2/gnuarm~1/102020~1/bin/../lib/gcc/arm-none-eabi/10.2.1/../../../../arm-none-eabi/lib/thumb/v7-m/nofp\libg.a(lib_a-fputwc.o)
                0x080095c4                _fputwc_r
 .text.__sfvwrite_r
                0x0800962c      0x2f0 c:/progra~2/gnuarm~1/102020~1/bin/../lib/gcc/arm-none-eabi/10.2.1/../../../../arm-none-eabi/lib/thumb/v7-m/nofp\libg.a(lib_a-fvwrite.o)
                0x0800962c                __sfvwrite_r
 .text._fwalk_reent
                0x0800991c       0x48 c:/progra~2/gnuarm~1/102020~1/bin/../lib/gcc/arm-none-eabi/10.2.1/../../../../arm-none-eabi/lib/thumb/v7-m/nofp\libg.a(lib_a-fwalk.o)
                0x0800991c                _fwalk_reent
 .text.__smakebuf_r
                0x08009964       0xe0 c:/progra~2/gnuarm~1/102020~1/bin/../lib/gcc/arm-none-eabi/10.2.1/../../../../arm-none-eabi/lib/thumb/v7-m/nofp\libg.a(lib_a-makebuf.o)
                0x08009964                __smakebuf_r
 .text.raise    0x08009a44       0x5c c:/progra~2/gnuarm~1/102020~1/bin/../lib/gcc/arm-none-eabi/10.2.1/../../../../arm-none-eabi/lib/thumb/v7-m/nofp\libg.a(lib_a-signal.o)
                0x08009a44                raise
 .text._kill_r  0x08009aa0       0x28 c:/progra~2/gnuarm~1/102020~1/bin/../lib/gcc/arm-none-eabi/10.2.1/../../../../arm-none-eabi/lib/thumb/v7-m/nofp\libg.a(lib_a-signalr.o)
                0x08009aa0                _kill_r
 .text._getpid_r
                0x08009ac8        0x4 c:/progra~2/gnuarm~1/102020~1/bin/../lib/gcc/arm-none-eabi/10.2.1/../../../../arm-none-eabi/lib/thumb/v7-m/nofp\libg.a(lib_a-signalr.o)
                0x08009ac8                _getpid_r
 .text.__sread  0x08009acc       0x24 c:/progra~2/gnuarm~1/102020~1/bin/../lib/gcc/arm-none-eabi/10.2.1/../../../../arm-none-eabi/lib/thumb/v7-m/nofp\libg.a(lib_a-stdio.o)
                0x08009acc                __sread
 .text.__swrite
                0x08009af0       0x40 c:/progra~2/gnuarm~1/102020~1/bin/../lib/gcc/arm-none-eabi/10.2.1/../../../../arm-none-eabi/lib/thumb/v7-m/nofp\libg.a(lib_a-stdio.o)
                0x08009af0                __swrite
 .text.__sseek  0x08009b30       0x20 c:/progra~2/gnuarm~1/102020~1/bin/../lib/gcc/arm-none-eabi/10.2.1/../../../../arm-none-eabi/lib/thumb/v7-m/nofp\libg.a(lib_a-stdio.o)
                0x08009b30                __sseek
 .text.__sclose
                0x08009b50        0x8 c:/progra~2/gnuarm~1/102020~1/bin/../lib/gcc/arm-none-eabi/10.2.1/../../../../arm-none-eabi/lib/thumb/v7-m/nofp\libg.a(lib_a-stdio.o)
                0x08009b50                __sclose
 .text.__swbuf_r
                0x08009b58       0xb0 c:/progra~2/gnuarm~1/102020~1/bin/../lib/gcc/arm-none-eabi/10.2.1/../../../../arm-none-eabi/lib/thumb/v7-m/nofp\libg.a(lib_a-wbuf.o)
                0x08009b58                __swbuf_r
 .text._wcrtomb_r
                0x08009c08       0x3c c:/progra~2/gnuarm~1/102020~1/bin/../lib/gcc/arm-none-eabi/10.2.1/../../../../arm-none-eabi/lib/thumb/v7-m/nofp\libg.a(lib_a-wcrtomb.o)
                0x08009c08                _wcrtomb_r
 .text._write_r
                0x08009c44       0x2c c:/progra~2/gnuarm~1/102020~1/bin/../lib/gcc/arm-none-eabi/10.2.1/../../../../arm-none-eabi/lib/thumb/v7-m/nofp\libg.a(lib_a-writer.o)
                0x08009c44                _write_r
 .text._close_r
                0x08009c70       0x24 c:/progra~2/gnuarm~1/102020~1/bin/../lib/gcc/arm-none-eabi/10.2.1/../../../../arm-none-eabi/lib/thumb/v7-m/nofp\libg.a(lib_a-closer.o)
                0x08009c70                _close_r
 .text._fclose_r
                0x08009c94       0xcc c:/progra~2/gnuarm~1/102020~1/bin/../lib/gcc/arm-none-eabi/10.2.1/../../../../arm-none-eabi/lib/thumb/v7-m/nofp\libg.a(lib_a-fclose.o)
                0x08009c94                _fclose_r
 .text._fstat_r
                0x08009d60       0x28 c:/progra~2/gnuarm~1/102020~1/bin/../lib/gcc/arm-none-eabi/10.2.1/../../../../arm-none-eabi/lib/thumb/v7-m/nofp\libg.a(lib_a-fstatr.o)
                0x08009d60                _fstat_r
 .text._isatty_r
                0x08009d88       0x24 c:/progra~2/gnuarm~1/102020~1/bin/../lib/gcc/arm-none-eabi/10.2.1/../../../../arm-none-eabi/lib/thumb/v7-m/nofp\libg.a(lib_a-isattyr.o)
                0x08009d88                _isatty_r
 .text._lseek_r
                0x08009dac       0x2c c:/progra~2/gnuarm~1/102020~1/bin/../lib/gcc/arm-none-eabi/10.2.1/../../../../arm-none-eabi/lib/thumb/v7-m/nofp\libg.a(lib_a-lseekr.o)
                0x08009dac                _lseek_r
 .text._read_r  0x08009dd8       0x2c c:/progra~2/gnuarm~1/102020~1/bin/../lib/gcc/arm-none-eabi/10.2.1/../../../../arm-none-eabi/lib/thumb/v7-m/nofp\libg.a(lib_a-readr.o)
                0x08009dd8                _read_r
 .text.log      0x08009e04       0x74 c:/progra~2/gnuarm~1/102020~1/bin/../lib/gcc/arm-none-eabi/10.2.1/../../../../arm-none-eabi/lib/thumb/v7-m/nofp\libm.a(lib_a-w_log.o)
                0x08009e04                log
 .text.__ieee754_log
                0x08009e78      0x400 c:/progra~2/gnuarm~1/102020~1/bin/../lib/gcc/arm-none-eabi/10.2.1/../../../../arm-none-eabi/lib/thumb/v7-m/nofp\libm.a(lib_a-e_log.o)
                0x08009e78                __ieee754_log
 .text.nan      0x0800a278        0xc c:/progra~2/gnuarm~1/102020~1/bin/../lib/gcc/arm-none-eabi/10.2.1/../../../../arm-none-eabi/lib/thumb/v7-m/nofp\libm.a(lib_a-s_nan.o)
                0x0800a278                nan
 *(.glue_7)
 .glue_7        0x0800a284        0x0 linker stubs
 *(.glue_7t)
 .glue_7t       0x0800a284        0x0 linker stubs
 *(.eh_frame)
 .eh_frame      0x0800a284        0x0 c:/progra~2/gnuarm~1/102020~1/bin/../lib/gcc/arm-none-eabi/10.2.1/thumb/v7-m/nofp/crtbegin.o
 *(.init)
 .init          0x0800a284        0x4 c:/progra~2/gnuarm~1/102020~1/bin/../lib/gcc/arm-none-eabi/10.2.1/thumb/v7-m/nofp/crti.o
                0x0800a284                _init
 .init          0x0800a288        0x8 c:/progra~2/gnuarm~1/102020~1/bin/../lib/gcc/arm-none-eabi/10.2.1/thumb/v7-m/nofp/crtn.o
 *(.fini)
 .fini          0x0800a290        0x4 c:/progra~2/gnuarm~1/102020~1/bin/../lib/gcc/arm-none-eabi/10.2.1/thumb/v7-m/nofp/crti.o
                0x0800a290                _fini
 .fini          0x0800a294        0x8 c:/progra~2/gnuarm~1/102020~1/bin/../lib/gcc/arm-none-eabi/10.2.1/thumb/v7-m/nofp/crtn.o
                0x0800a29c                . = ALIGN (0x4)
                0x0800a29c                _etext = .

.vfp11_veneer   0x0800a29c        0x0
 .vfp11_veneer  0x0800a29c        0x0 linker stubs

.v4_bx          0x0800a29c        0x0
 .v4_bx         0x0800a29c        0x0 linker stubs

.iplt           0x0800a29c        0x0
 .iplt          0x0800a29c        0x0 c:/progra~2/gnuarm~1/102020~1/bin/../lib/gcc/arm-none-eabi/10.2.1/thumb/v7-m/nofp/crtbegin.o

.rodata         0x0800a2a0     0x1c78
                0x0800a2a0                . = ALIGN (0x4)
 *(.rodata)
 *(.rodata*)
 .rodata.RunMode.str1.4
                0x0800a2a0       0x26 CMakeFiles/discoTest.elf.dir/Core/Src/main.c.obj
 *fill*         0x0800a2c6        0x2 
 .rodata.HAL_GPIO_EXTI_Callback.str1.4
                0x0800a2c8       0x1f CMakeFiles/discoTest.elf.dir/Core/Src/main.c.obj
 *fill*         0x0800a2e7        0x1 
 .rodata.main.str1.4
                0x0800a2e8       0x47 CMakeFiles/discoTest.elf.dir/Core/Src/main.c.obj
 *fill*         0x0800a32f        0x1 
 .rodata.asc2_1206
                0x0800a330      0x474 CMakeFiles/discoTest.elf.dir/Core/Src/oled.c.obj
                0x0800a330                asc2_1206
 .rodata.asc2_1608
                0x0800a7a4      0x5f0 CMakeFiles/discoTest.elf.dir/Core/Src/oled.c.obj
                0x0800a7a4                asc2_1608
 .rodata.asc2_2412
                0x0800ad94      0xd5c CMakeFiles/discoTest.elf.dir/Core/Src/oled.c.obj
                0x0800ad94                asc2_2412
 .rodata.AHBPrescTable
                0x0800baf0       0x10 CMakeFiles/discoTest.elf.dir/Core/Src/system_stm32f1xx.c.obj
                0x0800baf0                AHBPrescTable
 .rodata.APBPrescTable
                0x0800bb00        0x8 CMakeFiles/discoTest.elf.dir/Core/Src/system_stm32f1xx.c.obj
                0x0800bb00                APBPrescTable
 .rodata.HAL_RCC_GetSysClockFreq.str1.4
                0x0800bb08       0x11 CMakeFiles/discoTest.elf.dir/Drivers/STM32F1xx_HAL_Driver/Src/stm32f1xx_hal_rcc.c.obj
 .rodata.HAL_RCCEx_GetPeriphCLKFreq.str1.4
                0x0800bb19       0x11 CMakeFiles/discoTest.elf.dir/Drivers/STM32F1xx_HAL_Driver/Src/stm32f1xx_hal_rcc_ex.c.obj
 *fill*         0x0800bb19        0x3 
 .rodata._global_impure_ptr
                0x0800bb1c        0x4 c:/progra~2/gnuarm~1/102020~1/bin/../lib/gcc/arm-none-eabi/10.2.1/../../../../arm-none-eabi/lib/thumb/v7-m/nofp\libg.a(lib_a-impure.o)
                0x0800bb1c                _global_impure_ptr
 .rodata._svfprintf_r.str1.4
                0x0800bb20       0x42 c:/progra~2/gnuarm~1/102020~1/bin/../lib/gcc/arm-none-eabi/10.2.1/../../../../arm-none-eabi/lib/thumb/v7-m/nofp\libg.a(lib_a-svfprintf.o)
 *fill*         0x0800bb62        0x2 
 .rodata.blanks.1
                0x0800bb64       0x10 c:/progra~2/gnuarm~1/102020~1/bin/../lib/gcc/arm-none-eabi/10.2.1/../../../../arm-none-eabi/lib/thumb/v7-m/nofp\libg.a(lib_a-svfprintf.o)
 .rodata.zeroes.0
                0x0800bb74       0x10 c:/progra~2/gnuarm~1/102020~1/bin/../lib/gcc/arm-none-eabi/10.2.1/../../../../arm-none-eabi/lib/thumb/v7-m/nofp\libg.a(lib_a-svfprintf.o)
 .rodata._dtoa_r.str1.4
                0x0800bb84       0xa1 c:/progra~2/gnuarm~1/102020~1/bin/../lib/gcc/arm-none-eabi/10.2.1/../../../../arm-none-eabi/lib/thumb/v7-m/nofp\libg.a(lib_a-dtoa.o)
                                 0xa5 (size before relaxing)
 *fill*         0x0800bc25        0x3 
 .rodata.__multadd.str1.4
                0x0800bc28       0x7e c:/progra~2/gnuarm~1/102020~1/bin/../lib/gcc/arm-none-eabi/10.2.1/../../../../arm-none-eabi/lib/thumb/v7-m/nofp\libg.a(lib_a-mprec.o)
                                 0x92 (size before relaxing)
 *fill*         0x0800bca6        0x2 
 .rodata.__mprec_bigtens
                0x0800bca8       0x28 c:/progra~2/gnuarm~1/102020~1/bin/../lib/gcc/arm-none-eabi/10.2.1/../../../../arm-none-eabi/lib/thumb/v7-m/nofp\libg.a(lib_a-mprec.o)
                0x0800bca8                __mprec_bigtens
 .rodata.__mprec_tens
                0x0800bcd0       0xc8 c:/progra~2/gnuarm~1/102020~1/bin/../lib/gcc/arm-none-eabi/10.2.1/../../../../arm-none-eabi/lib/thumb/v7-m/nofp\libg.a(lib_a-mprec.o)
                0x0800bcd0                __mprec_tens
 .rodata.p05.0  0x0800bd98        0xc c:/progra~2/gnuarm~1/102020~1/bin/../lib/gcc/arm-none-eabi/10.2.1/../../../../arm-none-eabi/lib/thumb/v7-m/nofp\libg.a(lib_a-mprec.o)
 .rodata.__assert_func.str1.4
                0x0800bda4       0x3f c:/progra~2/gnuarm~1/102020~1/bin/../lib/gcc/arm-none-eabi/10.2.1/../../../../arm-none-eabi/lib/thumb/v7-m/nofp\libg.a(lib_a-assert.o)
                                 0x43 (size before relaxing)
 *fill*         0x0800bde3        0x1 
 .rodata._setlocale_r.str1.4
                0x0800bde4        0xa c:/progra~2/gnuarm~1/102020~1/bin/../lib/gcc/arm-none-eabi/10.2.1/../../../../arm-none-eabi/lib/thumb/v7-m/nofp\libg.a(lib_a-locale.o)
                                  0xd (size before relaxing)
 *fill*         0x0800bdee        0x2 
 .rodata.str1.4
                0x0800bdf0        0x2 c:/progra~2/gnuarm~1/102020~1/bin/../lib/gcc/arm-none-eabi/10.2.1/../../../../arm-none-eabi/lib/thumb/v7-m/nofp\libg.a(lib_a-locale.o)
 .rodata._vfiprintf_r.str1.4
                0x0800bdf2       0x2f c:/progra~2/gnuarm~1/102020~1/bin/../lib/gcc/arm-none-eabi/10.2.1/../../../../arm-none-eabi/lib/thumb/v7-m/nofp\libg.a(lib_a-vfiprintf.o)
 *fill*         0x0800bdf2        0x2 
 .rodata.blanks.1
                0x0800bdf4       0x10 c:/progra~2/gnuarm~1/102020~1/bin/../lib/gcc/arm-none-eabi/10.2.1/../../../../arm-none-eabi/lib/thumb/v7-m/nofp\libg.a(lib_a-vfiprintf.o)
 .rodata.zeroes.0
                0x0800be04       0x10 c:/progra~2/gnuarm~1/102020~1/bin/../lib/gcc/arm-none-eabi/10.2.1/../../../../arm-none-eabi/lib/thumb/v7-m/nofp\libg.a(lib_a-vfiprintf.o)
 .rodata._ctype_
                0x0800be14      0x101 c:/progra~2/gnuarm~1/102020~1/bin/../lib/gcc/arm-none-eabi/10.2.1/../../../../arm-none-eabi/lib/thumb/v7-m/nofp\libg.a(lib_a-ctype_.o)
                0x0800be14                _ctype_
 .rodata.log.str1.4
                0x0800bf15        0x1 c:/progra~2/gnuarm~1/102020~1/bin/../lib/gcc/arm-none-eabi/10.2.1/../../../../arm-none-eabi/lib/thumb/v7-m/nofp\libm.a(lib_a-w_log.o)
                0x0800bf18                . = ALIGN (0x4)
 *fill*         0x0800bf15        0x3 

.ARM.extab
 *(.ARM.extab* .gnu.linkonce.armextab.*)

.ARM            0x0800bf18        0x8
                0x0800bf18                __exidx_start = .
 *(.ARM.exidx*)
 .ARM.exidx     0x0800bf18        0x8 c:/progra~2/gnuarm~1/102020~1/bin/../lib/gcc/arm-none-eabi/10.2.1/thumb/v7-m/nofp\libgcc.a(_udivmoddi4.o)
                0x0800bf20                __exidx_end = .

.rel.dyn        0x0800bf20        0x0
 .rel.iplt      0x0800bf20        0x0 c:/progra~2/gnuarm~1/102020~1/bin/../lib/gcc/arm-none-eabi/10.2.1/thumb/v7-m/nofp/crtbegin.o

.preinit_array  0x0800bf20        0x0
                0x0800bf20                PROVIDE (__preinit_array_start = .)
 *(.preinit_array*)
                0x0800bf20                PROVIDE (__preinit_array_end = .)

.init_array     0x0800bf20        0x8
                0x0800bf20                PROVIDE (__init_array_start = .)
 *(SORT_BY_NAME(.init_array.*))
 .init_array.00000
                0x0800bf20        0x4 c:/progra~2/gnuarm~1/102020~1/bin/../lib/gcc/arm-none-eabi/10.2.1/../../../../arm-none-eabi/lib/thumb/v7-m/nofp\libg.a(lib_a-__call_atexit.o)
 *(.init_array*)
 .init_array    0x0800bf24        0x4 c:/progra~2/gnuarm~1/102020~1/bin/../lib/gcc/arm-none-eabi/10.2.1/thumb/v7-m/nofp/crtbegin.o
                0x0800bf28                PROVIDE (__init_array_end = .)

.fini_array     0x0800bf28        0x4
                0x0800bf28                PROVIDE (__fini_array_start = .)
 *(SORT_BY_NAME(.fini_array.*))
 *(.fini_array*)
 .fini_array    0x0800bf28        0x4 c:/progra~2/gnuarm~1/102020~1/bin/../lib/gcc/arm-none-eabi/10.2.1/thumb/v7-m/nofp/crtbegin.o
                0x0800bf2c                PROVIDE (__fini_array_end = .)
                0x0800bf2c                _sidata = LOADADDR (.data)

.data           0x20000000     0x1dfc load address 0x0800bf2c
                0x20000000                . = ALIGN (0x4)
                0x20000000                _sdata = .
 *(.data)
 *(.data*)
 .data.Emoji    0x20000000        0x4 CMakeFiles/discoTest.elf.dir/Core/Src/main.c.obj
                0x20000000                Emoji
 .data.UART     0x20000004        0x4 CMakeFiles/discoTest.elf.dir/Core/Src/main.c.obj
                0x20000004                UART
 .data.Hzk1     0x20000008      0x160 CMakeFiles/discoTest.elf.dir/Core/Src/oled.c.obj
                0x20000008                Hzk1
 .data.Hzk2     0x20000168       0xd8 CMakeFiles/discoTest.elf.dir/Core/Src/oled.c.obj
                0x20000168                Hzk2
 .data.Hzk3     0x20000240      0x200 CMakeFiles/discoTest.elf.dir/Core/Src/oled.c.obj
                0x20000240                Hzk3
 .data.Hzk4     0x20000440     0x1000 CMakeFiles/discoTest.elf.dir/Core/Src/oled.c.obj
                0x20000440                Hzk4
 .data.SystemCoreClock
                0x20001440        0x4 CMakeFiles/discoTest.elf.dir/Core/Src/system_stm32f1xx.c.obj
                0x20001440                SystemCoreClock
 .data.uwTickFreq
                0x20001444        0x1 CMakeFiles/discoTest.elf.dir/Drivers/STM32F1xx_HAL_Driver/Src/stm32f1xx_hal.c.obj
                0x20001444                uwTickFreq
 *fill*         0x20001445        0x3 
 .data.uwTickPrio
                0x20001448        0x4 CMakeFiles/discoTest.elf.dir/Drivers/STM32F1xx_HAL_Driver/Src/stm32f1xx_hal.c.obj
                0x20001448                uwTickPrio
 .data._impure_ptr
                0x2000144c        0x4 c:/progra~2/gnuarm~1/102020~1/bin/../lib/gcc/arm-none-eabi/10.2.1/../../../../arm-none-eabi/lib/thumb/v7-m/nofp\libg.a(lib_a-impure.o)
                0x2000144c                _impure_ptr
 .data.impure_data
                0x20001450      0x428 c:/progra~2/gnuarm~1/102020~1/bin/../lib/gcc/arm-none-eabi/10.2.1/../../../../arm-none-eabi/lib/thumb/v7-m/nofp\libg.a(lib_a-impure.o)
 .data.__atexit_recursive_mutex
                0x20001878        0x4 c:/progra~2/gnuarm~1/102020~1/bin/../lib/gcc/arm-none-eabi/10.2.1/../../../../arm-none-eabi/lib/thumb/v7-m/nofp\libg.a(lib_a-__call_atexit.o)
                0x20001878                __atexit_recursive_mutex
 .data.__malloc_av_
                0x2000187c      0x408 c:/progra~2/gnuarm~1/102020~1/bin/../lib/gcc/arm-none-eabi/10.2.1/../../../../arm-none-eabi/lib/thumb/v7-m/nofp\libg.a(lib_a-mallocr.o)
                0x2000187c                __malloc_av_
 .data.__malloc_sbrk_base
                0x20001c84        0x4 c:/progra~2/gnuarm~1/102020~1/bin/../lib/gcc/arm-none-eabi/10.2.1/../../../../arm-none-eabi/lib/thumb/v7-m/nofp\libg.a(lib_a-mallocr.o)
                0x20001c84                __malloc_sbrk_base
 .data.__malloc_trim_threshold
                0x20001c88        0x4 c:/progra~2/gnuarm~1/102020~1/bin/../lib/gcc/arm-none-eabi/10.2.1/../../../../arm-none-eabi/lib/thumb/v7-m/nofp\libg.a(lib_a-mallocr.o)
                0x20001c88                __malloc_trim_threshold
 .data.__global_locale
                0x20001c8c      0x16c c:/progra~2/gnuarm~1/102020~1/bin/../lib/gcc/arm-none-eabi/10.2.1/../../../../arm-none-eabi/lib/thumb/v7-m/nofp\libg.a(lib_a-locale.o)
                0x20001c8c                __global_locale
 .data.__fdlib_version
                0x20001df8        0x1 c:/progra~2/gnuarm~1/102020~1/bin/../lib/gcc/arm-none-eabi/10.2.1/../../../../arm-none-eabi/lib/thumb/v7-m/nofp\libm.a(lib_a-s_lib_ver.o)
                0x20001df8                __fdlib_version
                0x20001dfc                . = ALIGN (0x4)
 *fill*         0x20001df9        0x3 
                0x20001dfc                _edata = .

.igot.plt       0x20001dfc        0x0 load address 0x0800dd28
 .igot.plt      0x20001dfc        0x0 c:/progra~2/gnuarm~1/102020~1/bin/../lib/gcc/arm-none-eabi/10.2.1/thumb/v7-m/nofp/crtbegin.o
                0x20001dfc                . = ALIGN (0x4)

.bss            0x20001dfc      0x664 load address 0x0800dd28
                0x20001dfc                _sbss = .
                0x20001dfc                __bss_start__ = _sbss
 *(.bss)
 .bss           0x20001dfc       0x1c c:/progra~2/gnuarm~1/102020~1/bin/../lib/gcc/arm-none-eabi/10.2.1/thumb/v7-m/nofp/crtbegin.o
 *(.bss*)
 .bss.DisplayCache1
                0x20001e18       0x10 CMakeFiles/discoTest.elf.dir/Core/Src/main.c.obj
                0x20001e18                DisplayCache1
 .bss.DisplayCache2
                0x20001e28       0x10 CMakeFiles/discoTest.elf.dir/Core/Src/main.c.obj
                0x20001e28                DisplayCache2
 .bss.DisplayCache3
                0x20001e38       0x10 CMakeFiles/discoTest.elf.dir/Core/Src/main.c.obj
                0x20001e38                DisplayCache3
 .bss.DisplayCache4
                0x20001e48       0x10 CMakeFiles/discoTest.elf.dir/Core/Src/main.c.obj
                0x20001e48                DisplayCache4
 .bss.frame     0x20001e58        0x4 CMakeFiles/discoTest.elf.dir/Core/Src/main.c.obj
                0x20001e58                frame
 .bss.hadc1     0x20001e5c       0x30 CMakeFiles/discoTest.elf.dir/Core/Src/main.c.obj
                0x20001e5c                hadc1
 .bss.hadc2     0x20001e8c       0x30 CMakeFiles/discoTest.elf.dir/Core/Src/main.c.obj
                0x20001e8c                hadc2
 .bss.htim2     0x20001ebc       0x48 CMakeFiles/discoTest.elf.dir/Core/Src/main.c.obj
                0x20001ebc                htim2
 .bss.htim3     0x20001f04       0x48 CMakeFiles/discoTest.elf.dir/Core/Src/main.c.obj
                0x20001f04                htim3
 .bss.huart1    0x20001f4c       0x44 CMakeFiles/discoTest.elf.dir/Core/Src/main.c.obj
                0x20001f4c                huart1
 .bss.OLED_GRAM
                0x20001f90      0x480 CMakeFiles/discoTest.elf.dir/Core/Src/oled.c.obj
                0x20001f90                OLED_GRAM
 .bss.heap_end.0
                0x20002410        0x4 CMakeFiles/discoTest.elf.dir/Core/Src/syscalls.c.obj
 .bss.uwTick    0x20002414        0x4 CMakeFiles/discoTest.elf.dir/Drivers/STM32F1xx_HAL_Driver/Src/stm32f1xx_hal.c.obj
                0x20002414                uwTick
 .bss.__lock___atexit_recursive_mutex
                0x20002418        0x1 c:/progra~2/gnuarm~1/102020~1/bin/../lib/gcc/arm-none-eabi/10.2.1/../../../../arm-none-eabi/lib/thumb/v7-m/nofp\libg.a(lib_a-lock.o)
                0x20002418                __lock___atexit_recursive_mutex
 *fill*         0x20002419        0x3 
 .bss.__lock___malloc_recursive_mutex
                0x2000241c        0x1 c:/progra~2/gnuarm~1/102020~1/bin/../lib/gcc/arm-none-eabi/10.2.1/../../../../arm-none-eabi/lib/thumb/v7-m/nofp\libg.a(lib_a-lock.o)
                0x2000241c                __lock___malloc_recursive_mutex
 *fill*         0x2000241d        0x3 
 .bss.__lock___sfp_recursive_mutex
                0x20002420        0x1 c:/progra~2/gnuarm~1/102020~1/bin/../lib/gcc/arm-none-eabi/10.2.1/../../../../arm-none-eabi/lib/thumb/v7-m/nofp\libg.a(lib_a-lock.o)
                0x20002420                __lock___sfp_recursive_mutex
 *fill*         0x20002421        0x3 
 .bss.__lock___sinit_recursive_mutex
                0x20002424        0x1 c:/progra~2/gnuarm~1/102020~1/bin/../lib/gcc/arm-none-eabi/10.2.1/../../../../arm-none-eabi/lib/thumb/v7-m/nofp\libg.a(lib_a-lock.o)
                0x20002424                __lock___sinit_recursive_mutex
 *fill*         0x20002425        0x3 
 .bss.__malloc_current_mallinfo
                0x20002428       0x28 c:/progra~2/gnuarm~1/102020~1/bin/../lib/gcc/arm-none-eabi/10.2.1/../../../../arm-none-eabi/lib/thumb/v7-m/nofp\libg.a(lib_a-mallocr.o)
                0x20002428                __malloc_current_mallinfo
 .bss.__malloc_max_sbrked_mem
                0x20002450        0x4 c:/progra~2/gnuarm~1/102020~1/bin/../lib/gcc/arm-none-eabi/10.2.1/../../../../arm-none-eabi/lib/thumb/v7-m/nofp\libg.a(lib_a-mallocr.o)
                0x20002450                __malloc_max_sbrked_mem
 .bss.__malloc_max_total_mem
                0x20002454        0x4 c:/progra~2/gnuarm~1/102020~1/bin/../lib/gcc/arm-none-eabi/10.2.1/../../../../arm-none-eabi/lib/thumb/v7-m/nofp\libg.a(lib_a-mallocr.o)
                0x20002454                __malloc_max_total_mem
 .bss.__malloc_top_pad
                0x20002458        0x4 c:/progra~2/gnuarm~1/102020~1/bin/../lib/gcc/arm-none-eabi/10.2.1/../../../../arm-none-eabi/lib/thumb/v7-m/nofp\libg.a(lib_a-mallocr.o)
                0x20002458                __malloc_top_pad
 .bss.errno     0x2000245c        0x4 c:/progra~2/gnuarm~1/102020~1/bin/../lib/gcc/arm-none-eabi/10.2.1/../../../../arm-none-eabi/lib/thumb/v7-m/nofp\libg.a(lib_a-reent.o)
                0x2000245c                errno
 *(COMMON)
                0x20002460                . = ALIGN (0x4)
                0x20002460                _ebss = .
                0x20002460                __bss_end__ = _ebss

._user_heap_stack
                0x20002460      0x600 load address 0x0800dd28
                0x20002460                . = ALIGN (0x8)
                0x20002460                PROVIDE (end = .)
                [!provide]                PROVIDE (_end = .)
                0x20002660                . = (. + _Min_Heap_Size)
 *fill*         0x20002460      0x200 
                0x20002a60                . = (. + _Min_Stack_Size)
 *fill*         0x20002660      0x400 
                0x20002a60                . = ALIGN (0x8)

/DISCARD/
 libc.a(*)
 libm.a(*)
 libgcc.a(*)

.ARM.attributes
                0x00000000       0x29
 *(.ARM.attributes)
 .ARM.attributes
                0x00000000       0x1d c:/progra~2/gnuarm~1/102020~1/bin/../lib/gcc/arm-none-eabi/10.2.1/thumb/v7-m/nofp/crti.o
 .ARM.attributes
                0x0000001d       0x2d c:/progra~2/gnuarm~1/102020~1/bin/../lib/gcc/arm-none-eabi/10.2.1/thumb/v7-m/nofp/crtbegin.o
 .ARM.attributes
                0x0000004a       0x2d CMakeFiles/discoTest.elf.dir/Core/Src/main.c.obj
 .ARM.attributes
                0x00000077       0x2d CMakeFiles/discoTest.elf.dir/Core/Src/oled.c.obj
 .ARM.attributes
                0x000000a4       0x2d CMakeFiles/discoTest.elf.dir/Core/Src/stm32f1xx_hal_msp.c.obj
 .ARM.attributes
                0x000000d1       0x2d CMakeFiles/discoTest.elf.dir/Core/Src/stm32f1xx_it.c.obj
 .ARM.attributes
                0x000000fe       0x2d CMakeFiles/discoTest.elf.dir/Core/Src/syscalls.c.obj
 .ARM.attributes
                0x0000012b       0x2d CMakeFiles/discoTest.elf.dir/Core/Src/system_stm32f1xx.c.obj
 .ARM.attributes
                0x00000158       0x2d CMakeFiles/discoTest.elf.dir/Drivers/STM32F1xx_HAL_Driver/Src/stm32f1xx_hal.c.obj
 .ARM.attributes
                0x00000185       0x2d CMakeFiles/discoTest.elf.dir/Drivers/STM32F1xx_HAL_Driver/Src/stm32f1xx_hal_adc.c.obj
 .ARM.attributes
                0x000001b2       0x2d CMakeFiles/discoTest.elf.dir/Drivers/STM32F1xx_HAL_Driver/Src/stm32f1xx_hal_adc_ex.c.obj
 .ARM.attributes
                0x000001df       0x2d CMakeFiles/discoTest.elf.dir/Drivers/STM32F1xx_HAL_Driver/Src/stm32f1xx_hal_cortex.c.obj
 .ARM.attributes
                0x0000020c       0x2d CMakeFiles/discoTest.elf.dir/Drivers/STM32F1xx_HAL_Driver/Src/stm32f1xx_hal_gpio.c.obj
 .ARM.attributes
                0x00000239       0x2d CMakeFiles/discoTest.elf.dir/Drivers/STM32F1xx_HAL_Driver/Src/stm32f1xx_hal_rcc.c.obj
 .ARM.attributes
                0x00000266       0x2d CMakeFiles/discoTest.elf.dir/Drivers/STM32F1xx_HAL_Driver/Src/stm32f1xx_hal_rcc_ex.c.obj
 .ARM.attributes
                0x00000293       0x2d CMakeFiles/discoTest.elf.dir/Drivers/STM32F1xx_HAL_Driver/Src/stm32f1xx_hal_tim.c.obj
 .ARM.attributes
                0x000002c0       0x2d CMakeFiles/discoTest.elf.dir/Drivers/STM32F1xx_HAL_Driver/Src/stm32f1xx_hal_tim_ex.c.obj
 .ARM.attributes
                0x000002ed       0x2d CMakeFiles/discoTest.elf.dir/Drivers/STM32F1xx_HAL_Driver/Src/stm32f1xx_hal_uart.c.obj
 .ARM.attributes
                0x0000031a       0x21 CMakeFiles/discoTest.elf.dir/startup/startup_stm32f103xb.s.obj
 .ARM.attributes
                0x0000033b       0x1d c:/progra~2/gnuarm~1/102020~1/bin/../lib/gcc/arm-none-eabi/10.2.1/thumb/v7-m/nofp\libgcc.a(_arm_addsubdf3.o)
 .ARM.attributes
                0x00000358       0x1d c:/progra~2/gnuarm~1/102020~1/bin/../lib/gcc/arm-none-eabi/10.2.1/thumb/v7-m/nofp\libgcc.a(_arm_muldivdf3.o)
 .ARM.attributes
                0x00000375       0x1d c:/progra~2/gnuarm~1/102020~1/bin/../lib/gcc/arm-none-eabi/10.2.1/thumb/v7-m/nofp\libgcc.a(_arm_fixdfsi.o)
 .ARM.attributes
                0x00000392       0x1d c:/progra~2/gnuarm~1/102020~1/bin/../lib/gcc/arm-none-eabi/10.2.1/thumb/v7-m/nofp\libgcc.a(_arm_truncdfsf2.o)
 .ARM.attributes
                0x000003af       0x1d c:/progra~2/gnuarm~1/102020~1/bin/../lib/gcc/arm-none-eabi/10.2.1/thumb/v7-m/nofp\libgcc.a(_arm_addsubsf3.o)
 .ARM.attributes
                0x000003cc       0x1d c:/progra~2/gnuarm~1/102020~1/bin/../lib/gcc/arm-none-eabi/10.2.1/thumb/v7-m/nofp\libgcc.a(_arm_muldivsf3.o)
 .ARM.attributes
                0x000003e9       0x2d c:/progra~2/gnuarm~1/102020~1/bin/../lib/gcc/arm-none-eabi/10.2.1/../../../../arm-none-eabi/lib/thumb/v7-m/nofp\libg.a(lib_a-errno.o)
 .ARM.attributes
                0x00000416       0x2d c:/progra~2/gnuarm~1/102020~1/bin/../lib/gcc/arm-none-eabi/10.2.1/../../../../arm-none-eabi/lib/thumb/v7-m/nofp\libg.a(lib_a-impure.o)
 .ARM.attributes
                0x00000443       0x2d c:/progra~2/gnuarm~1/102020~1/bin/../lib/gcc/arm-none-eabi/10.2.1/../../../../arm-none-eabi/lib/thumb/v7-m/nofp\libg.a(lib_a-init.o)
 .ARM.attributes
                0x00000470       0x2d c:/progra~2/gnuarm~1/102020~1/bin/../lib/gcc/arm-none-eabi/10.2.1/../../../../arm-none-eabi/lib/thumb/v7-m/nofp\libg.a(lib_a-memset.o)
 .ARM.attributes
                0x0000049d       0x2d c:/progra~2/gnuarm~1/102020~1/bin/../lib/gcc/arm-none-eabi/10.2.1/../../../../arm-none-eabi/lib/thumb/v7-m/nofp\libg.a(lib_a-sprintf.o)
 .ARM.attributes
                0x000004ca       0x2d c:/progra~2/gnuarm~1/102020~1/bin/../lib/gcc/arm-none-eabi/10.2.1/../../../../arm-none-eabi/lib/thumb/v7-m/nofp\libg.a(lib_a-svfprintf.o)
 .ARM.attributes
                0x000004f7       0x2d c:/progra~2/gnuarm~1/102020~1/bin/../lib/gcc/arm-none-eabi/10.2.1/../../../../arm-none-eabi/lib/thumb/v7-m/nofp\libg.a(lib_a-__call_atexit.o)
 .ARM.attributes
                0x00000524       0x2d c:/progra~2/gnuarm~1/102020~1/bin/../lib/gcc/arm-none-eabi/10.2.1/../../../../arm-none-eabi/lib/thumb/v7-m/nofp\libg.a(lib_a-atexit.o)
 .ARM.attributes
                0x00000551       0x2d c:/progra~2/gnuarm~1/102020~1/bin/../lib/gcc/arm-none-eabi/10.2.1/../../../../arm-none-eabi/lib/thumb/v7-m/nofp\libg.a(lib_a-dtoa.o)
 .ARM.attributes
                0x0000057e       0x2d c:/progra~2/gnuarm~1/102020~1/bin/../lib/gcc/arm-none-eabi/10.2.1/../../../../arm-none-eabi/lib/thumb/v7-m/nofp\libg.a(lib_a-fini.o)
 .ARM.attributes
                0x000005ab       0x2d c:/progra~2/gnuarm~1/102020~1/bin/../lib/gcc/arm-none-eabi/10.2.1/../../../../arm-none-eabi/lib/thumb/v7-m/nofp\libg.a(lib_a-freer.o)
 .ARM.attributes
                0x000005d8       0x2d c:/progra~2/gnuarm~1/102020~1/bin/../lib/gcc/arm-none-eabi/10.2.1/../../../../arm-none-eabi/lib/thumb/v7-m/nofp\libg.a(lib_a-localeconv.o)
 .ARM.attributes
                0x00000605       0x2d c:/progra~2/gnuarm~1/102020~1/bin/../lib/gcc/arm-none-eabi/10.2.1/../../../../arm-none-eabi/lib/thumb/v7-m/nofp\libg.a(lib_a-lock.o)
 .ARM.attributes
                0x00000632       0x2d c:/progra~2/gnuarm~1/102020~1/bin/../lib/gcc/arm-none-eabi/10.2.1/../../../../arm-none-eabi/lib/thumb/v7-m/nofp\libg.a(lib_a-mallocr.o)
 .ARM.attributes
                0x0000065f       0x2d c:/progra~2/gnuarm~1/102020~1/bin/../lib/gcc/arm-none-eabi/10.2.1/../../../../arm-none-eabi/lib/thumb/v7-m/nofp\libg.a(lib_a-memchr-stub.o)
 .ARM.attributes
                0x0000068c       0x1b c:/progra~2/gnuarm~1/102020~1/bin/../lib/gcc/arm-none-eabi/10.2.1/../../../../arm-none-eabi/lib/thumb/v7-m/nofp\libg.a(lib_a-memcpy.o)
 .ARM.attributes
                0x000006a7       0x2d c:/progra~2/gnuarm~1/102020~1/bin/../lib/gcc/arm-none-eabi/10.2.1/../../../../arm-none-eabi/lib/thumb/v7-m/nofp\libg.a(lib_a-mlock.o)
 .ARM.attributes
                0x000006d4       0x2d c:/progra~2/gnuarm~1/102020~1/bin/../lib/gcc/arm-none-eabi/10.2.1/../../../../arm-none-eabi/lib/thumb/v7-m/nofp\libg.a(lib_a-mprec.o)
 .ARM.attributes
                0x00000701       0x2d c:/progra~2/gnuarm~1/102020~1/bin/../lib/gcc/arm-none-eabi/10.2.1/../../../../arm-none-eabi/lib/thumb/v7-m/nofp\libg.a(lib_a-s_frexp.o)
 .ARM.attributes
                0x0000072e       0x2d c:/progra~2/gnuarm~1/102020~1/bin/../lib/gcc/arm-none-eabi/10.2.1/../../../../arm-none-eabi/lib/thumb/v7-m/nofp\libg.a(lib_a-sbrkr.o)
 .ARM.attributes
                0x0000075b       0x2d c:/progra~2/gnuarm~1/102020~1/bin/../lib/gcc/arm-none-eabi/10.2.1/../../../../arm-none-eabi/lib/thumb/v7-m/nofp\libg.a(lib_a-strlen-stub.o)
 .ARM.attributes
                0x00000788       0x2d c:/progra~2/gnuarm~1/102020~1/bin/../lib/gcc/arm-none-eabi/10.2.1/../../../../arm-none-eabi/lib/thumb/v7-m/nofp\libg.a(lib_a-strncpy.o)
 .ARM.attributes
                0x000007b5       0x2d c:/progra~2/gnuarm~1/102020~1/bin/../lib/gcc/arm-none-eabi/10.2.1/../../../../arm-none-eabi/lib/thumb/v7-m/nofp\libg.a(lib_a-svfiprintf.o)
 .ARM.attributes
                0x000007e2       0x2d c:/progra~2/gnuarm~1/102020~1/bin/../lib/gcc/arm-none-eabi/10.2.1/../../../../arm-none-eabi/lib/thumb/v7-m/nofp\libg.a(lib_a-__atexit.o)
 .ARM.attributes
                0x0000080f       0x2d c:/progra~2/gnuarm~1/102020~1/bin/../lib/gcc/arm-none-eabi/10.2.1/../../../../arm-none-eabi/lib/thumb/v7-m/nofp\libg.a(lib_a-assert.o)
 .ARM.attributes
                0x0000083c       0x2d c:/progra~2/gnuarm~1/102020~1/bin/../lib/gcc/arm-none-eabi/10.2.1/../../../../arm-none-eabi/lib/thumb/v7-m/nofp\libg.a(lib_a-callocr.o)
 .ARM.attributes
                0x00000869       0x2d c:/progra~2/gnuarm~1/102020~1/bin/../lib/gcc/arm-none-eabi/10.2.1/../../../../arm-none-eabi/lib/thumb/v7-m/nofp\libg.a(lib_a-fiprintf.o)
 .ARM.attributes
                0x00000896       0x2d c:/progra~2/gnuarm~1/102020~1/bin/../lib/gcc/arm-none-eabi/10.2.1/../../../../arm-none-eabi/lib/thumb/v7-m/nofp\libg.a(lib_a-locale.o)
 .ARM.attributes
                0x000008c3       0x2d c:/progra~2/gnuarm~1/102020~1/bin/../lib/gcc/arm-none-eabi/10.2.1/../../../../arm-none-eabi/lib/thumb/v7-m/nofp\libg.a(lib_a-mbtowc_r.o)
 .ARM.attributes
                0x000008f0       0x2d c:/progra~2/gnuarm~1/102020~1/bin/../lib/gcc/arm-none-eabi/10.2.1/../../../../arm-none-eabi/lib/thumb/v7-m/nofp\libg.a(lib_a-memmove.o)
 .ARM.attributes
                0x0000091d       0x2d c:/progra~2/gnuarm~1/102020~1/bin/../lib/gcc/arm-none-eabi/10.2.1/../../../../arm-none-eabi/lib/thumb/v7-m/nofp\libg.a(lib_a-reallocr.o)
 .ARM.attributes
                0x0000094a       0x2d c:/progra~2/gnuarm~1/102020~1/bin/../lib/gcc/arm-none-eabi/10.2.1/../../../../arm-none-eabi/lib/thumb/v7-m/nofp\libg.a(lib_a-reent.o)
 .ARM.attributes
                0x00000977       0x2d c:/progra~2/gnuarm~1/102020~1/bin/../lib/gcc/arm-none-eabi/10.2.1/../../../../arm-none-eabi/lib/thumb/v7-m/nofp\libg.a(lib_a-vfiprintf.o)
 .ARM.attributes
                0x000009a4       0x2d c:/progra~2/gnuarm~1/102020~1/bin/../lib/gcc/arm-none-eabi/10.2.1/../../../../arm-none-eabi/lib/thumb/v7-m/nofp\libg.a(lib_a-wctomb_r.o)
 .ARM.attributes
                0x000009d1       0x2d c:/progra~2/gnuarm~1/102020~1/bin/../lib/gcc/arm-none-eabi/10.2.1/../../../../arm-none-eabi/lib/thumb/v7-m/nofp\libg.a(lib_a-wsetup.o)
 .ARM.attributes
                0x000009fe       0x2d c:/progra~2/gnuarm~1/102020~1/bin/../lib/gcc/arm-none-eabi/10.2.1/../../../../arm-none-eabi/lib/thumb/v7-m/nofp\libg.a(lib_a-abort.o)
 .ARM.attributes
                0x00000a2b       0x2d c:/progra~2/gnuarm~1/102020~1/bin/../lib/gcc/arm-none-eabi/10.2.1/../../../../arm-none-eabi/lib/thumb/v7-m/nofp\libg.a(lib_a-ctype_.o)
 .ARM.attributes
                0x00000a58       0x2d c:/progra~2/gnuarm~1/102020~1/bin/../lib/gcc/arm-none-eabi/10.2.1/../../../../arm-none-eabi/lib/thumb/v7-m/nofp\libg.a(lib_a-fflush.o)
 .ARM.attributes
                0x00000a85       0x2d c:/progra~2/gnuarm~1/102020~1/bin/../lib/gcc/arm-none-eabi/10.2.1/../../../../arm-none-eabi/lib/thumb/v7-m/nofp\libg.a(lib_a-findfp.o)
 .ARM.attributes
                0x00000ab2       0x2d c:/progra~2/gnuarm~1/102020~1/bin/../lib/gcc/arm-none-eabi/10.2.1/../../../../arm-none-eabi/lib/thumb/v7-m/nofp\libg.a(lib_a-fputwc.o)
 .ARM.attributes
                0x00000adf       0x2d c:/progra~2/gnuarm~1/102020~1/bin/../lib/gcc/arm-none-eabi/10.2.1/../../../../arm-none-eabi/lib/thumb/v7-m/nofp\libg.a(lib_a-fvwrite.o)
 .ARM.attributes
                0x00000b0c       0x2d c:/progra~2/gnuarm~1/102020~1/bin/../lib/gcc/arm-none-eabi/10.2.1/../../../../arm-none-eabi/lib/thumb/v7-m/nofp\libg.a(lib_a-fwalk.o)
 .ARM.attributes
                0x00000b39       0x2d c:/progra~2/gnuarm~1/102020~1/bin/../lib/gcc/arm-none-eabi/10.2.1/../../../../arm-none-eabi/lib/thumb/v7-m/nofp\libg.a(lib_a-makebuf.o)
 .ARM.attributes
                0x00000b66       0x2d c:/progra~2/gnuarm~1/102020~1/bin/../lib/gcc/arm-none-eabi/10.2.1/../../../../arm-none-eabi/lib/thumb/v7-m/nofp\libg.a(lib_a-signal.o)
 .ARM.attributes
                0x00000b93       0x2d c:/progra~2/gnuarm~1/102020~1/bin/../lib/gcc/arm-none-eabi/10.2.1/../../../../arm-none-eabi/lib/thumb/v7-m/nofp\libg.a(lib_a-signalr.o)
 .ARM.attributes
                0x00000bc0       0x2d c:/progra~2/gnuarm~1/102020~1/bin/../lib/gcc/arm-none-eabi/10.2.1/../../../../arm-none-eabi/lib/thumb/v7-m/nofp\libg.a(lib_a-stdio.o)
 .ARM.attributes
                0x00000bed       0x2d c:/progra~2/gnuarm~1/102020~1/bin/../lib/gcc/arm-none-eabi/10.2.1/../../../../arm-none-eabi/lib/thumb/v7-m/nofp\libg.a(lib_a-wbuf.o)
 .ARM.attributes
                0x00000c1a       0x2d c:/progra~2/gnuarm~1/102020~1/bin/../lib/gcc/arm-none-eabi/10.2.1/../../../../arm-none-eabi/lib/thumb/v7-m/nofp\libg.a(lib_a-wcrtomb.o)
 .ARM.attributes
                0x00000c47       0x2d c:/progra~2/gnuarm~1/102020~1/bin/../lib/gcc/arm-none-eabi/10.2.1/../../../../arm-none-eabi/lib/thumb/v7-m/nofp\libg.a(lib_a-writer.o)
 .ARM.attributes
                0x00000c74       0x2d c:/progra~2/gnuarm~1/102020~1/bin/../lib/gcc/arm-none-eabi/10.2.1/../../../../arm-none-eabi/lib/thumb/v7-m/nofp\libg.a(lib_a-closer.o)
 .ARM.attributes
                0x00000ca1       0x2d c:/progra~2/gnuarm~1/102020~1/bin/../lib/gcc/arm-none-eabi/10.2.1/../../../../arm-none-eabi/lib/thumb/v7-m/nofp\libg.a(lib_a-fclose.o)
 .ARM.attributes
                0x00000cce       0x2d c:/progra~2/gnuarm~1/102020~1/bin/../lib/gcc/arm-none-eabi/10.2.1/../../../../arm-none-eabi/lib/thumb/v7-m/nofp\libg.a(lib_a-fstatr.o)
 .ARM.attributes
                0x00000cfb       0x2d c:/progra~2/gnuarm~1/102020~1/bin/../lib/gcc/arm-none-eabi/10.2.1/../../../../arm-none-eabi/lib/thumb/v7-m/nofp\libg.a(lib_a-isattyr.o)
 .ARM.attributes
                0x00000d28       0x2d c:/progra~2/gnuarm~1/102020~1/bin/../lib/gcc/arm-none-eabi/10.2.1/../../../../arm-none-eabi/lib/thumb/v7-m/nofp\libg.a(lib_a-lseekr.o)
 .ARM.attributes
                0x00000d55       0x2d c:/progra~2/gnuarm~1/102020~1/bin/../lib/gcc/arm-none-eabi/10.2.1/../../../../arm-none-eabi/lib/thumb/v7-m/nofp\libg.a(lib_a-readr.o)
 .ARM.attributes
                0x00000d82       0x1d c:/progra~2/gnuarm~1/102020~1/bin/../lib/gcc/arm-none-eabi/10.2.1/thumb/v7-m/nofp\libgcc.a(_arm_cmpdf2.o)
 .ARM.attributes
                0x00000d9f       0x1d c:/progra~2/gnuarm~1/102020~1/bin/../lib/gcc/arm-none-eabi/10.2.1/thumb/v7-m/nofp\libgcc.a(_arm_unorddf2.o)
 .ARM.attributes
                0x00000dbc       0x1d c:/progra~2/gnuarm~1/102020~1/bin/../lib/gcc/arm-none-eabi/10.2.1/thumb/v7-m/nofp\libgcc.a(_aeabi_uldivmod.o)
 .ARM.attributes
                0x00000dd9       0x2d c:/progra~2/gnuarm~1/102020~1/bin/../lib/gcc/arm-none-eabi/10.2.1/thumb/v7-m/nofp\libgcc.a(_udivmoddi4.o)
 .ARM.attributes
                0x00000e06       0x1d c:/progra~2/gnuarm~1/102020~1/bin/../lib/gcc/arm-none-eabi/10.2.1/thumb/v7-m/nofp\libgcc.a(_dvmd_tls.o)
 .ARM.attributes
                0x00000e23       0x1d c:/progra~2/gnuarm~1/102020~1/bin/../lib/gcc/arm-none-eabi/10.2.1/thumb/v7-m/nofp/crtn.o
OUTPUT(discoTest.elf elf32-littlearm)
LOAD linker stubs
LOAD c:/progra~2/gnuarm~1/102020~1/bin/../lib/gcc/arm-none-eabi/10.2.1/../../../../arm-none-eabi/lib/thumb/v7-m/nofp\libc.a
LOAD c:/progra~2/gnuarm~1/102020~1/bin/../lib/gcc/arm-none-eabi/10.2.1/../../../../arm-none-eabi/lib/thumb/v7-m/nofp\libm.a
LOAD c:/progra~2/gnuarm~1/102020~1/bin/../lib/gcc/arm-none-eabi/10.2.1/thumb/v7-m/nofp\libgcc.a

.debug_info     0x00000000    0x10b49
 .debug_info    0x00000000     0x23f5 CMakeFiles/discoTest.elf.dir/Core/Src/main.c.obj
 .debug_info    0x000023f5     0x13a9 CMakeFiles/discoTest.elf.dir/Core/Src/oled.c.obj
 .debug_info    0x0000379e     0x107e CMakeFiles/discoTest.elf.dir/Core/Src/stm32f1xx_hal_msp.c.obj
 .debug_info    0x0000481c      0x1b5 CMakeFiles/discoTest.elf.dir/Core/Src/stm32f1xx_it.c.obj
 .debug_info    0x000049d1      0x835 CMakeFiles/discoTest.elf.dir/Core/Src/syscalls.c.obj
 .debug_info    0x00005206      0x248 CMakeFiles/discoTest.elf.dir/Core/Src/system_stm32f1xx.c.obj
 .debug_info    0x0000544e      0x7a8 CMakeFiles/discoTest.elf.dir/Drivers/STM32F1xx_HAL_Driver/Src/stm32f1xx_hal.c.obj
 .debug_info    0x00005bf6      0xf10 CMakeFiles/discoTest.elf.dir/Drivers/STM32F1xx_HAL_Driver/Src/stm32f1xx_hal_adc.c.obj
 .debug_info    0x00006b06      0xc3b CMakeFiles/discoTest.elf.dir/Drivers/STM32F1xx_HAL_Driver/Src/stm32f1xx_hal_adc_ex.c.obj
 .debug_info    0x00007741      0xd8a CMakeFiles/discoTest.elf.dir/Drivers/STM32F1xx_HAL_Driver/Src/stm32f1xx_hal_cortex.c.obj
 .debug_info    0x000084cb      0x66f CMakeFiles/discoTest.elf.dir/Drivers/STM32F1xx_HAL_Driver/Src/stm32f1xx_hal_gpio.c.obj
 .debug_info    0x00008b3a      0xa36 CMakeFiles/discoTest.elf.dir/Drivers/STM32F1xx_HAL_Driver/Src/stm32f1xx_hal_rcc.c.obj
 .debug_info    0x00009570      0x443 CMakeFiles/discoTest.elf.dir/Drivers/STM32F1xx_HAL_Driver/Src/stm32f1xx_hal_rcc_ex.c.obj
 .debug_info    0x000099b3     0x3b00 CMakeFiles/discoTest.elf.dir/Drivers/STM32F1xx_HAL_Driver/Src/stm32f1xx_hal_tim.c.obj
 .debug_info    0x0000d4b3     0x19e9 CMakeFiles/discoTest.elf.dir/Drivers/STM32F1xx_HAL_Driver/Src/stm32f1xx_hal_tim_ex.c.obj
 .debug_info    0x0000ee9c     0x1c8b CMakeFiles/discoTest.elf.dir/Drivers/STM32F1xx_HAL_Driver/Src/stm32f1xx_hal_uart.c.obj
 .debug_info    0x00010b27       0x22 CMakeFiles/discoTest.elf.dir/startup/startup_stm32f103xb.s.obj

.debug_abbrev   0x00000000     0x21f1
 .debug_abbrev  0x00000000      0x307 CMakeFiles/discoTest.elf.dir/Core/Src/main.c.obj
 .debug_abbrev  0x00000307      0x258 CMakeFiles/discoTest.elf.dir/Core/Src/oled.c.obj
 .debug_abbrev  0x0000055f      0x226 CMakeFiles/discoTest.elf.dir/Core/Src/stm32f1xx_hal_msp.c.obj
 .debug_abbrev  0x00000785       0xc4 CMakeFiles/discoTest.elf.dir/Core/Src/stm32f1xx_it.c.obj
 .debug_abbrev  0x00000849      0x1da CMakeFiles/discoTest.elf.dir/Core/Src/syscalls.c.obj
 .debug_abbrev  0x00000a23      0x13e CMakeFiles/discoTest.elf.dir/Core/Src/system_stm32f1xx.c.obj
 .debug_abbrev  0x00000b61      0x1f4 CMakeFiles/discoTest.elf.dir/Drivers/STM32F1xx_HAL_Driver/Src/stm32f1xx_hal.c.obj
 .debug_abbrev  0x00000d55      0x1fc CMakeFiles/discoTest.elf.dir/Drivers/STM32F1xx_HAL_Driver/Src/stm32f1xx_hal_adc.c.obj
 .debug_abbrev  0x00000f51      0x248 CMakeFiles/discoTest.elf.dir/Drivers/STM32F1xx_HAL_Driver/Src/stm32f1xx_hal_adc_ex.c.obj
 .debug_abbrev  0x00001199      0x341 CMakeFiles/discoTest.elf.dir/Drivers/STM32F1xx_HAL_Driver/Src/stm32f1xx_hal_cortex.c.obj
 .debug_abbrev  0x000014da      0x1e6 CMakeFiles/discoTest.elf.dir/Drivers/STM32F1xx_HAL_Driver/Src/stm32f1xx_hal_gpio.c.obj
 .debug_abbrev  0x000016c0      0x27a CMakeFiles/discoTest.elf.dir/Drivers/STM32F1xx_HAL_Driver/Src/stm32f1xx_hal_rcc.c.obj
 .debug_abbrev  0x0000193a      0x1d2 CMakeFiles/discoTest.elf.dir/Drivers/STM32F1xx_HAL_Driver/Src/stm32f1xx_hal_rcc_ex.c.obj
 .debug_abbrev  0x00001b0c      0x23e CMakeFiles/discoTest.elf.dir/Drivers/STM32F1xx_HAL_Driver/Src/stm32f1xx_hal_tim.c.obj
 .debug_abbrev  0x00001d4a      0x241 CMakeFiles/discoTest.elf.dir/Drivers/STM32F1xx_HAL_Driver/Src/stm32f1xx_hal_tim_ex.c.obj
 .debug_abbrev  0x00001f8b      0x254 CMakeFiles/discoTest.elf.dir/Drivers/STM32F1xx_HAL_Driver/Src/stm32f1xx_hal_uart.c.obj
 .debug_abbrev  0x000021df       0x12 CMakeFiles/discoTest.elf.dir/startup/startup_stm32f103xb.s.obj

.debug_loc      0x00000000     0xc787
 .debug_loc     0x00000000      0x397 CMakeFiles/discoTest.elf.dir/Core/Src/main.c.obj
 .debug_loc     0x00000397     0x1056 CMakeFiles/discoTest.elf.dir/Core/Src/oled.c.obj
 .debug_loc     0x000013ed      0x1eb CMakeFiles/discoTest.elf.dir/Core/Src/stm32f1xx_hal_msp.c.obj
 .debug_loc     0x000015d8      0x436 CMakeFiles/discoTest.elf.dir/Core/Src/syscalls.c.obj
 .debug_loc     0x00001a0e       0xff CMakeFiles/discoTest.elf.dir/Core/Src/system_stm32f1xx.c.obj
 .debug_loc     0x00001b0d      0x141 CMakeFiles/discoTest.elf.dir/Drivers/STM32F1xx_HAL_Driver/Src/stm32f1xx_hal.c.obj
 .debug_loc     0x00001c4e      0xad9 CMakeFiles/discoTest.elf.dir/Drivers/STM32F1xx_HAL_Driver/Src/stm32f1xx_hal_adc.c.obj
 .debug_loc     0x00002727      0x801 CMakeFiles/discoTest.elf.dir/Drivers/STM32F1xx_HAL_Driver/Src/stm32f1xx_hal_adc_ex.c.obj
 .debug_loc     0x00002f28      0x71f CMakeFiles/discoTest.elf.dir/Drivers/STM32F1xx_HAL_Driver/Src/stm32f1xx_hal_cortex.c.obj
 .debug_loc     0x00003647      0x47d CMakeFiles/discoTest.elf.dir/Drivers/STM32F1xx_HAL_Driver/Src/stm32f1xx_hal_gpio.c.obj
 .debug_loc     0x00003ac4      0x63e CMakeFiles/discoTest.elf.dir/Drivers/STM32F1xx_HAL_Driver/Src/stm32f1xx_hal_rcc.c.obj
 .debug_loc     0x00004102      0x3c8 CMakeFiles/discoTest.elf.dir/Drivers/STM32F1xx_HAL_Driver/Src/stm32f1xx_hal_rcc_ex.c.obj
 .debug_loc     0x000044ca     0x47a8 CMakeFiles/discoTest.elf.dir/Drivers/STM32F1xx_HAL_Driver/Src/stm32f1xx_hal_tim.c.obj
 .debug_loc     0x00008c72     0x1ade CMakeFiles/discoTest.elf.dir/Drivers/STM32F1xx_HAL_Driver/Src/stm32f1xx_hal_tim_ex.c.obj
 .debug_loc     0x0000a750     0x2037 CMakeFiles/discoTest.elf.dir/Drivers/STM32F1xx_HAL_Driver/Src/stm32f1xx_hal_uart.c.obj

.debug_aranges  0x00000000      0xe28
 .debug_aranges
                0x00000000       0x78 CMakeFiles/discoTest.elf.dir/Core/Src/main.c.obj
 .debug_aranges
                0x00000078       0xb8 CMakeFiles/discoTest.elf.dir/Core/Src/oled.c.obj
 .debug_aranges
                0x00000130       0x58 CMakeFiles/discoTest.elf.dir/Core/Src/stm32f1xx_hal_msp.c.obj
 .debug_aranges
                0x00000188       0x70 CMakeFiles/discoTest.elf.dir/Core/Src/stm32f1xx_it.c.obj
 .debug_aranges
                0x000001f8       0xb0 CMakeFiles/discoTest.elf.dir/Core/Src/syscalls.c.obj
 .debug_aranges
                0x000002a8       0x28 CMakeFiles/discoTest.elf.dir/Core/Src/system_stm32f1xx.c.obj
 .debug_aranges
                0x000002d0       0xe0 CMakeFiles/discoTest.elf.dir/Drivers/STM32F1xx_HAL_Driver/Src/stm32f1xx_hal.c.obj
 .debug_aranges
                0x000003b0       0xf0 CMakeFiles/discoTest.elf.dir/Drivers/STM32F1xx_HAL_Driver/Src/stm32f1xx_hal_adc.c.obj
 .debug_aranges
                0x000004a0       0x80 CMakeFiles/discoTest.elf.dir/Drivers/STM32F1xx_HAL_Driver/Src/stm32f1xx_hal_adc_ex.c.obj
 .debug_aranges
                0x00000520       0x90 CMakeFiles/discoTest.elf.dir/Drivers/STM32F1xx_HAL_Driver/Src/stm32f1xx_hal_cortex.c.obj
 .debug_aranges
                0x000005b0       0x58 CMakeFiles/discoTest.elf.dir/Drivers/STM32F1xx_HAL_Driver/Src/stm32f1xx_hal_gpio.c.obj
 .debug_aranges
                0x00000608       0x90 CMakeFiles/discoTest.elf.dir/Drivers/STM32F1xx_HAL_Driver/Src/stm32f1xx_hal_rcc.c.obj
 .debug_aranges
                0x00000698       0x30 CMakeFiles/discoTest.elf.dir/Drivers/STM32F1xx_HAL_Driver/Src/stm32f1xx_hal_rcc_ex.c.obj
 .debug_aranges
                0x000006c8      0x3d0 CMakeFiles/discoTest.elf.dir/Drivers/STM32F1xx_HAL_Driver/Src/stm32f1xx_hal_tim.c.obj
 .debug_aranges
                0x00000a98      0x168 CMakeFiles/discoTest.elf.dir/Drivers/STM32F1xx_HAL_Driver/Src/stm32f1xx_hal_tim_ex.c.obj
 .debug_aranges
                0x00000c00      0x200 CMakeFiles/discoTest.elf.dir/Drivers/STM32F1xx_HAL_Driver/Src/stm32f1xx_hal_uart.c.obj
 .debug_aranges
                0x00000e00       0x28 CMakeFiles/discoTest.elf.dir/startup/startup_stm32f103xb.s.obj

.debug_ranges   0x00000000      0xdb8
 .debug_ranges  0x00000000       0x68 CMakeFiles/discoTest.elf.dir/Core/Src/main.c.obj
 .debug_ranges  0x00000068       0xa8 CMakeFiles/discoTest.elf.dir/Core/Src/oled.c.obj
 .debug_ranges  0x00000110       0x48 CMakeFiles/discoTest.elf.dir/Core/Src/stm32f1xx_hal_msp.c.obj
 .debug_ranges  0x00000158       0x60 CMakeFiles/discoTest.elf.dir/Core/Src/stm32f1xx_it.c.obj
 .debug_ranges  0x000001b8       0xa0 CMakeFiles/discoTest.elf.dir/Core/Src/syscalls.c.obj
 .debug_ranges  0x00000258       0x18 CMakeFiles/discoTest.elf.dir/Core/Src/system_stm32f1xx.c.obj
 .debug_ranges  0x00000270       0xd0 CMakeFiles/discoTest.elf.dir/Drivers/STM32F1xx_HAL_Driver/Src/stm32f1xx_hal.c.obj
 .debug_ranges  0x00000340       0xe0 CMakeFiles/discoTest.elf.dir/Drivers/STM32F1xx_HAL_Driver/Src/stm32f1xx_hal_adc.c.obj
 .debug_ranges  0x00000420       0x70 CMakeFiles/discoTest.elf.dir/Drivers/STM32F1xx_HAL_Driver/Src/stm32f1xx_hal_adc_ex.c.obj
 .debug_ranges  0x00000490       0xe0 CMakeFiles/discoTest.elf.dir/Drivers/STM32F1xx_HAL_Driver/Src/stm32f1xx_hal_cortex.c.obj
 .debug_ranges  0x00000570       0x48 CMakeFiles/discoTest.elf.dir/Drivers/STM32F1xx_HAL_Driver/Src/stm32f1xx_hal_gpio.c.obj
 .debug_ranges  0x000005b8       0xa0 CMakeFiles/discoTest.elf.dir/Drivers/STM32F1xx_HAL_Driver/Src/stm32f1xx_hal_rcc.c.obj
 .debug_ranges  0x00000658       0x38 CMakeFiles/discoTest.elf.dir/Drivers/STM32F1xx_HAL_Driver/Src/stm32f1xx_hal_rcc_ex.c.obj
 .debug_ranges  0x00000690      0x3c0 CMakeFiles/discoTest.elf.dir/Drivers/STM32F1xx_HAL_Driver/Src/stm32f1xx_hal_tim.c.obj
 .debug_ranges  0x00000a50      0x158 CMakeFiles/discoTest.elf.dir/Drivers/STM32F1xx_HAL_Driver/Src/stm32f1xx_hal_tim_ex.c.obj
 .debug_ranges  0x00000ba8      0x1f0 CMakeFiles/discoTest.elf.dir/Drivers/STM32F1xx_HAL_Driver/Src/stm32f1xx_hal_uart.c.obj
 .debug_ranges  0x00000d98       0x20 CMakeFiles/discoTest.elf.dir/startup/startup_stm32f103xb.s.obj

.debug_line     0x00000000     0xe753
 .debug_line    0x00000000      0xb18 CMakeFiles/discoTest.elf.dir/Core/Src/main.c.obj
 .debug_line    0x00000b18      0xc47 CMakeFiles/discoTest.elf.dir/Core/Src/oled.c.obj
 .debug_line    0x0000175f      0x4d8 CMakeFiles/discoTest.elf.dir/Core/Src/stm32f1xx_hal_msp.c.obj
 .debug_line    0x00001c37      0x2a5 CMakeFiles/discoTest.elf.dir/Core/Src/stm32f1xx_it.c.obj
 .debug_line    0x00001edc      0x44d CMakeFiles/discoTest.elf.dir/Core/Src/syscalls.c.obj
 .debug_line    0x00002329      0x24e CMakeFiles/discoTest.elf.dir/Core/Src/system_stm32f1xx.c.obj
 .debug_line    0x00002577      0x584 CMakeFiles/discoTest.elf.dir/Drivers/STM32F1xx_HAL_Driver/Src/stm32f1xx_hal.c.obj
 .debug_line    0x00002afb      0xf1b CMakeFiles/discoTest.elf.dir/Drivers/STM32F1xx_HAL_Driver/Src/stm32f1xx_hal_adc.c.obj
 .debug_line    0x00003a16      0xbf1 CMakeFiles/discoTest.elf.dir/Drivers/STM32F1xx_HAL_Driver/Src/stm32f1xx_hal_adc_ex.c.obj
 .debug_line    0x00004607      0x668 CMakeFiles/discoTest.elf.dir/Drivers/STM32F1xx_HAL_Driver/Src/stm32f1xx_hal_cortex.c.obj
 .debug_line    0x00004c6f      0x612 CMakeFiles/discoTest.elf.dir/Drivers/STM32F1xx_HAL_Driver/Src/stm32f1xx_hal_gpio.c.obj
 .debug_line    0x00005281      0xc5b CMakeFiles/discoTest.elf.dir/Drivers/STM32F1xx_HAL_Driver/Src/stm32f1xx_hal_rcc.c.obj
 .debug_line    0x00005edc      0x4cd CMakeFiles/discoTest.elf.dir/Drivers/STM32F1xx_HAL_Driver/Src/stm32f1xx_hal_rcc_ex.c.obj
 .debug_line    0x000063a9     0x468f CMakeFiles/discoTest.elf.dir/Drivers/STM32F1xx_HAL_Driver/Src/stm32f1xx_hal_tim.c.obj
 .debug_line    0x0000aa38     0x1b8d CMakeFiles/discoTest.elf.dir/Drivers/STM32F1xx_HAL_Driver/Src/stm32f1xx_hal_tim_ex.c.obj
 .debug_line    0x0000c5c5     0x20ea CMakeFiles/discoTest.elf.dir/Drivers/STM32F1xx_HAL_Driver/Src/stm32f1xx_hal_uart.c.obj
 .debug_line    0x0000e6af       0xa4 CMakeFiles/discoTest.elf.dir/startup/startup_stm32f103xb.s.obj

.debug_str      0x00000000     0x43a5
 .debug_str     0x00000000     0x12b2 CMakeFiles/discoTest.elf.dir/Core/Src/main.c.obj
                               0x13eb (size before relaxing)
 .debug_str     0x000012b2      0x156 CMakeFiles/discoTest.elf.dir/Core/Src/oled.c.obj
                                0x3d3 (size before relaxing)
 .debug_str     0x00001408      0x117 CMakeFiles/discoTest.elf.dir/Core/Src/stm32f1xx_hal_msp.c.obj
                                0xb3f (size before relaxing)
 .debug_str     0x0000151f      0x118 CMakeFiles/discoTest.elf.dir/Core/Src/stm32f1xx_it.c.obj
                                0x2b9 (size before relaxing)
 .debug_str     0x00001637      0x267 CMakeFiles/discoTest.elf.dir/Core/Src/syscalls.c.obj
                                0x466 (size before relaxing)
 .debug_str     0x0000189e       0xa2 CMakeFiles/discoTest.elf.dir/Core/Src/system_stm32f1xx.c.obj
                                0x29a (size before relaxing)