Archive member included to satisfy reference by file (symbol)

c:/progra~2/gnuarm~1/102020~1/bin/../lib/gcc/arm-none-eabi/10.2.1/thumb/v7-m/nofp\libgcc.a(_arm_muldf3.o)
                              CMakeFiles/discoTest.elf.dir/Core/Src/main.c.obj (__aeabi_dmul)
c:/progra~2/gnuarm~1/102020~1/bin/../lib/gcc/arm-none-eabi/10.2.1/thumb/v7-m/nofp\libgcc.a(_arm_mulsf3.o)
                              CMakeFiles/discoTest.elf.dir/Core/Src/main.c.obj (__aeabi_fmul)
c:/progra~2/gnuarm~1/102020~1/bin/../lib/gcc/arm-none-eabi/10.2.1/thumb/v7-m/nofp\libgcc.a(_arm_addsubdf3.o)
                              CMakeFiles/discoTest.elf.dir/Core/Src/main.c.obj (__aeabi_dsub)
c:/progra~2/gnuarm~1/102020~1/bin/../lib/gcc/arm-none-eabi/10.2.1/thumb/v7-m/nofp\libgcc.a(_arm_muldivdf3.o)
                              CMakeFiles/discoTest.elf.dir/Core/Src/main.c.obj (__aeabi_ddiv)
c:/progra~2/gnuarm~1/102020~1/bin/../lib/gcc/arm-none-eabi/10.2.1/thumb/v7-m/nofp\libgcc.a(_arm_truncdfsf2.o)
                              CMakeFiles/discoTest.elf.dir/Core/Src/main.c.obj (__aeabi_d2f)
c:/progra~2/gnuarm~1/102020~1/bin/../lib/gcc/arm-none-eabi/10.2.1/thumb/v7-m/nofp\libgcc.a(_arm_addsubsf3.o)
                              CMakeFiles/discoTest.elf.dir/Core/Src/main.c.obj (__aeabi_fsub)
c:/progra~2/gnuarm~1/102020~1/bin/../lib/gcc/arm-none-eabi/10.2.1/thumb/v7-m/nofp\libgcc.a(_arm_muldivsf3.o)
                              CMakeFiles/discoTest.elf.dir/Core/Src/main.c.obj (__aeabi_fdiv)
c:/progra~2/gnuarm~1/102020~1/bin/../lib/gcc/arm-none-eabi/10.2.1/../../../../arm-none-eabi/lib/thumb/v7-m/nofp\libg.a(lib_a-errno.o)
                              CMakeFiles/discoTest.elf.dir/Core/Src/syscalls.c.obj (__errno)
c:/progra~2/gnuarm~1/102020~1/bin/../lib/gcc/arm-none-eabi/10.2.1/../../../../arm-none-eabi/lib/thumb/v7-m/nofp\libg.a(lib_a-exit.o)
                              c:/progra~2/gnuarm~1/102020~1/bin/../lib/gcc/arm-none-eabi/10.2.1/../../../../arm-none-eabi/lib/thumb/v7-m/nofp/crt0.o (exit)
c:/progra~2/gnuarm~1/102020~1/bin/../lib/gcc/arm-none-eabi/10.2.1/../../../../arm-none-eabi/lib/thumb/v7-m/nofp\libg.a(lib_a-impure.o)
                              c:/progra~2/gnuarm~1/102020~1/bin/../lib/gcc/arm-none-eabi/10.2.1/../../../../arm-none-eabi/lib/thumb/v7-m/nofp\libg.a(lib_a-exit.o) (_global_impure_ptr)
c:/progra~2/gnuarm~1/102020~1/bin/../lib/gcc/arm-none-eabi/10.2.1/../../../../arm-none-eabi/lib/thumb/v7-m/nofp\libg.a(lib_a-init.o)
                              c:/progra~2/gnuarm~1/102020~1/bin/../lib/gcc/arm-none-eabi/10.2.1/../../../../arm-none-eabi/lib/thumb/v7-m/nofp/crt0.o (__libc_init_array)
c:/progra~2/gnuarm~1/102020~1/bin/../lib/gcc/arm-none-eabi/10.2.1/../../../../arm-none-eabi/lib/thumb/v7-m/nofp\libg.a(lib_a-memset.o)
                              c:/progra~2/gnuarm~1/102020~1/bin/../lib/gcc/arm-none-eabi/10.2.1/../../../../arm-none-eabi/lib/thumb/v7-m/nofp/crt0.o (memset)
c:/progra~2/gnuarm~1/102020~1/bin/../lib/gcc/arm-none-eabi/10.2.1/../../../../arm-none-eabi/lib/thumb/v7-m/nofp\libg.a(lib_a-sprintf.o)
                              CMakeFiles/discoTest.elf.dir/Core/Src/main.c.obj (sprintf)
c:/progra~2/gnuarm~1/102020~1/bin/../lib/gcc/arm-none-eabi/10.2.1/../../../../arm-none-eabi/lib/thumb/v7-m/nofp\libg.a(lib_a-svfprintf.o)
                              c:/progra~2/gnuarm~1/102020~1/bin/../lib/gcc/arm-none-eabi/10.2.1/../../../../arm-none-eabi/lib/thumb/v7-m/nofp\libg.a(lib_a-sprintf.o) (_svfprintf_r)
c:/progra~2/gnuarm~1/102020~1/bin/../lib/gcc/arm-none-eabi/10.2.1/../../../../arm-none-eabi/lib/thumb/v7-m/nofp\libg.a(lib_a-__call_atexit.o)
                              c:/progra~2/gnuarm~1/102020~1/bin/../lib/gcc/arm-none-eabi/10.2.1/../../../../arm-none-eabi/lib/thumb/v7-m/nofp\libg.a(lib_a-exit.o) (__call_exitprocs)
c:/progra~2/gnuarm~1/102020~1/bin/../lib/gcc/arm-none-eabi/10.2.1/../../../../arm-none-eabi/lib/thumb/v7-m/nofp\libg.a(lib_a-atexit.o)
                              c:/progra~2/gnuarm~1/102020~1/bin/../lib/gcc/arm-none-eabi/10.2.1/../../../../arm-none-eabi/lib/thumb/v7-m/nofp\libg.a(lib_a-__call_atexit.o) (atexit)
c:/progra~2/gnuarm~1/102020~1/bin/../lib/gcc/arm-none-eabi/10.2.1/../../../../arm-none-eabi/lib/thumb/v7-m/nofp\libg.a(lib_a-dtoa.o)
                              c:/progra~2/gnuarm~1/102020~1/bin/../lib/gcc/arm-none-eabi/10.2.1/../../../../arm-none-eabi/lib/thumb/v7-m/nofp\libg.a(lib_a-svfprintf.o) (_dtoa_r)
c:/progra~2/gnuarm~1/102020~1/bin/../lib/gcc/arm-none-eabi/10.2.1/../../../../arm-none-eabi/lib/thumb/v7-m/nofp\libg.a(lib_a-fini.o)
                              c:/progra~2/gnuarm~1/102020~1/bin/../lib/gcc/arm-none-eabi/10.2.1/../../../../arm-none-eabi/lib/thumb/v7-m/nofp\libg.a(lib_a-__call_atexit.o) (__libc_fini_array)
c:/progra~2/gnuarm~1/102020~1/bin/../lib/gcc/arm-none-eabi/10.2.1/../../../../arm-none-eabi/lib/thumb/v7-m/nofp\libg.a(lib_a-freer.o)
[...]
Memory Configuration

Name             Origin             Length             Attributes
RAM              0x20000000         0x00005000         xrw
FLASH            0x08000000         0x00010000         xr
*default*        0x00000000         0xffffffff

Linker script and memory map

LOAD c:/progra~2/gnuarm~1/102020~1/bin/../lib/gcc/arm-none-eabi/10.2.1/thumb/v7-m/nofp/crti.o
LOAD c:/progra~2/gnuarm~1/102020~1/bin/../lib/gcc/arm-none-eabi/10.2.1/thumb/v7-m/nofp/crtbegin.o
LOAD c:/progra~2/gnuarm~1/102020~1/bin/../lib/gcc/arm-none-eabi/10.2.1/../../../../arm-none-eabi/lib/thumb/v7-m/nofp/crt0.o
LOAD CMakeFiles/discoTest.elf.dir/Core/Src/main.c.obj
LOAD CMakeFiles/discoTest.elf.dir/Core/Src/oled.c.obj
LOAD CMakeFiles/discoTest.elf.dir/Core/Src/stm32f1xx_hal_msp.c.obj
LOAD CMakeFiles/discoTest.elf.dir/Core/Src/stm32f1xx_it.c.obj
LOAD CMakeFiles/discoTest.elf.dir/Core/Src/syscalls.c.obj
LOAD CMakeFiles/discoTest.elf.dir/Core/Src/system_stm32f1xx.c.obj
LOAD CMakeFiles/discoTest.elf.dir/Drivers/STM32F1xx_HAL_Driver/Src/stm32f1xx_hal.c.obj
LOAD CMakeFiles/discoTest.elf.dir/Drivers/STM32F1xx_HAL_Driver/Src/stm32f1xx_hal_adc.c.obj
LOAD CMakeFiles/discoTest.elf.dir/Drivers/STM32F1xx_HAL_Driver/Src/stm32f1xx_hal_adc_ex.c.obj
LOAD CMakeFiles/discoTest.elf.dir/Drivers/STM32F1xx_HAL_Driver/Src/stm32f1xx_hal_cortex.c.obj
LOAD CMakeFiles/discoTest.elf.dir/Drivers/STM32F1xx_HAL_Driver/Src/stm32f1xx_hal_dma.c.obj
LOAD CMakeFiles/discoTest.elf.dir/Drivers/STM32F1xx_HAL_Driver/Src/stm32f1xx_hal_exti.c.obj
LOAD CMakeFiles/discoTest.elf.dir/Drivers/STM32F1xx_HAL_Driver/Src/stm32f1xx_hal_flash.c.obj
LOAD CMakeFiles/discoTest.elf.dir/Drivers/STM32F1xx_HAL_Driver/Src/stm32f1xx_hal_flash_ex.c.obj
LOAD CMakeFiles/discoTest.elf.dir/Drivers/STM32F1xx_HAL_Driver/Src/stm32f1xx_hal_gpio.c.obj
LOAD CMakeFiles/discoTest.elf.dir/Drivers/STM32F1xx_HAL_Driver/Src/stm32f1xx_hal_gpio_ex.c.obj
LOAD CMakeFiles/discoTest.elf.dir/Drivers/STM32F1xx_HAL_Driver/Src/stm32f1xx_hal_pwr.c.obj
LOAD CMakeFiles/discoTest.elf.dir/Drivers/STM32F1xx_HAL_Driver/Src/stm32f1xx_hal_rcc.c.obj
LOAD CMakeFiles/discoTest.elf.dir/Drivers/STM32F1xx_HAL_Driver/Src/stm32f1xx_hal_rcc_ex.c.obj
LOAD CMakeFiles/discoTest.elf.dir/Drivers/STM32F1xx_HAL_Driver/Src/stm32f1xx_hal_tim.c.obj
LOAD CMakeFiles/discoTest.elf.dir/Drivers/STM32F1xx_HAL_Driver/Src/stm32f1xx_hal_tim_ex.c.obj
LOAD CMakeFiles/discoTest.elf.dir/Drivers/STM32F1xx_HAL_Driver/Src/stm32f1xx_hal_uart.c.obj
LOAD CMakeFiles/discoTest.elf.dir/startup/startup_stm32f103xb.s.obj
START GROUP
LOAD c:/progra~2/gnuarm~1/102020~1/bin/../lib/gcc/arm-none-eabi/10.2.1/thumb/v7-m/nofp\libgcc.a
LOAD c:/progra~2/gnuarm~1/102020~1/bin/../lib/gcc/arm-none-eabi/10.2.1/../../../../arm-none-eabi/lib/thumb/v7-m/nofp\libg.a
LOAD c:/progra~2/gnuarm~1/102020~1/bin/../lib/gcc/arm-none-eabi/10.2.1/../../../../arm-none-eabi/lib/thumb/v7-m/nofp\libc.a
END GROUP
LOAD c:/progra~2/gnuarm~1/102020~1/bin/../lib/gcc/arm-none-eabi/10.2.1/thumb/v7-m/nofp/crtend.o
LOAD c:/progra~2/gnuarm~1/102020~1/bin/../lib/gcc/arm-none-eabi/10.2.1/thumb/v7-m/nofp/crtn.o
                0x20005000                _estack = 0x20005000
                0x00000200                _Min_Heap_Size = 0x200
                0x00000400                _Min_Stack_Size = 0x400

.isr_vector     0x08000000      0x10c
                0x08000000                . = ALIGN (0x4)
 *(.isr_vector)
 .isr_vector    0x08000000      0x10c CMakeFiles/discoTest.elf.dir/startup/startup_stm32f103xb.s.obj
                0x08000000                g_pfnVectors
                0x0800010c                . = ALIGN (0x4)

.text           0x08000110     0x93bc
                0x08000110                . = ALIGN (0x4)
 *(.text)
 .text          0x08000110       0x40 c:/progra~2/gnuarm~1/102020~1/bin/../lib/gcc/arm-none-eabi/10.2.1/thumb/v7-m/nofp/crtbegin.o
 .text          0x08000150      0x378 c:/progra~2/gnuarm~1/102020~1/bin/../lib/gcc/arm-none-eabi/10.2.1/thumb/v7-m/nofp\libgcc.a(_arm_addsubdf3.o)
                0x08000150                __aeabi_drsub
                0x08000158                __aeabi_dsub
                0x08000158                __subdf3
                0x0800015c                __aeabi_dadd
                0x0800015c                __adddf3
                0x080003d4                __floatunsidf
                0x080003d4                __aeabi_ui2d
                0x080003f4                __floatsidf
                0x080003f4                __aeabi_i2d
                0x08000418                __aeabi_f2d
                0x08000418                __extendsfdf2
                0x0800045c                __floatundidf
                0x0800045c                __aeabi_ul2d
                0x0800046c                __floatdidf
                0x0800046c                __aeabi_l2d
 .text          0x080004c8      0x424 c:/progra~2/gnuarm~1/102020~1/bin/../lib/gcc/arm-none-eabi/10.2.1/thumb/v7-m/nofp\libgcc.a(_arm_muldivdf3.o)
                0x080004c8                __aeabi_dmul
                0x080004c8                __muldf3
                0x0800071c                __divdf3
                0x0800071c                __aeabi_ddiv
 .text          0x080008ec       0xa0 c:/progra~2/gnuarm~1/102020~1/bin/../lib/gcc/arm-none-eabi/10.2.1/thumb/v7-m/nofp\libgcc.a(_arm_truncdfsf2.o)
                0x080008ec                __truncdfsf2
                0x080008ec                __aeabi_d2f
 .text          0x0800098c      0x21c c:/progra~2/gnuarm~1/102020~1/bin/../lib/gcc/arm-none-eabi/10.2.1/thumb/v7-m/nofp\libgcc.a(_arm_addsubsf3.o)
                0x0800098c                __aeabi_frsub
                0x08000994                __subsf3
                0x08000994                __aeabi_fsub
                0x08000998                __aeabi_fadd
                0x08000998                __addsf3
                0x08000af8                __aeabi_ui2f
                0x08000af8                __floatunsisf
                0x08000b00                __aeabi_i2f
                0x08000b00                __floatsisf
                0x08000b1c                __aeabi_ul2f
                0x08000b1c                __floatundisf
                0x08000b2c                __aeabi_l2f
                0x08000b2c                __floatdisf
 .text          0x08000ba8      0x2a0 c:/progra~2/gnuarm~1/102020~1/bin/../lib/gcc/arm-none-eabi/10.2.1/thumb/v7-m/nofp\libgcc.a(_arm_muldivsf3.o)
                0x08000ba8                __mulsf3
                0x08000ba8                __aeabi_fmul
                0x08000d10                __aeabi_fdiv
                0x08000d10                __divsf3
 .text          0x08000e48       0xec c:/progra~2/gnuarm~1/102020~1/bin/../lib/gcc/arm-none-eabi/10.2.1/../../../../arm-none-eabi/lib/thumb/v7-m/nofp\libg.a(lib_a-memcpy.o)
                0x08000e48                memcpy
 .text          0x08000f34      0x110 c:/progra~2/gnuarm~1/102020~1/bin/../lib/gcc/arm-none-eabi/10.2.1/thumb/v7-m/nofp\libgcc.a(_arm_cmpdf2.o)
                0x08000f34                __gtdf2
                0x08000f34                __gedf2
                0x08000f3c                __ltdf2
                0x08000f3c                __ledf2
                0x08000f44                __nedf2
                0x08000f44                __eqdf2
                0x08000f44                __cmpdf2
                0x08000fc0                __aeabi_cdrcmple
                0x08000fd0                __aeabi_cdcmpeq
                0x08000fd0                __aeabi_cdcmple
                0x08000fe0                __aeabi_dcmpeq
                0x08000ff4                __aeabi_dcmplt
                0x08001008                __aeabi_dcmple
                0x0800101c                __aeabi_dcmpge
                0x08001030                __aeabi_dcmpgt
 .text          0x08001044       0x2c c:/progra~2/gnuarm~1/102020~1/bin/../lib/gcc/arm-none-eabi/10.2.1/thumb/v7-m/nofp\libgcc.a(_arm_unorddf2.o)
                0x08001044                __unorddf2
                0x08001044                __aeabi_dcmpun
 .text          0x08001070       0x50 c:/progra~2/gnuarm~1/102020~1/bin/../lib/gcc/arm-none-eabi/10.2.1/thumb/v7-m/nofp\libgcc.a(_arm_fixdfsi.o)
                0x08001070                __aeabi_d2iz
                0x08001070                __fixdfsi
 .text          0x080010c0       0x30 c:/progra~2/gnuarm~1/102020~1/bin/../lib/gcc/arm-none-eabi/10.2.1/thumb/v7-m/nofp\libgcc.a(_aeabi_uldivmod.o)
                0x080010c0                __aeabi_uldivmod
 .text          0x080010f0      0x2d4 c:/progra~2/gnuarm~1/102020~1/bin/../lib/gcc/arm-none-eabi/10.2.1/thumb/v7-m/nofp\libgcc.a(_udivmoddi4.o)
                0x080010f0                __udivmoddi4
 .text          0x080013c4        0x4 c:/progra~2/gnuarm~1/102020~1/bin/../lib/gcc/arm-none-eabi/10.2.1/thumb/v7-m/nofp\libgcc.a(_dvmd_tls.o)
                0x080013c4                __aeabi_idiv0
                0x080013c4                __aeabi_ldiv0
 *(.text*)
 .text.MX_GPIO_Init
                0x080013c8       0x90 CMakeFiles/discoTest.elf.dir/Core/Src/main.c.obj
 .text.GetTemp  0x08001458       0x44 CMakeFiles/discoTest.elf.dir/Core/Src/main.c.obj
                0x08001458                GetTemp
 .text.RunMode  0x0800149c      0x110 CMakeFiles/discoTest.elf.dir/Core/Src/main.c.obj
                0x0800149c                RunMode
 .text.Error_Handler
                0x080015ac        0x4 CMakeFiles/discoTest.elf.dir/Core/Src/main.c.obj
                0x080015ac                Error_Handler
 .text.MX_ADC1_Init
                0x080015b0       0x54 CMakeFiles/discoTest.elf.dir/Core/Src/main.c.obj
 .text.MX_ADC2_Init
                0x08001604       0x54 CMakeFiles/discoTest.elf.dir/Core/Src/main.c.obj
 .text.MX_USART1_UART_Init
                0x08001658       0x34 CMakeFiles/discoTest.elf.dir/Core/Src/main.c.obj
 .text.SystemClock_Config
                0x0800168c       0x84 CMakeFiles/discoTest.elf.dir/Core/Src/main.c.obj
                0x0800168c                SystemClock_Config
 .text.main     0x08001710      0x1fc CMakeFiles/discoTest.elf.dir/Core/Src/main.c.obj
                0x08001710                main
 .text.OLED_WR_Byte
                0x0800190c       0x84 CMakeFiles/discoTest.elf.dir/Core/Src/oled.c.obj
                0x0800190c                OLED_WR_Byte
 .text.OLED_DisplayTurn
                0x08001990       0x30 CMakeFiles/discoTest.elf.dir/Core/Src/oled.c.obj
                0x08001990                OLED_DisplayTurn
 .text.OLED_Refresh
                0x080019c0       0x4c CMakeFiles/discoTest.elf.dir/Core/Src/oled.c.obj
                0x080019c0                OLED_Refresh
 .text.OLED_Clear
                0x08001a0c       0x30 CMakeFiles/discoTest.elf.dir/Core/Src/oled.c.obj
                0x08001a0c                OLED_Clear
 .text.OLED_DrawPoint
                0x08001a3c       0x24 CMakeFiles/discoTest.elf.dir/Core/Src/oled.c.obj
                0x08001a3c                OLED_DrawPoint
 .text.OLED_ClearPoint
                0x08001a60       0x34 CMakeFiles/discoTest.elf.dir/Core/Src/oled.c.obj
                0x08001a60                OLED_ClearPoint
 .text.OLED_ShowChar
                0x08001a94       0xc4 CMakeFiles/discoTest.elf.dir/Core/Src/oled.c.obj
                0x08001a94                OLED_ShowChar
 .text.OLED_ShowString
                0x08001b58       0x3c CMakeFiles/discoTest.elf.dir/Core/Src/oled.c.obj
                0x08001b58                OLED_ShowString
 .text.OLED_ShowChinese
                0x08001b94       0xf8 CMakeFiles/discoTest.elf.dir/Core/Src/oled.c.obj
                0x08001b94                OLED_ShowChinese
 .text.OLED_Init
                0x08001c8c      0x108 CMakeFiles/discoTest.elf.dir/Core/Src/oled.c.obj
                0x08001c8c                OLED_Init
 .text.HAL_MspInit
                0x08001d94       0x44 CMakeFiles/discoTest.elf.dir/Core/Src/stm32f1xx_hal_msp.c.obj
                0x08001d94                HAL_MspInit
 .text.HAL_ADC_MspInit
                0x08001dd8       0xa4 CMakeFiles/discoTest.elf.dir/Core/Src/stm32f1xx_hal_msp.c.obj
                0x08001dd8                HAL_ADC_MspInit
 .text.HAL_UART_MspInit
                0x08001e7c       0x78 CMakeFiles/discoTest.elf.dir/Core/Src/stm32f1xx_hal_msp.c.obj
                0x08001e7c                HAL_UART_MspInit
 .text.NMI_Handler
                0x08001ef4        0x2 CMakeFiles/discoTest.elf.dir/Core/Src/stm32f1xx_it.c.obj
                0x08001ef4                NMI_Handler
 .text.HardFault_Handler
                0x08001ef6        0x2 CMakeFiles/discoTest.elf.dir/Core/Src/stm32f1xx_it.c.obj
                0x08001ef6                HardFault_Handler
 .text.MemManage_Handler
                0x08001ef8        0x2 CMakeFiles/discoTest.elf.dir/Core/Src/stm32f1xx_it.c.obj
                0x08001ef8                MemManage_Handler
 .text.BusFault_Handler
                0x08001efa        0x2 CMakeFiles/discoTest.elf.dir/Core/Src/stm32f1xx_it.c.obj
                0x08001efa                BusFault_Handler
 .text.UsageFault_Handler
                0x08001efc        0x2 CMakeFiles/discoTest.elf.dir/Core/Src/stm32f1xx_it.c.obj
                0x08001efc                UsageFault_Handler
 .text.SVC_Handler
                0x08001efe        0x2 CMakeFiles/discoTest.elf.dir/Core/Src/stm32f1xx_it.c.obj
                0x08001efe                SVC_Handler
 .text.DebugMon_Handler
                0x08001f00        0x2 CMakeFiles/discoTest.elf.dir/Core/Src/stm32f1xx_it.c.obj
                0x08001f00                DebugMon_Handler
 .text.PendSV_Handler
                0x08001f02        0x2 CMakeFiles/discoTest.elf.dir/Core/Src/stm32f1xx_it.c.obj
                0x08001f02                PendSV_Handler
 .text.SysTick_Handler
                0x08001f04        0x8 CMakeFiles/discoTest.elf.dir/Core/Src/stm32f1xx_it.c.obj
                0x08001f04                SysTick_Handler
 .text._getpid  0x08001f0c        0x4 CMakeFiles/discoTest.elf.dir/Core/Src/syscalls.c.obj
                0x08001f0c                _getpid
 .text._kill    0x08001f10       0x10 CMakeFiles/discoTest.elf.dir/Core/Src/syscalls.c.obj
                0x08001f10                _kill
 .text._exit    0x08001f20        0xc CMakeFiles/discoTest.elf.dir/Core/Src/syscalls.c.obj
                0x08001f20                _exit
 .text._read    0x08001f2c       0x20 CMakeFiles/discoTest.elf.dir/Core/Src/syscalls.c.obj
                0x08001f2c                _read
 .text._write   0x08001f4c       0x1c CMakeFiles/discoTest.elf.dir/Core/Src/syscalls.c.obj
                0x08001f4c                _write
 .text._sbrk    0x08001f68       0x3c CMakeFiles/discoTest.elf.dir/Core/Src/syscalls.c.obj
                0x08001f68                _sbrk
 .text._close   0x08001fa4        0x6 CMakeFiles/discoTest.elf.dir/Core/Src/syscalls.c.obj
                0x08001fa4                _close
 .text._fstat   0x08001faa        0xa CMakeFiles/discoTest.elf.dir/Core/Src/syscalls.c.obj
                0x08001faa                _fstat
 .text._isatty  0x08001fb4        0x4 CMakeFiles/discoTest.elf.dir/Core/Src/syscalls.c.obj
                0x08001fb4                _isatty
 .text._lseek   0x08001fb8        0x4 CMakeFiles/discoTest.elf.dir/Core/Src/syscalls.c.obj
                0x08001fb8                _lseek
 .text.SystemInit
                0x08001fbc        0x2 CMakeFiles/discoTest.elf.dir/Core/Src/system_stm32f1xx.c.obj
                0x08001fbc                SystemInit
 *fill*         0x08001fbe        0x2 
 .text.HAL_InitTick
                0x08001fc0       0x4c CMakeFiles/discoTest.elf.dir/Drivers/STM32F1xx_HAL_Driver/Src/stm32f1xx_hal.c.obj
                0x08001fc0                HAL_InitTick
 .text.HAL_Init
                0x0800200c       0x24 CMakeFiles/discoTest.elf.dir/Drivers/STM32F1xx_HAL_Driver/Src/stm32f1xx_hal.c.obj
                0x0800200c                HAL_Init
 .text.HAL_IncTick
                0x08002030       0x18 CMakeFiles/discoTest.elf.dir/Drivers/STM32F1xx_HAL_Driver/Src/stm32f1xx_hal.c.obj
                0x08002030                HAL_IncTick
 .text.HAL_GetTick
                0x08002048        0xc CMakeFiles/discoTest.elf.dir/Drivers/STM32F1xx_HAL_Driver/Src/stm32f1xx_hal.c.obj
                0x08002048                HAL_GetTick
 .text.HAL_Delay
                0x08002054       0x28 CMakeFiles/discoTest.elf.dir/Drivers/STM32F1xx_HAL_Driver/Src/stm32f1xx_hal.c.obj
                0x08002054                HAL_Delay
 .text.HAL_ADC_GetValue
                0x0800207c        0x6 CMakeFiles/discoTest.elf.dir/Drivers/STM32F1xx_HAL_Driver/Src/stm32f1xx_hal_adc.c.obj
                0x0800207c                HAL_ADC_GetValue
 *fill*         0x08002082        0x2 
 .text.HAL_ADC_ConfigChannel
                0x08002084      0x144 CMakeFiles/discoTest.elf.dir/Drivers/STM32F1xx_HAL_Driver/Src/stm32f1xx_hal_adc.c.obj
                0x08002084                HAL_ADC_ConfigChannel
 .text.ADC_Enable
                0x080021c8       0x88 CMakeFiles/discoTest.elf.dir/Drivers/STM32F1xx_HAL_Driver/Src/stm32f1xx_hal_adc.c.obj
                0x080021c8                ADC_Enable
 .text.HAL_ADC_Start
                0x08002250       0xe8 CMakeFiles/discoTest.elf.dir/Drivers/STM32F1xx_HAL_Driver/Src/stm32f1xx_hal_adc.c.obj
                0x08002250                HAL_ADC_Start
 .text.ADC_ConversionStop_Disable
                0x08002338       0x56 CMakeFiles/discoTest.elf.dir/Drivers/STM32F1xx_HAL_Driver/Src/stm32f1xx_hal_adc.c.obj
                0x08002338                ADC_ConversionStop_Disable
 *fill*         0x0800238e        0x2 
 .text.HAL_ADC_Init
                0x08002390      0x108 CMakeFiles/discoTest.elf.dir/Drivers/STM32F1xx_HAL_Driver/Src/stm32f1xx_hal_adc.c.obj
                0x08002390                HAL_ADC_Init
 .text.HAL_NVIC_SetPriorityGrouping
                0x08002498       0x24 CMakeFiles/discoTest.elf.dir/Drivers/STM32F1xx_HAL_Driver/Src/stm32f1xx_hal_cortex.c.obj
                0x08002498                HAL_NVIC_SetPriorityGrouping
 .text.HAL_NVIC_SetPriority
                0x080024bc       0x70 CMakeFiles/discoTest.elf.dir/Drivers/STM32F1xx_HAL_Driver/Src/stm32f1xx_hal_cortex.c.obj
                0x080024bc                HAL_NVIC_SetPriority
 .text.HAL_SYSTICK_Config
                0x0800252c       0x28 CMakeFiles/discoTest.elf.dir/Drivers/STM32F1xx_HAL_Driver/Src/stm32f1xx_hal_cortex.c.obj
                0x0800252c                HAL_SYSTICK_Config
 .text.HAL_GPIO_Init
                0x08002554      0x224 CMakeFiles/discoTest.elf.dir/Drivers/STM32F1xx_HAL_Driver/Src/stm32f1xx_hal_gpio.c.obj
                0x08002554                HAL_GPIO_Init
 .text.HAL_GPIO_WritePin
                0x08002778        0xc CMakeFiles/discoTest.elf.dir/Drivers/STM32F1xx_HAL_Driver/Src/stm32f1xx_hal_gpio.c.obj
                0x08002778                HAL_GPIO_WritePin
 .text.RCC_Delay
                0x08002784       0x2c CMakeFiles/discoTest.elf.dir/Drivers/STM32F1xx_HAL_Driver/Src/stm32f1xx_hal_rcc.c.obj
 .text.HAL_RCC_OscConfig
                0x080027b0      0x410 CMakeFiles/discoTest.elf.dir/Drivers/STM32F1xx_HAL_Driver/Src/stm32f1xx_hal_rcc.c.obj
                0x080027b0                HAL_RCC_OscConfig
 .text.HAL_RCC_GetSysClockFreq
                0x08002bc0       0x6c CMakeFiles/discoTest.elf.dir/Drivers/STM32F1xx_HAL_Driver/Src/stm32f1xx_hal_rcc.c.obj
                0x08002bc0                HAL_RCC_GetSysClockFreq
 .text.HAL_RCC_ClockConfig
                0x08002c2c      0x16c CMakeFiles/discoTest.elf.dir/Drivers/STM32F1xx_HAL_Driver/Src/stm32f1xx_hal_rcc.c.obj
                0x08002c2c                HAL_RCC_ClockConfig
 .text.HAL_RCC_GetHCLKFreq
                0x08002d98        0xc CMakeFiles/discoTest.elf.dir/Drivers/STM32F1xx_HAL_Driver/Src/stm32f1xx_hal_rcc.c.obj
                0x08002d98                HAL_RCC_GetHCLKFreq
 .text.HAL_RCC_GetPCLK1Freq
                0x08002da4       0x20 CMakeFiles/discoTest.elf.dir/Drivers/STM32F1xx_HAL_Driver/Src/stm32f1xx_hal_rcc.c.obj
                0x08002da4                HAL_RCC_GetPCLK1Freq
 .text.HAL_RCC_GetPCLK2Freq
                0x08002dc4       0x20 CMakeFiles/discoTest.elf.dir/Drivers/STM32F1xx_HAL_Driver/Src/stm32f1xx_hal_rcc.c.obj
                0x08002dc4                HAL_RCC_GetPCLK2Freq
 .text.HAL_RCCEx_PeriphCLKConfig
                0x08002de4      0x118 CMakeFiles/discoTest.elf.dir/Drivers/STM32F1xx_HAL_Driver/Src/stm32f1xx_hal_rcc_ex.c.obj
                0x08002de4                HAL_RCCEx_PeriphCLKConfig
 .text.UART_SetConfig
                0x08002efc       0x94 CMakeFiles/discoTest.elf.dir/Drivers/STM32F1xx_HAL_Driver/Src/stm32f1xx_hal_uart.c.obj
 .text.HAL_UART_Init
                0x08002f90       0x5e CMakeFiles/discoTest.elf.dir/Drivers/STM32F1xx_HAL_Driver/Src/stm32f1xx_hal_uart.c.obj
                0x08002f90                HAL_UART_Init
 *fill*         0x08002fee        0x2 
 .text.Reset_Handler
                0x08002ff0       0x48 CMakeFiles/discoTest.elf.dir/startup/startup_stm32f103xb.s.obj
                0x08002ff0                Reset_Handler
 .text.Default_Handler
                0x08003038        0x2 CMakeFiles/discoTest.elf.dir/startup/startup_stm32f103xb.s.obj
                0x08003038                RTC_Alarm_IRQHandler
                0x08003038                EXTI2_IRQHandler
                0x08003038                TIM1_CC_IRQHandler
                0x08003038                PVD_IRQHandler
                0x08003038                EXTI3_IRQHandler
                0x08003038                EXTI0_IRQHandler
                0x08003038                I2C2_EV_IRQHandler
                0x08003038                ADC1_2_IRQHandler
                0x08003038                SPI1_IRQHandler
                0x08003038                TAMPER_IRQHandler
                0x08003038                DMA1_Channel4_IRQHandler
                0x08003038                USART3_IRQHandler
                0x08003038                RTC_IRQHandler
                0x08003038                DMA1_Channel7_IRQHandler
                0x08003038                CAN1_RX1_IRQHandler
                0x08003038                TIM4_IRQHandler
                0x08003038                I2C1_EV_IRQHandler
                0x08003038                DMA1_Channel6_IRQHandler
                0x08003038                TIM3_IRQHandler
                0x08003038                RCC_IRQHandler
                0x08003038                TIM1_TRG_COM_IRQHandler
                0x08003038                DMA1_Channel1_IRQHandler
                0x08003038                Default_Handler
                0x08003038                EXTI15_10_IRQHandler
                0x08003038                EXTI9_5_IRQHandler
                0x08003038                SPI2_IRQHandler
                0x08003038                DMA1_Channel5_IRQHandler
                0x08003038                EXTI4_IRQHandler
                0x08003038                USB_LP_CAN1_RX0_IRQHandler
                0x08003038                USB_HP_CAN1_TX_IRQHandler
                0x08003038                DMA1_Channel3_IRQHandler
                0x08003038                TIM1_UP_IRQHandler
                0x08003038                WWDG_IRQHandler
                0x08003038                TIM2_IRQHandler
                0x08003038                TIM1_BRK_IRQHandler
                0x08003038                EXTI1_IRQHandler
                0x08003038                USART2_IRQHandler
                0x08003038                I2C2_ER_IRQHandler
                0x08003038                DMA1_Channel2_IRQHandler
                0x08003038                CAN1_SCE_IRQHandler
                0x08003038                FLASH_IRQHandler
                0x08003038                USART1_IRQHandler
                0x08003038                I2C1_ER_IRQHandler
                0x08003038                USBWakeUp_IRQHandler
 *fill*         0x0800303a        0x2 
 .text.__errno  0x0800303c        0xc c:/progra~2/gnuarm~1/102020~1/bin/../lib/gcc/arm-none-eabi/10.2.1/../../../../arm-none-eabi/lib/thumb/v7-m/nofp\libg.a(lib_a-errno.o)
                0x0800303c                __errno
 .text.__libc_init_array
                0x08003048       0x48 c:/progra~2/gnuarm~1/102020~1/bin/../lib/gcc/arm-none-eabi/10.2.1/../../../../arm-none-eabi/lib/thumb/v7-m/nofp\libg.a(lib_a-init.o)
                0x08003048                __libc_init_array
 .text.memset   0x08003090       0xa4 c:/progra~2/gnuarm~1/102020~1/bin/../lib/gcc/arm-none-eabi/10.2.1/../../../../arm-none-eabi/lib/thumb/v7-m/nofp\libg.a(lib_a-memset.o)
                0x08003090                memset
 .text.sprintf  0x08003134       0x44 c:/progra~2/gnuarm~1/102020~1/bin/../lib/gcc/arm-none-eabi/10.2.1/../../../../arm-none-eabi/lib/thumb/v7-m/nofp\libg.a(lib_a-sprintf.o)
                0x08003134                sprintf
 .text._svfprintf_r
                0x08003178     0x1aa4 c:/progra~2/gnuarm~1/102020~1/bin/../lib/gcc/arm-none-eabi/10.2.1/../../../../arm-none-eabi/lib/thumb/v7-m/nofp\libg.a(lib_a-svfprintf.o)
                0x08003178                _svfprintf_r
 .text.startup.register_fini
                0x08004c1c       0x14 c:/progra~2/gnuarm~1/102020~1/bin/../lib/gcc/arm-none-eabi/10.2.1/../../../../arm-none-eabi/lib/thumb/v7-m/nofp\libg.a(lib_a-__call_atexit.o)
 .text.atexit   0x08004c30        0xc c:/progra~2/gnuarm~1/102020~1/bin/../lib/gcc/arm-none-eabi/10.2.1/../../../../arm-none-eabi/lib/thumb/v7-m/nofp\libg.a(lib_a-atexit.o)
                0x08004c30                atexit
 .text.quorem   0x08004c3c      0x12c c:/progra~2/gnuarm~1/102020~1/bin/../lib/gcc/arm-none-eabi/10.2.1/../../../../arm-none-eabi/lib/thumb/v7-m/nofp\libg.a(lib_a-dtoa.o)
 .text._dtoa_r  0x08004d68      0xecc c:/progra~2/gnuarm~1/102020~1/bin/../lib/gcc/arm-none-eabi/10.2.1/../../../../arm-none-eabi/lib/thumb/v7-m/nofp\libg.a(lib_a-dtoa.o)
                0x08004d68                _dtoa_r
 .text.__libc_fini_array
                0x08005c34       0x2c c:/progra~2/gnuarm~1/102020~1/bin/../lib/gcc/arm-none-eabi/10.2.1/../../../../arm-none-eabi/lib/thumb/v7-m/nofp\libg.a(lib_a-fini.o)
                0x08005c34                __libc_fini_array
 .text._malloc_trim_r
                0x08005c60       0xa0 c:/progra~2/gnuarm~1/102020~1/bin/../lib/gcc/arm-none-eabi/10.2.1/../../../../arm-none-eabi/lib/thumb/v7-m/nofp\libg.a(lib_a-freer.o)
                0x08005c60                _malloc_trim_r
 .text._free_r  0x08005d00      0x200 c:/progra~2/gnuarm~1/102020~1/bin/../lib/gcc/arm-none-eabi/10.2.1/../../../../arm-none-eabi/lib/thumb/v7-m/nofp\libg.a(lib_a-freer.o)
                0x08005d00                _free_r
 .text._localeconv_r
                0x08005f00        0x8 c:/progra~2/gnuarm~1/102020~1/bin/../lib/gcc/arm-none-eabi/10.2.1/../../../../arm-none-eabi/lib/thumb/v7-m/nofp\libg.a(lib_a-localeconv.o)
                0x08005f00                _localeconv_r
 .text.__retarget_lock_init_recursive
                0x08005f08        0x4 c:/progra~2/gnuarm~1/102020~1/bin/../lib/gcc/arm-none-eabi/10.2.1/../../../../arm-none-eabi/lib/thumb/v7-m/nofp\libg.a(lib_a-lock.o)
                0x08005f08                __retarget_lock_init_recursive
 .text.__retarget_lock_close_recursive
                0x08005f0c        0x4 c:/progra~2/gnuarm~1/102020~1/bin/../lib/gcc/arm-none-eabi/10.2.1/../../../../arm-none-eabi/lib/thumb/v7-m/nofp\libg.a(lib_a-lock.o)
                0x08005f0c                __retarget_lock_close_recursive
 .text.__retarget_lock_acquire_recursive
                0x08005f10        0x4 c:/progra~2/gnuarm~1/102020~1/bin/../lib/gcc/arm-none-eabi/10.2.1/../../../../arm-none-eabi/lib/thumb/v7-m/nofp\libg.a(lib_a-lock.o)
                0x08005f10                __retarget_lock_acquire_recursive
 .text.__retarget_lock_release_recursive
                0x08005f14        0x4 c:/progra~2/gnuarm~1/102020~1/bin/../lib/gcc/arm-none-eabi/10.2.1/../../../../arm-none-eabi/lib/thumb/v7-m/nofp\libg.a(lib_a-lock.o)
                0x08005f14                __retarget_lock_release_recursive
 .text._malloc_r
                0x08005f18      0x558 c:/progra~2/gnuarm~1/102020~1/bin/../lib/gcc/arm-none-eabi/10.2.1/../../../../arm-none-eabi/lib/thumb/v7-m/nofp\libg.a(lib_a-mallocr.o)
                0x08005f18                _malloc_r
 .text.memchr   0x08006470       0x90 c:/progra~2/gnuarm~1/102020~1/bin/../lib/gcc/arm-none-eabi/10.2.1/../../../../arm-none-eabi/lib/thumb/v7-m/nofp\libg.a(lib_a-memchr-stub.o)
                0x08006470                memchr
 .text.__malloc_lock
                0x08006500        0xc c:/progra~2/gnuarm~1/102020~1/bin/../lib/gcc/arm-none-eabi/10.2.1/../../../../arm-none-eabi/lib/thumb/v7-m/nofp\libg.a(lib_a-mlock.o)
                0x08006500                __malloc_lock
 .text.__malloc_unlock
                0x0800650c        0xc c:/progra~2/gnuarm~1/102020~1/bin/../lib/gcc/arm-none-eabi/10.2.1/../../../../arm-none-eabi/lib/thumb/v7-m/nofp\libg.a(lib_a-mlock.o)
                0x0800650c                __malloc_unlock
 .text._Balloc  0x08006518       0x4c c:/progra~2/gnuarm~1/102020~1/bin/../lib/gcc/arm-none-eabi/10.2.1/../../../../arm-none-eabi/lib/thumb/v7-m/nofp\libg.a(lib_a-mprec.o)
                0x08006518                _Balloc
 .text._Bfree   0x08006564       0x14 c:/progra~2/gnuarm~1/102020~1/bin/../lib/gcc/arm-none-eabi/10.2.1/../../../../arm-none-eabi/lib/thumb/v7-m/nofp\libg.a(lib_a-mprec.o)
                0x08006564                _Bfree
 .text.__multadd
                0x08006578       0xa4 c:/progra~2/gnuarm~1/102020~1/bin/../lib/gcc/arm-none-eabi/10.2.1/../../../../arm-none-eabi/lib/thumb/v7-m/nofp\libg.a(lib_a-mprec.o)
                0x08006578                __multadd
 .text.__hi0bits
                0x0800661c       0x40 c:/progra~2/gnuarm~1/102020~1/bin/../lib/gcc/arm-none-eabi/10.2.1/../../../../arm-none-eabi/lib/thumb/v7-m/nofp\libg.a(lib_a-mprec.o)
                0x0800661c                __hi0bits
 .text.__lo0bits
                0x0800665c       0x58 c:/progra~2/gnuarm~1/102020~1/bin/../lib/gcc/arm-none-eabi/10.2.1/../../../../arm-none-eabi/lib/thumb/v7-m/nofp\libg.a(lib_a-mprec.o)
                0x0800665c                __lo0bits
 .text.__i2b    0x080066b4       0x5c c:/progra~2/gnuarm~1/102020~1/bin/../lib/gcc/arm-none-eabi/10.2.1/../../../../arm-none-eabi/lib/thumb/v7-m/nofp\libg.a(lib_a-mprec.o)
                0x080066b4                __i2b
 .text.__multiply
                0x08006710      0x15c c:/progra~2/gnuarm~1/102020~1/bin/../lib/gcc/arm-none-eabi/10.2.1/../../../../arm-none-eabi/lib/thumb/v7-m/nofp\libg.a(lib_a-mprec.o)
                0x08006710                __multiply
 .text.__pow5mult
                0x0800686c       0xb8 c:/progra~2/gnuarm~1/102020~1/bin/../lib/gcc/arm-none-eabi/10.2.1/../../../../arm-none-eabi/lib/thumb/v7-m/nofp\libg.a(lib_a-mprec.o)
                0x0800686c                __pow5mult
 .text.__lshift
                0x08006924       0xec c:/progra~2/gnuarm~1/102020~1/bin/../lib/gcc/arm-none-eabi/10.2.1/../../../../arm-none-eabi/lib/thumb/v7-m/nofp\libg.a(lib_a-mprec.o)
                0x08006924                __lshift
 .text.__mcmp   0x08006a10       0x40 c:/progra~2/gnuarm~1/102020~1/bin/../lib/gcc/arm-none-eabi/10.2.1/../../../../arm-none-eabi/lib/thumb/v7-m/nofp\libg.a(lib_a-mprec.o)
                0x08006a10                __mcmp
 .text.__mdiff  0x08006a50      0x14c c:/progra~2/gnuarm~1/102020~1/bin/../lib/gcc/arm-none-eabi/10.2.1/../../../../arm-none-eabi/lib/thumb/v7-m/nofp\libg.a(lib_a-mprec.o)
                0x08006a50                __mdiff
 .text.__d2b    0x08006b9c       0xc4 c:/progra~2/gnuarm~1/102020~1/bin/../lib/gcc/arm-none-eabi/10.2.1/../../../../arm-none-eabi/lib/thumb/v7-m/nofp\libg.a(lib_a-mprec.o)
                0x08006b9c                __d2b
 .text.frexp    0x08006c60       0x70 c:/progra~2/gnuarm~1/102020~1/bin/../lib/gcc/arm-none-eabi/10.2.1/../../../../arm-none-eabi/lib/thumb/v7-m/nofp\libg.a(lib_a-s_frexp.o)
                0x08006c60                frexp
 .text._sbrk_r  0x08006cd0       0x24 c:/progra~2/gnuarm~1/102020~1/bin/../lib/gcc/arm-none-eabi/10.2.1/../../../../arm-none-eabi/lib/thumb/v7-m/nofp\libg.a(lib_a-sbrkr.o)
                0x08006cd0                _sbrk_r
 .text.strlen   0x08006cf4       0x5c c:/progra~2/gnuarm~1/102020~1/bin/../lib/gcc/arm-none-eabi/10.2.1/../../../../arm-none-eabi/lib/thumb/v7-m/nofp\libg.a(lib_a-strlen-stub.o)
                0x08006cf4                strlen
 .text.strncpy  0x08006d50       0x68 c:/progra~2/gnuarm~1/102020~1/bin/../lib/gcc/arm-none-eabi/10.2.1/../../../../arm-none-eabi/lib/thumb/v7-m/nofp\libg.a(lib_a-strncpy.o)
                0x08006d50                strncpy
 .text.__ssprint_r
                0x08006db8       0xfc c:/progra~2/gnuarm~1/102020~1/bin/../lib/gcc/arm-none-eabi/10.2.1/../../../../arm-none-eabi/lib/thumb/v7-m/nofp\libg.a(lib_a-svfiprintf.o)
                0x08006db8                __ssprint_r
 .text.__register_exitproc
                0x08006eb4       0x8c c:/progra~2/gnuarm~1/102020~1/bin/../lib/gcc/arm-none-eabi/10.2.1/../../../../arm-none-eabi/lib/thumb/v7-m/nofp\libg.a(lib_a-__atexit.o)
                0x08006eb4                __register_exitproc
 .text.__assert_func
                0x08006f40       0x40 c:/progra~2/gnuarm~1/102020~1/bin/../lib/gcc/arm-none-eabi/10.2.1/../../../../arm-none-eabi/lib/thumb/v7-m/nofp\libg.a(lib_a-assert.o)
                0x08006f40                __assert_func
 .text._calloc_r
                0x08006f80       0x60 c:/progra~2/gnuarm~1/102020~1/bin/../lib/gcc/arm-none-eabi/10.2.1/../../../../arm-none-eabi/lib/thumb/v7-m/nofp\libg.a(lib_a-callocr.o)
                0x08006f80                _calloc_r
 .text.fiprintf
                0x08006fe0       0x28 c:/progra~2/gnuarm~1/102020~1/bin/../lib/gcc/arm-none-eabi/10.2.1/../../../../arm-none-eabi/lib/thumb/v7-m/nofp\libg.a(lib_a-fiprintf.o)
                0x08006fe0                fiprintf
 .text.__locale_mb_cur_max
                0x08007008        0xc c:/progra~2/gnuarm~1/102020~1/bin/../lib/gcc/arm-none-eabi/10.2.1/../../../../arm-none-eabi/lib/thumb/v7-m/nofp\libg.a(lib_a-locale.o)
                0x08007008                __locale_mb_cur_max
 .text.__ascii_mbtowc
                0x08007014       0x2c c:/progra~2/gnuarm~1/102020~1/bin/../lib/gcc/arm-none-eabi/10.2.1/../../../../arm-none-eabi/lib/thumb/v7-m/nofp\libg.a(lib_a-mbtowc_r.o)
                0x08007014                __ascii_mbtowc
 .text.memmove  0x08007040       0xf8 c:/progra~2/gnuarm~1/102020~1/bin/../lib/gcc/arm-none-eabi/10.2.1/../../../../arm-none-eabi/lib/thumb/v7-m/nofp\libg.a(lib_a-memmove.o)
                0x08007040                memmove
 .text._realloc_r
                0x08007138      0x3dc c:/progra~2/gnuarm~1/102020~1/bin/../lib/gcc/arm-none-eabi/10.2.1/../../../../arm-none-eabi/lib/thumb/v7-m/nofp\libg.a(lib_a-reallocr.o)
                0x08007138                _realloc_r
 .text.__sprint_r.part.0
                0x08007514       0x78 c:/progra~2/gnuarm~1/102020~1/bin/../lib/gcc/arm-none-eabi/10.2.1/../../../../arm-none-eabi/lib/thumb/v7-m/nofp\libg.a(lib_a-vfiprintf.o)
 .text._vfiprintf_r
                0x0800758c      0xd94 c:/progra~2/gnuarm~1/102020~1/bin/../lib/gcc/arm-none-eabi/10.2.1/../../../../arm-none-eabi/lib/thumb/v7-m/nofp\libg.a(lib_a-vfiprintf.o)
                0x0800758c                _vfiprintf_r
 .text.__sbprintf
                0x08008320       0x84 c:/progra~2/gnuarm~1/102020~1/bin/../lib/gcc/arm-none-eabi/10.2.1/../../../../arm-none-eabi/lib/thumb/v7-m/nofp\libg.a(lib_a-vfiprintf.o)
 .text.__ascii_wctomb
                0x080083a4       0x1c c:/progra~2/gnuarm~1/102020~1/bin/../lib/gcc/arm-none-eabi/10.2.1/../../../../arm-none-eabi/lib/thumb/v7-m/nofp\libg.a(lib_a-wctomb_r.o)
                0x080083a4                __ascii_wctomb
 .text.__swsetup_r
                0x080083c0       0xd4 c:/progra~2/gnuarm~1/102020~1/bin/../lib/gcc/arm-none-eabi/10.2.1/../../../../arm-none-eabi/lib/thumb/v7-m/nofp\libg.a(lib_a-wsetup.o)
                0x080083c0                __swsetup_r
 .text.abort    0x08008494       0x10 c:/progra~2/gnuarm~1/102020~1/bin/../lib/gcc/arm-none-eabi/10.2.1/../../../../arm-none-eabi/lib/thumb/v7-m/nofp\libg.a(lib_a-abort.o)
                0x08008494                abort
 .text.__sflush_r
                0x080084a4      0x124 c:/progra~2/gnuarm~1/102020~1/bin/../lib/gcc/arm-none-eabi/10.2.1/../../../../arm-none-eabi/lib/thumb/v7-m/nofp\libg.a(lib_a-fflush.o)
                0x080084a4                __sflush_r
 .text._fflush_r
                0x080085c8       0x5c c:/progra~2/gnuarm~1/102020~1/bin/../lib/gcc/arm-none-eabi/10.2.1/../../../../arm-none-eabi/lib/thumb/v7-m/nofp\libg.a(lib_a-fflush.o)
                0x080085c8                _fflush_r
 .text._cleanup_r
                0x08008624        0xc c:/progra~2/gnuarm~1/102020~1/bin/../lib/gcc/arm-none-eabi/10.2.1/../../../../arm-none-eabi/lib/thumb/v7-m/nofp\libg.a(lib_a-findfp.o)
                0x08008624                _cleanup_r
 .text.__sinit  0x08008630      0x10c c:/progra~2/gnuarm~1/102020~1/bin/../lib/gcc/arm-none-eabi/10.2.1/../../../../arm-none-eabi/lib/thumb/v7-m/nofp\libg.a(lib_a-findfp.o)
                0x08008630                __sinit
 .text.__sfp_lock_acquire
                0x0800873c        0xc c:/progra~2/gnuarm~1/102020~1/bin/../lib/gcc/arm-none-eabi/10.2.1/../../../../arm-none-eabi/lib/thumb/v7-m/nofp\libg.a(lib_a-findfp.o)
                0x0800873c                __sfp_lock_acquire
 .text.__sfp_lock_release
                0x08008748        0xc c:/progra~2/gnuarm~1/102020~1/bin/../lib/gcc/arm-none-eabi/10.2.1/../../../../arm-none-eabi/lib/thumb/v7-m/nofp\libg.a(lib_a-findfp.o)
                0x08008748                __sfp_lock_release
 .text.__fputwc
                0x08008754       0xa0 c:/progra~2/gnuarm~1/102020~1/bin/../lib/gcc/arm-none-eabi/10.2.1/../../../../arm-none-eabi/lib/thumb/v7-m/nofp\libg.a(lib_a-fputwc.o)
                0x08008754                __fputwc
 .text._fputwc_r
                0x080087f4       0x68 c:/progra~2/gnuarm~1/102020~1/bin/../lib/gcc/arm-none-eabi/10.2.1/../../../../arm-none-eabi/lib/thumb/v7-m/nofp\libg.a(lib_a-fputwc.o)
                0x080087f4                _fputwc_r
 .text.__sfvwrite_r
                0x0800885c      0x2f0 c:/progra~2/gnuarm~1/102020~1/bin/../lib/gcc/arm-none-eabi/10.2.1/../../../../arm-none-eabi/lib/thumb/v7-m/nofp\libg.a(lib_a-fvwrite.o)
                0x0800885c                __sfvwrite_r
 .text._fwalk_reent
                0x08008b4c       0x48 c:/progra~2/gnuarm~1/102020~1/bin/../lib/gcc/arm-none-eabi/10.2.1/../../../../arm-none-eabi/lib/thumb/v7-m/nofp\libg.a(lib_a-fwalk.o)
                0x08008b4c                _fwalk_reent
 .text.__smakebuf_r
                0x08008b94       0xe0 c:/progra~2/gnuarm~1/102020~1/bin/../lib/gcc/arm-none-eabi/10.2.1/../../../../arm-none-eabi/lib/thumb/v7-m/nofp\libg.a(lib_a-makebuf.o)
                0x08008b94                __smakebuf_r
 .text.raise    0x08008c74       0x5c c:/progra~2/gnuarm~1/102020~1/bin/../lib/gcc/arm-none-eabi/10.2.1/../../../../arm-none-eabi/lib/thumb/v7-m/nofp\libg.a(lib_a-signal.o)
                0x08008c74                raise
 .text._kill_r  0x08008cd0       0x28 c:/progra~2/gnuarm~1/102020~1/bin/../lib/gcc/arm-none-eabi/10.2.1/../../../../arm-none-eabi/lib/thumb/v7-m/nofp\libg.a(lib_a-signalr.o)
                0x08008cd0                _kill_r
 .text._getpid_r
                0x08008cf8        0x4 c:/progra~2/gnuarm~1/102020~1/bin/../lib/gcc/arm-none-eabi/10.2.1/../../../../arm-none-eabi/lib/thumb/v7-m/nofp\libg.a(lib_a-signalr.o)
                0x08008cf8                _getpid_r
 .text.__sread  0x08008cfc       0x24 c:/progra~2/gnuarm~1/102020~1/bin/../lib/gcc/arm-none-eabi/10.2.1/../../../../arm-none-eabi/lib/thumb/v7-m/nofp\libg.a(lib_a-stdio.o)
                0x08008cfc                __sread
 .text.__swrite
                0x08008d20       0x40 c:/progra~2/gnuarm~1/102020~1/bin/../lib/gcc/arm-none-eabi/10.2.1/../../../../arm-none-eabi/lib/thumb/v7-m/nofp\libg.a(lib_a-stdio.o)
                0x08008d20                __swrite
 .text.__sseek  0x08008d60       0x20 c:/progra~2/gnuarm~1/102020~1/bin/../lib/gcc/arm-none-eabi/10.2.1/../../../../arm-none-eabi/lib/thumb/v7-m/nofp\libg.a(lib_a-stdio.o)
                0x08008d60                __sseek
 .text.__sclose
                0x08008d80        0x8 c:/progra~2/gnuarm~1/102020~1/bin/../lib/gcc/arm-none-eabi/10.2.1/../../../../arm-none-eabi/lib/thumb/v7-m/nofp\libg.a(lib_a-stdio.o)
                0x08008d80                __sclose
 .text.__swbuf_r
                0x08008d88       0xb0 c:/progra~2/gnuarm~1/102020~1/bin/../lib/gcc/arm-none-eabi/10.2.1/../../../../arm-none-eabi/lib/thumb/v7-m/nofp\libg.a(lib_a-wbuf.o)
                0x08008d88                __swbuf_r
 .text._wcrtomb_r
                0x08008e38       0x3c c:/progra~2/gnuarm~1/102020~1/bin/../lib/gcc/arm-none-eabi/10.2.1/../../../../arm-none-eabi/lib/thumb/v7-m/nofp\libg.a(lib_a-wcrtomb.o)
                0x08008e38                _wcrtomb_r
 .text._write_r
                0x08008e74       0x2c c:/progra~2/gnuarm~1/102020~1/bin/../lib/gcc/arm-none-eabi/10.2.1/../../../../arm-none-eabi/lib/thumb/v7-m/nofp\libg.a(lib_a-writer.o)
                0x08008e74                _write_r
 .text._close_r
                0x08008ea0       0x24 c:/progra~2/gnuarm~1/102020~1/bin/../lib/gcc/arm-none-eabi/10.2.1/../../../../arm-none-eabi/lib/thumb/v7-m/nofp\libg.a(lib_a-closer.o)
                0x08008ea0                _close_r
 .text._fclose_r
                0x08008ec4       0xcc c:/progra~2/gnuarm~1/102020~1/bin/../lib/gcc/arm-none-eabi/10.2.1/../../../../arm-none-eabi/lib/thumb/v7-m/nofp\libg.a(lib_a-fclose.o)
                0x08008ec4                _fclose_r
 .text._fstat_r
                0x08008f90       0x28 c:/progra~2/gnuarm~1/102020~1/bin/../lib/gcc/arm-none-eabi/10.2.1/../../../../arm-none-eabi/lib/thumb/v7-m/nofp\libg.a(lib_a-fstatr.o)
                0x08008f90                _fstat_r
 .text._isatty_r
                0x08008fb8       0x24 c:/progra~2/gnuarm~1/102020~1/bin/../lib/gcc/arm-none-eabi/10.2.1/../../../../arm-none-eabi/lib/thumb/v7-m/nofp\libg.a(lib_a-isattyr.o)
                0x08008fb8                _isatty_r
 .text._lseek_r
                0x08008fdc       0x2c c:/progra~2/gnuarm~1/102020~1/bin/../lib/gcc/arm-none-eabi/10.2.1/../../../../arm-none-eabi/lib/thumb/v7-m/nofp\libg.a(lib_a-lseekr.o)
                0x08008fdc                _lseek_r
 .text._read_r  0x08009008       0x2c c:/progra~2/gnuarm~1/102020~1/bin/../lib/gcc/arm-none-eabi/10.2.1/../../../../arm-none-eabi/lib/thumb/v7-m/nofp\libg.a(lib_a-readr.o)
                0x08009008                _read_r
 .text.log      0x08009034       0x74 c:/progra~2/gnuarm~1/102020~1/bin/../lib/gcc/arm-none-eabi/10.2.1/../../../../arm-none-eabi/lib/thumb/v7-m/nofp\libm.a(lib_a-w_log.o)
                0x08009034                log
 .text.__ieee754_log
                0x080090a8      0x400 c:/progra~2/gnuarm~1/102020~1/bin/../lib/gcc/arm-none-eabi/10.2.1/../../../../arm-none-eabi/lib/thumb/v7-m/nofp\libm.a(lib_a-e_log.o)
                0x080090a8                __ieee754_log
 .text.nan      0x080094a8        0xc c:/progra~2/gnuarm~1/102020~1/bin/../lib/gcc/arm-none-eabi/10.2.1/../../../../arm-none-eabi/lib/thumb/v7-m/nofp\libm.a(lib_a-s_nan.o)
                0x080094a8                nan
 *(.glue_7)
 .glue_7        0x080094b4        0x0 linker stubs
 *(.glue_7t)
 .glue_7t       0x080094b4        0x0 linker stubs
 *(.eh_frame)
 .eh_frame      0x080094b4        0x0 c:/progra~2/gnuarm~1/102020~1/bin/../lib/gcc/arm-none-eabi/10.2.1/thumb/v7-m/nofp/crtbegin.o
 *(.init)
 .init          0x080094b4        0x4 c:/progra~2/gnuarm~1/102020~1/bin/../lib/gcc/arm-none-eabi/10.2.1/thumb/v7-m/nofp/crti.o
                0x080094b4                _init
 .init          0x080094b8        0x8 c:/progra~2/gnuarm~1/102020~1/bin/../lib/gcc/arm-none-eabi/10.2.1/thumb/v7-m/nofp/crtn.o
 *(.fini)
 .fini          0x080094c0        0x4 c:/progra~2/gnuarm~1/102020~1/bin/../lib/gcc/arm-none-eabi/10.2.1/thumb/v7-m/nofp/crti.o
                0x080094c0                _fini
 .fini          0x080094c4        0x8 c:/progra~2/gnuarm~1/102020~1/bin/../lib/gcc/arm-none-eabi/10.2.1/thumb/v7-m/nofp/crtn.o
                0x080094cc                . = ALIGN (0x4)
                0x080094cc                _etext = .

.vfp11_veneer   0x080094cc        0x0
 .vfp11_veneer  0x080094cc        0x0 linker stubs

.v4_bx          0x080094cc        0x0
 .v4_bx         0x080094cc        0x0 linker stubs

.iplt           0x080094cc        0x0
 .iplt          0x080094cc        0x0 c:/progra~2/gnuarm~1/102020~1/bin/../lib/gcc/arm-none-eabi/10.2.1/thumb/v7-m/nofp/crtbegin.o

.rodata         0x080094d0     0x1c10
                0x080094d0                . = ALIGN (0x4)
 *(.rodata)
 *(.rodata*)
 .rodata.RunMode.str1.4
                0x080094d0        0x6 CMakeFiles/discoTest.elf.dir/Core/Src/main.c.obj
 *fill*         0x080094d6        0x2 
 .rodata.main.str1.4
                0x080094d8       0x19 CMakeFiles/discoTest.elf.dir/Core/Src/main.c.obj
 *fill*         0x080094f1        0x3 
 .rodata.asc2_1206
                0x080094f4      0x474 CMakeFiles/discoTest.elf.dir/Core/Src/oled.c.obj
                0x080094f4                asc2_1206
 .rodata.asc2_1608
                0x08009968      0x5f0 CMakeFiles/discoTest.elf.dir/Core/Src/oled.c.obj
                0x08009968                asc2_1608
 .rodata.asc2_2412
                0x08009f58      0xd5c CMakeFiles/discoTest.elf.dir/Core/Src/oled.c.obj
                0x08009f58                asc2_2412
 .rodata.AHBPrescTable
                0x0800acb4       0x10 CMakeFiles/discoTest.elf.dir/Core/Src/system_stm32f1xx.c.obj
                0x0800acb4                AHBPrescTable
 .rodata.APBPrescTable
                0x0800acc4        0x8 CMakeFiles/discoTest.elf.dir/Core/Src/system_stm32f1xx.c.obj
                0x0800acc4                APBPrescTable
 .rodata.HAL_RCC_GetSysClockFreq.str1.4
                0x0800accc       0x11 CMakeFiles/discoTest.elf.dir/Drivers/STM32F1xx_HAL_Driver/Src/stm32f1xx_hal_rcc.c.obj
 *fill*         0x0800acdd        0x3 
 .rodata._global_impure_ptr
                0x0800ace0        0x4 c:/progra~2/gnuarm~1/102020~1/bin/../lib/gcc/arm-none-eabi/10.2.1/../../../../arm-none-eabi/lib/thumb/v7-m/nofp\libg.a(lib_a-impure.o)
                0x0800ace0                _global_impure_ptr
 .rodata._svfprintf_r.str1.4
                0x0800ace4       0x42 c:/progra~2/gnuarm~1/102020~1/bin/../lib/gcc/arm-none-eabi/10.2.1/../../../../arm-none-eabi/lib/thumb/v7-m/nofp\libg.a(lib_a-svfprintf.o)
 *fill*         0x0800ad26        0x2 
 .rodata.blanks.1
                0x0800ad28       0x10 c:/progra~2/gnuarm~1/102020~1/bin/../lib/gcc/arm-none-eabi/10.2.1/../../../../arm-none-eabi/lib/thumb/v7-m/nofp\libg.a(lib_a-svfprintf.o)
 .rodata.zeroes.0
                0x0800ad38       0x10 c:/progra~2/gnuarm~1/102020~1/bin/../lib/gcc/arm-none-eabi/10.2.1/../../../../arm-none-eabi/lib/thumb/v7-m/nofp\libg.a(lib_a-svfprintf.o)
 .rodata._dtoa_r.str1.4
                0x0800ad48       0xa1 c:/progra~2/gnuarm~1/102020~1/bin/../lib/gcc/arm-none-eabi/10.2.1/../../../../arm-none-eabi/lib/thumb/v7-m/nofp\libg.a(lib_a-dtoa.o)
                                 0xa5 (size before relaxing)
 *fill*         0x0800ade9        0x3 
 .rodata.__multadd.str1.4
                0x0800adec       0x7e c:/progra~2/gnuarm~1/102020~1/bin/../lib/gcc/arm-none-eabi/10.2.1/../../../../arm-none-eabi/lib/thumb/v7-m/nofp\libg.a(lib_a-mprec.o)
                                 0x92 (size before relaxing)
 *fill*         0x0800ae6a        0x6 
 .rodata.__mprec_bigtens
                0x0800ae70       0x28 c:/progra~2/gnuarm~1/102020~1/bin/../lib/gcc/arm-none-eabi/10.2.1/../../../../arm-none-eabi/lib/thumb/v7-m/nofp\libg.a(lib_a-mprec.o)
                0x0800ae70                __mprec_bigtens
 .rodata.__mprec_tens
                0x0800ae98       0xc8 c:/progra~2/gnuarm~1/102020~1/bin/../lib/gcc/arm-none-eabi/10.2.1/../../../../arm-none-eabi/lib/thumb/v7-m/nofp\libg.a(lib_a-mprec.o)
                0x0800ae98                __mprec_tens
 .rodata.p05.0  0x0800af60        0xc c:/progra~2/gnuarm~1/102020~1/bin/../lib/gcc/arm-none-eabi/10.2.1/../../../../arm-none-eabi/lib/thumb/v7-m/nofp\libg.a(lib_a-mprec.o)
 .rodata.__assert_func.str1.4
                0x0800af6c       0x3f c:/progra~2/gnuarm~1/102020~1/bin/../lib/gcc/arm-none-eabi/10.2.1/../../../../arm-none-eabi/lib/thumb/v7-m/nofp\libg.a(lib_a-assert.o)
                                 0x43 (size before relaxing)
 *fill*         0x0800afab        0x1 
 .rodata._setlocale_r.str1.4
                0x0800afac        0xa c:/progra~2/gnuarm~1/102020~1/bin/../lib/gcc/arm-none-eabi/10.2.1/../../../../arm-none-eabi/lib/thumb/v7-m/nofp\libg.a(lib_a-locale.o)
                                  0xd (size before relaxing)
 *fill*         0x0800afb6        0x2 
 .rodata.str1.4
                0x0800afb8        0x2 c:/progra~2/gnuarm~1/102020~1/bin/../lib/gcc/arm-none-eabi/10.2.1/../../../../arm-none-eabi/lib/thumb/v7-m/nofp\libg.a(lib_a-locale.o)
 .rodata._vfiprintf_r.str1.4
                0x0800afba       0x2f c:/progra~2/gnuarm~1/102020~1/bin/../lib/gcc/arm-none-eabi/10.2.1/../../../../arm-none-eabi/lib/thumb/v7-m/nofp\libg.a(lib_a-vfiprintf.o)
 *fill*         0x0800afba        0x2 
 .rodata.blanks.1
                0x0800afbc       0x10 c:/progra~2/gnuarm~1/102020~1/bin/../lib/gcc/arm-none-eabi/10.2.1/../../../../arm-none-eabi/lib/thumb/v7-m/nofp\libg.a(lib_a-vfiprintf.o)
 .rodata.zeroes.0
                0x0800afcc       0x10 c:/progra~2/gnuarm~1/102020~1/bin/../lib/gcc/arm-none-eabi/10.2.1/../../../../arm-none-eabi/lib/thumb/v7-m/nofp\libg.a(lib_a-vfiprintf.o)
 .rodata._ctype_
                0x0800afdc      0x101 c:/progra~2/gnuarm~1/102020~1/bin/../lib/gcc/arm-none-eabi/10.2.1/../../../../arm-none-eabi/lib/thumb/v7-m/nofp\libg.a(lib_a-ctype_.o)
                0x0800afdc                _ctype_
 .rodata.log.str1.4
                0x0800b0dd        0x1 c:/progra~2/gnuarm~1/102020~1/bin/../lib/gcc/arm-none-eabi/10.2.1/../../../../arm-none-eabi/lib/thumb/v7-m/nofp\libm.a(lib_a-w_log.o)
                0x0800b0e0                . = ALIGN (0x4)
 *fill*         0x0800b0dd        0x3 

.ARM.extab
 *(.ARM.extab* .gnu.linkonce.armextab.*)

.ARM            0x0800b0e0        0x8
                0x0800b0e0                __exidx_start = .
 *(.ARM.exidx*)
 .ARM.exidx     0x0800b0e0        0x8 c:/progra~2/gnuarm~1/102020~1/bin/../lib/gcc/arm-none-eabi/10.2.1/thumb/v7-m/nofp\libgcc.a(_udivmoddi4.o)
                0x0800b0e8                __exidx_end = .

.rel.dyn        0x0800b0e8        0x0
 .rel.iplt      0x0800b0e8        0x0 c:/progra~2/gnuarm~1/102020~1/bin/../lib/gcc/arm-none-eabi/10.2.1/thumb/v7-m/nofp/crtbegin.o

.preinit_array  0x0800b0e8        0x0
                0x0800b0e8                PROVIDE (__preinit_array_start = .)
 *(.preinit_array*)
                0x0800b0e8                PROVIDE (__preinit_array_end = .)

.init_array     0x0800b0e8        0x8
                0x0800b0e8                PROVIDE (__init_array_start = .)
 *(SORT_BY_NAME(.init_array.*))
 .init_array.00000
                0x0800b0e8        0x4 c:/progra~2/gnuarm~1/102020~1/bin/../lib/gcc/arm-none-eabi/10.2.1/../../../../arm-none-eabi/lib/thumb/v7-m/nofp\libg.a(lib_a-__call_atexit.o)
 *(.init_array*)
 .init_array    0x0800b0ec        0x4 c:/progra~2/gnuarm~1/102020~1/bin/../lib/gcc/arm-none-eabi/10.2.1/thumb/v7-m/nofp/crtbegin.o
                0x0800b0f0                PROVIDE (__init_array_end = .)

.fini_array     0x0800b0f0        0x4
                0x0800b0f0                PROVIDE (__fini_array_start = .)
 *(SORT_BY_NAME(.fini_array.*))
 *(.fini_array*)
 .fini_array    0x0800b0f0        0x4 c:/progra~2/gnuarm~1/102020~1/bin/../lib/gcc/arm-none-eabi/10.2.1/thumb/v7-m/nofp/crtbegin.o
                0x0800b0f4                PROVIDE (__fini_array_end = .)
                0x0800b0f4                _sidata = LOADADDR (.data)

.data           0x20000000     0x1df4 load address 0x0800b0f4
                0x20000000                . = ALIGN (0x4)
                0x20000000                _sdata = .
 *(.data)
 *(.data*)
 .data.Hzk1     0x20000000      0x160 CMakeFiles/discoTest.elf.dir/Core/Src/oled.c.obj
                0x20000000                Hzk1
 .data.Hzk2     0x20000160       0xd8 CMakeFiles/discoTest.elf.dir/Core/Src/oled.c.obj
                0x20000160                Hzk2
 .data.Hzk3     0x20000238      0x200 CMakeFiles/discoTest.elf.dir/Core/Src/oled.c.obj
                0x20000238                Hzk3
 .data.Hzk4     0x20000438     0x1000 CMakeFiles/discoTest.elf.dir/Core/Src/oled.c.obj
                0x20000438                Hzk4
 .data.SystemCoreClock
                0x20001438        0x4 CMakeFiles/discoTest.elf.dir/Core/Src/system_stm32f1xx.c.obj
                0x20001438                SystemCoreClock
 .data.uwTickFreq
                0x2000143c        0x1 CMakeFiles/discoTest.elf.dir/Drivers/STM32F1xx_HAL_Driver/Src/stm32f1xx_hal.c.obj
                0x2000143c                uwTickFreq
 *fill*         0x2000143d        0x3 
 .data.uwTickPrio
                0x20001440        0x4 CMakeFiles/discoTest.elf.dir/Drivers/STM32F1xx_HAL_Driver/Src/stm32f1xx_hal.c.obj
                0x20001440                uwTickPrio
 .data._impure_ptr
                0x20001444        0x4 c:/progra~2/gnuarm~1/102020~1/bin/../lib/gcc/arm-none-eabi/10.2.1/../../../../arm-none-eabi/lib/thumb/v7-m/nofp\libg.a(lib_a-impure.o)
                0x20001444                _impure_ptr
 .data.impure_data
                0x20001448      0x428 c:/progra~2/gnuarm~1/102020~1/bin/../lib/gcc/arm-none-eabi/10.2.1/../../../../arm-none-eabi/lib/thumb/v7-m/nofp\libg.a(lib_a-impure.o)
 .data.__atexit_recursive_mutex
                0x20001870        0x4 c:/progra~2/gnuarm~1/102020~1/bin/../lib/gcc/arm-none-eabi/10.2.1/../../../../arm-none-eabi/lib/thumb/v7-m/nofp\libg.a(lib_a-__call_atexit.o)
                0x20001870                __atexit_recursive_mutex
 .data.__malloc_av_
                0x20001874      0x408 c:/progra~2/gnuarm~1/102020~1/bin/../lib/gcc/arm-none-eabi/10.2.1/../../../../arm-none-eabi/lib/thumb/v7-m/nofp\libg.a(lib_a-mallocr.o)
                0x20001874                __malloc_av_
 .data.__malloc_sbrk_base
                0x20001c7c        0x4 c:/progra~2/gnuarm~1/102020~1/bin/../lib/gcc/arm-none-eabi/10.2.1/../../../../arm-none-eabi/lib/thumb/v7-m/nofp\libg.a(lib_a-mallocr.o)
                0x20001c7c                __malloc_sbrk_base
 .data.__malloc_trim_threshold
                0x20001c80        0x4 c:/progra~2/gnuarm~1/102020~1/bin/../lib/gcc/arm-none-eabi/10.2.1/../../../../arm-none-eabi/lib/thumb/v7-m/nofp\libg.a(lib_a-mallocr.o)
                0x20001c80                __malloc_trim_threshold
 .data.__global_locale
                0x20001c84      0x16c c:/progra~2/gnuarm~1/102020~1/bin/../lib/gcc/arm-none-eabi/10.2.1/../../../../arm-none-eabi/lib/thumb/v7-m/nofp\libg.a(lib_a-locale.o)
                0x20001c84                __global_locale
 .data.__fdlib_version
                0x20001df0        0x1 c:/progra~2/gnuarm~1/102020~1/bin/../lib/gcc/arm-none-eabi/10.2.1/../../../../arm-none-eabi/lib/thumb/v7-m/nofp\libm.a(lib_a-s_lib_ver.o)
                0x20001df0                __fdlib_version
                0x20001df4                . = ALIGN (0x4)
 *fill*         0x20001df1        0x3 
                0x20001df4                _edata = .

.igot.plt       0x20001df4        0x0 load address 0x0800cee8
 .igot.plt      0x20001df4        0x0 c:/progra~2/gnuarm~1/102020~1/bin/../lib/gcc/arm-none-eabi/10.2.1/thumb/v7-m/nofp/crtbegin.o
                0x20001df4                . = ALIGN (0x4)

.bss            0x20001df4      0x5d0 load address 0x0800cee8
                0x20001df4                _sbss = .
                0x20001df4                __bss_start__ = _sbss
 *(.bss)
 .bss           0x20001df4       0x1c c:/progra~2/gnuarm~1/102020~1/bin/../lib/gcc/arm-none-eabi/10.2.1/thumb/v7-m/nofp/crtbegin.o
 *(.bss*)
 .bss.DisplayCache1
                0x20001e10       0x10 CMakeFiles/discoTest.elf.dir/Core/Src/main.c.obj
                0x20001e10                DisplayCache1
 .bss.DisplayCache2
                0x20001e20       0x10 CMakeFiles/discoTest.elf.dir/Core/Src/main.c.obj
                0x20001e20                DisplayCache2
 .bss.DisplayCache3
                0x20001e30       0x10 CMakeFiles/discoTest.elf.dir/Core/Src/main.c.obj
                0x20001e30                DisplayCache3
 .bss.DisplayCache4
                0x20001e40       0x10 CMakeFiles/discoTest.elf.dir/Core/Src/main.c.obj
                0x20001e40                DisplayCache4
 .bss.hadc1     0x20001e50       0x30 CMakeFiles/discoTest.elf.dir/Core/Src/main.c.obj
                0x20001e50                hadc1
 .bss.hadc2     0x20001e80       0x30 CMakeFiles/discoTest.elf.dir/Core/Src/main.c.obj
                0x20001e80                hadc2
 .bss.huart1    0x20001eb0       0x44 CMakeFiles/discoTest.elf.dir/Core/Src/main.c.obj
                0x20001eb0                huart1
 .bss.OLED_GRAM
                0x20001ef4      0x480 CMakeFiles/discoTest.elf.dir/Core/Src/oled.c.obj
                0x20001ef4                OLED_GRAM
 .bss.heap_end.0
                0x20002374        0x4 CMakeFiles/discoTest.elf.dir/Core/Src/syscalls.c.obj
 .bss.uwTick    0x20002378        0x4 CMakeFiles/discoTest.elf.dir/Drivers/STM32F1xx_HAL_Driver/Src/stm32f1xx_hal.c.obj
                0x20002378                uwTick
 .bss.__lock___atexit_recursive_mutex
                0x2000237c        0x1 c:/progra~2/gnuarm~1/102020~1/bin/../lib/gcc/arm-none-eabi/10.2.1/../../../../arm-none-eabi/lib/thumb/v7-m/nofp\libg.a(lib_a-lock.o)
                0x2000237c                __lock___atexit_recursive_mutex
 *fill*         0x2000237d        0x3 
 .bss.__lock___malloc_recursive_mutex
                0x20002380        0x1 c:/progra~2/gnuarm~1/102020~1/bin/../lib/gcc/arm-none-eabi/10.2.1/../../../../arm-none-eabi/lib/thumb/v7-m/nofp\libg.a(lib_a-lock.o)
                0x20002380                __lock___malloc_recursive_mutex
 *fill*         0x20002381        0x3 
 .bss.__lock___sfp_recursive_mutex
                0x20002384        0x1 c:/progra~2/gnuarm~1/102020~1/bin/../lib/gcc/arm-none-eabi/10.2.1/../../../../arm-none-eabi/lib/thumb/v7-m/nofp\libg.a(lib_a-lock.o)
                0x20002384                __lock___sfp_recursive_mutex
 *fill*         0x20002385        0x3 
 .bss.__lock___sinit_recursive_mutex
                0x20002388        0x1 c:/progra~2/gnuarm~1/102020~1/bin/../lib/gcc/arm-none-eabi/10.2.1/../../../../arm-none-eabi/lib/thumb/v7-m/nofp\libg.a(lib_a-lock.o)
                0x20002388                __lock___sinit_recursive_mutex
 *fill*         0x20002389        0x3 
 .bss.__malloc_current_mallinfo
                0x2000238c       0x28 c:/progra~2/gnuarm~1/102020~1/bin/../lib/gcc/arm-none-eabi/10.2.1/../../../../arm-none-eabi/lib/thumb/v7-m/nofp\libg.a(lib_a-mallocr.o)
                0x2000238c                __malloc_current_mallinfo
 .bss.__malloc_max_sbrked_mem
                0x200023b4        0x4 c:/progra~2/gnuarm~1/102020~1/bin/../lib/gcc/arm-none-eabi/10.2.1/../../../../arm-none-eabi/lib/thumb/v7-m/nofp\libg.a(lib_a-mallocr.o)
                0x200023b4                __malloc_max_sbrked_mem
 .bss.__malloc_max_total_mem
                0x200023b8        0x4 c:/progra~2/gnuarm~1/102020~1/bin/../lib/gcc/arm-none-eabi/10.2.1/../../../../arm-none-eabi/lib/thumb/v7-m/nofp\libg.a(lib_a-mallocr.o)
                0x200023b8                __malloc_max_total_mem
 .bss.__malloc_top_pad
                0x200023bc        0x4 c:/progra~2/gnuarm~1/102020~1/bin/../lib/gcc/arm-none-eabi/10.2.1/../../../../arm-none-eabi/lib/thumb/v7-m/nofp\libg.a(lib_a-mallocr.o)
                0x200023bc                __malloc_top_pad
 .bss.errno     0x200023c0        0x4 c:/progra~2/gnuarm~1/102020~1/bin/../lib/gcc/arm-none-eabi/10.2.1/../../../../arm-none-eabi/lib/thumb/v7-m/nofp\libg.a(lib_a-reent.o)
                0x200023c0                errno
 *(COMMON)
                0x200023c4                . = ALIGN (0x4)
                0x200023c4                _ebss = .
                0x200023c4                __bss_end__ = _ebss

._user_heap_stack
                0x200023c4      0x604 load address 0x0800cee8
                0x200023c8                . = ALIGN (0x8)
 *fill*         0x200023c4        0x4 
                0x200023c8                PROVIDE (end = .)
                [!provide]                PROVIDE (_end = .)
                0x200025c8                . = (. + _Min_Heap_Size)
 *fill*         0x200023c8      0x200 
                0x200029c8                . = (. + _Min_Stack_Size)
 *fill*         0x200025c8      0x400 
                0x200029c8                . = ALIGN (0x8)

/DISCARD/
 libc.a(*)
 libm.a(*)
 libgcc.a(*)

.ARM.attributes
                0x00000000       0x29
 *(.ARM.attributes)
 .ARM.attributes
                0x00000000       0x1d c:/progra~2/gnuarm~1/102020~1/bin/../lib/gcc/arm-none-eabi/10.2.1/thumb/v7-m/nofp/crti.o
 .ARM.attributes
                0x0000001d       0x2d c:/progra~2/gnuarm~1/102020~1/bin/../lib/gcc/arm-none-eabi/10.2.1/thumb/v7-m/nofp/crtbegin.o
 .ARM.attributes
                0x0000004a       0x2d CMakeFiles/discoTest.elf.dir/Core/Src/main.c.obj
 .ARM.attributes
                0x00000077       0x2d CMakeFiles/discoTest.elf.dir/Core/Src/oled.c.obj
 .ARM.attributes
                0x000000a4       0x2d CMakeFiles/discoTest.elf.dir/Core/Src/stm32f1xx_hal_msp.c.obj
 .ARM.attributes
                0x000000d1       0x2d CMakeFiles/discoTest.elf.dir/Core/Src/stm32f1xx_it.c.obj
 .ARM.attributes
                0x000000fe       0x2d CMakeFiles/discoTest.elf.dir/Core/Src/syscalls.c.obj
 .ARM.attributes
                0x0000012b       0x2d CMakeFiles/discoTest.elf.dir/Core/Src/system_stm32f1xx.c.obj
 .ARM.attributes
                0x00000158       0x2d CMakeFiles/discoTest.elf.dir/Drivers/STM32F1xx_HAL_Driver/Src/stm32f1xx_hal.c.obj
 .ARM.attributes
                0x00000185       0x2d CMakeFiles/discoTest.elf.dir/Drivers/STM32F1xx_HAL_Driver/Src/stm32f1xx_hal_adc.c.obj
 .ARM.attributes
                0x000001b2       0x2d CMakeFiles/discoTest.elf.dir/Drivers/STM32F1xx_HAL_Driver/Src/stm32f1xx_hal_cortex.c.obj
 .ARM.attributes
                0x000001df       0x2d CMakeFiles/discoTest.elf.dir/Drivers/STM32F1xx_HAL_Driver/Src/stm32f1xx_hal_gpio.c.obj
 .ARM.attributes
                0x0000020c       0x2d CMakeFiles/discoTest.elf.dir/Drivers/STM32F1xx_HAL_Driver/Src/stm32f1xx_hal_rcc.c.obj
 .ARM.attributes
                0x00000239       0x2d CMakeFiles/discoTest.elf.dir/Drivers/STM32F1xx_HAL_Driver/Src/stm32f1xx_hal_rcc_ex.c.obj
 .ARM.attributes
                0x00000266       0x2d CMakeFiles/discoTest.elf.dir/Drivers/STM32F1xx_HAL_Driver/Src/stm32f1xx_hal_uart.c.obj
 .ARM.attributes
                0x00000293       0x21 CMakeFiles/discoTest.elf.dir/startup/startup_stm32f103xb.s.obj
 .ARM.attributes
                0x000002b4       0x1d c:/progra~2/gnuarm~1/102020~1/bin/../lib/gcc/arm-none-eabi/10.2.1/thumb/v7-m/nofp\libgcc.a(_arm_addsubdf3.o)
 .ARM.attributes
                0x000002d1       0x1d c:/progra~2/gnuarm~1/102020~1/bin/../lib/gcc/arm-none-eabi/10.2.1/thumb/v7-m/nofp\libgcc.a(_arm_muldivdf3.o)
 .ARM.attributes
                0x000002ee       0x1d c:/progra~2/gnuarm~1/102020~1/bin/../lib/gcc/arm-none-eabi/10.2.1/thumb/v7-m/nofp\libgcc.a(_arm_truncdfsf2.o)
 .ARM.attributes
                0x0000030b       0x1d c:/progra~2/gnuarm~1/102020~1/bin/../lib/gcc/arm-none-eabi/10.2.1/thumb/v7-m/nofp\libgcc.a(_arm_addsubsf3.o)
 .ARM.attributes
                0x00000328       0x1d c:/progra~2/gnuarm~1/102020~1/bin/../lib/gcc/arm-none-eabi/10.2.1/thumb/v7-m/nofp\libgcc.a(_arm_muldivsf3.o)
 .ARM.attributes
                0x00000345       0x2d c:/progra~2/gnuarm~1/102020~1/bin/../lib/gcc/arm-none-eabi/10.2.1/../../../../arm-none-eabi/lib/thumb/v7-m/nofp\libg.a(lib_a-errno.o)
 .ARM.attributes
                0x00000372       0x2d c:/progra~2/gnuarm~1/102020~1/bin/../lib/gcc/arm-none-eabi/10.2.1/../../../../arm-none-eabi/lib/thumb/v7-m/nofp\libg.a(lib_a-impure.o)
 .ARM.attributes
                0x0000039f       0x2d c:/progra~2/gnuarm~1/102020~1/bin/../lib/gcc/arm-none-eabi/10.2.1/../../../../arm-none-eabi/lib/thumb/v7-m/nofp\libg.a(lib_a-init.o)
 .ARM.attributes
                0x000003cc       0x2d c:/progra~2/gnuarm~1/102020~1/bin/../lib/gcc/arm-none-eabi/10.2.1/../../../../arm-none-eabi/lib/thumb/v7-m/nofp\libg.a(lib_a-memset.o)
 .ARM.attributes
                0x000003f9       0x2d c:/progra~2/gnuarm~1/102020~1/bin/../lib/gcc/arm-none-eabi/10.2.1/../../../../arm-none-eabi/lib/thumb/v7-m/nofp\libg.a(lib_a-sprintf.o)
 .ARM.attributes
                0x00000426       0x2d c:/progra~2/gnuarm~1/102020~1/bin/../lib/gcc/arm-none-eabi/10.2.1/../../../../arm-none-eabi/lib/thumb/v7-m/nofp\libg.a(lib_a-svfprintf.o)
 .ARM.attributes
                0x00000453       0x2d c:/progra~2/gnuarm~1/102020~1/bin/../lib/gcc/arm-none-eabi/10.2.1/../../../../arm-none-eabi/lib/thumb/v7-m/nofp\libg.a(lib_a-__call_atexit.o)
 .ARM.attributes
                0x00000480       0x2d c:/progra~2/gnuarm~1/102020~1/bin/../lib/gcc/arm-none-eabi/10.2.1/../../../../arm-none-eabi/lib/thumb/v7-m/nofp\libg.a(lib_a-atexit.o)
 .ARM.attributes
                0x000004ad       0x2d c:/progra~2/gnuarm~1/102020~1/bin/../lib/gcc/arm-none-eabi/10.2.1/../../../../arm-none-eabi/lib/thumb/v7-m/nofp\libg.a(lib_a-dtoa.o)
 .ARM.attributes
                0x000004da       0x2d c:/progra~2/gnuarm~1/102020~1/bin/../lib/gcc/arm-none-eabi/10.2.1/../../../../arm-none-eabi/lib/thumb/v7-m/nofp\libg.a(lib_a-fini.o)
 .ARM.attributes
                0x00000507       0x2d c:/progra~2/gnuarm~1/102020~1/bin/../lib/gcc/arm-none-eabi/10.2.1/../../../../arm-none-eabi/lib/thumb/v7-m/nofp\libg.a(lib_a-freer.o)
 .ARM.attributes
                0x00000534       0x2d c:/progra~2/gnuarm~1/102020~1/bin/../lib/gcc/arm-none-eabi/10.2.1/../../../../arm-none-eabi/lib/thumb/v7-m/nofp\libg.a(lib_a-localeconv.o)
 .ARM.attributes
                0x00000561       0x2d c:/progra~2/gnuarm~1/102020~1/bin/../lib/gcc/arm-none-eabi/10.2.1/../../../../arm-none-eabi/lib/thumb/v7-m/nofp\libg.a(lib_a-lock.o)
 .ARM.attributes
                0x0000058e       0x2d c:/progra~2/gnuarm~1/102020~1/bin/../lib/gcc/arm-none-eabi/10.2.1/../../../../arm-none-eabi/lib/thumb/v7-m/nofp\libg.a(lib_a-mallocr.o)
 .ARM.attributes
                0x000005bb       0x2d c:/progra~2/gnuarm~1/102020~1/bin/../lib/gcc/arm-none-eabi/10.2.1/../../../../arm-none-eabi/lib/thumb/v7-m/nofp\libg.a(lib_a-memchr-stub.o)
 .ARM.attributes
                0x000005e8       0x1b c:/progra~2/gnuarm~1/102020~1/bin/../lib/gcc/arm-none-eabi/10.2.1/../../../../arm-none-eabi/lib/thumb/v7-m/nofp\libg.a(lib_a-memcpy.o)
 .ARM.attributes
                0x00000603       0x2d c:/progra~2/gnuarm~1/102020~1/bin/../lib/gcc/arm-none-eabi/10.2.1/../../../../arm-none-eabi/lib/thumb/v7-m/nofp\libg.a(lib_a-mlock.o)
 .ARM.attributes
                0x00000630       0x2d c:/progra~2/gnuarm~1/102020~1/bin/../lib/gcc/arm-none-eabi/10.2.1/../../../../arm-none-eabi/lib/thumb/v7-m/nofp\libg.a(lib_a-mprec.o)
 .ARM.attributes
                0x0000065d       0x2d c:/progra~2/gnuarm~1/102020~1/bin/../lib/gcc/arm-none-eabi/10.2.1/../../../../arm-none-eabi/lib/thumb/v7-m/nofp\libg.a(lib_a-s_frexp.o)
 .ARM.attributes
                0x0000068a       0x2d c:/progra~2/gnuarm~1/102020~1/bin/../lib/gcc/arm-none-eabi/10.2.1/../../../../arm-none-eabi/lib/thumb/v7-m/nofp\libg.a(lib_a-sbrkr.o)
 .ARM.attributes
                0x000006b7       0x2d c:/progra~2/gnuarm~1/102020~1/bin/../lib/gcc/arm-none-eabi/10.2.1/../../../../arm-none-eabi/lib/thumb/v7-m/nofp\libg.a(lib_a-strlen-stub.o)
 .ARM.attributes
                0x000006e4       0x2d c:/progra~2/gnuarm~1/102020~1/bin/../lib/gcc/arm-none-eabi/10.2.1/../../../../arm-none-eabi/lib/thumb/v7-m/nofp\libg.a(lib_a-strncpy.o)
 .ARM.attributes
                0x00000711       0x2d c:/progra~2/gnuarm~1/102020~1/bin/../lib/gcc/arm-none-eabi/10.2.1/../../../../arm-none-eabi/lib/thumb/v7-m/nofp\libg.a(lib_a-svfiprintf.o)
 .ARM.attributes
                0x0000073e       0x2d c:/progra~2/gnuarm~1/102020~1/bin/../lib/gcc/arm-none-eabi/10.2.1/../../../../arm-none-eabi/lib/thumb/v7-m/nofp\libg.a(lib_a-__atexit.o)
 .ARM.attributes
                0x0000076b       0x2d c:/progra~2/gnuarm~1/102020~1/bin/../lib/gcc/arm-none-eabi/10.2.1/../../../../arm-none-eabi/lib/thumb/v7-m/nofp\libg.a(lib_a-assert.o)
 .ARM.attributes
                0x00000798       0x2d c:/progra~2/gnuarm~1/102020~1/bin/../lib/gcc/arm-none-eabi/10.2.1/../../../../arm-none-eabi/lib/thumb/v7-m/nofp\libg.a(lib_a-callocr.o)
 .ARM.attributes
                0x000007c5       0x2d c:/progra~2/gnuarm~1/102020~1/bin/../lib/gcc/arm-none-eabi/10.2.1/../../../../arm-none-eabi/lib/thumb/v7-m/nofp\libg.a(lib_a-fiprintf.o)
 .ARM.attributes
                0x000007f2       0x2d c:/progra~2/gnuarm~1/102020~1/bin/../lib/gcc/arm-none-eabi/10.2.1/../../../../arm-none-eabi/lib/thumb/v7-m/nofp\libg.a(lib_a-locale.o)
 .ARM.attributes
                0x0000081f       0x2d c:/progra~2/gnuarm~1/102020~1/bin/../lib/gcc/arm-none-eabi/10.2.1/../../../../arm-none-eabi/lib/thumb/v7-m/nofp\libg.a(lib_a-mbtowc_r.o)
 .ARM.attributes
                0x0000084c       0x2d c:/progra~2/gnuarm~1/102020~1/bin/../lib/gcc/arm-none-eabi/10.2.1/../../../../arm-none-eabi/lib/thumb/v7-m/nofp\libg.a(lib_a-memmove.o)
 .ARM.attributes
                0x00000879       0x2d c:/progra~2/gnuarm~1/102020~1/bin/../lib/gcc/arm-none-eabi/10.2.1/../../../../arm-none-eabi/lib/thumb/v7-m/nofp\libg.a(lib_a-reallocr.o)
 .ARM.attributes
                0x000008a6       0x2d c:/progra~2/gnuarm~1/102020~1/bin/../lib/gcc/arm-none-eabi/10.2.1/../../../../arm-none-eabi/lib/thumb/v7-m/nofp\libg.a(lib_a-reent.o)
 .ARM.attributes
                0x000008d3       0x2d c:/progra~2/gnuarm~1/102020~1/bin/../lib/gcc/arm-none-eabi/10.2.1/../../../../arm-none-eabi/lib/thumb/v7-m/nofp\libg.a(lib_a-vfiprintf.o)
 .ARM.attributes
                0x00000900       0x2d c:/progra~2/gnuarm~1/102020~1/bin/../lib/gcc/arm-none-eabi/10.2.1/../../../../arm-none-eabi/lib/thumb/v7-m/nofp\libg.a(lib_a-wctomb_r.o)
 .ARM.attributes
                0x0000092d       0x2d c:/progra~2/gnuarm~1/102020~1/bin/../lib/gcc/arm-none-eabi/10.2.1/../../../../arm-none-eabi/lib/thumb/v7-m/nofp\libg.a(lib_a-wsetup.o)
 .ARM.attributes
                0x0000095a       0x2d c:/progra~2/gnuarm~1/102020~1/bin/../lib/gcc/arm-none-eabi/10.2.1/../../../../arm-none-eabi/lib/thumb/v7-m/nofp\libg.a(lib_a-abort.o)
 .ARM.attributes
                0x00000987       0x2d c:/progra~2/gnuarm~1/102020~1/bin/../lib/gcc/arm-none-eabi/10.2.1/../../../../arm-none-eabi/lib/thumb/v7-m/nofp\libg.a(lib_a-ctype_.o)
 .ARM.attributes
                0x000009b4       0x2d c:/progra~2/gnuarm~1/102020~1/bin/../lib/gcc/arm-none-eabi/10.2.1/../../../../arm-none-eabi/lib/thumb/v7-m/nofp\libg.a(lib_a-fflush.o)
 .ARM.attributes
                0x000009e1       0x2d c:/progra~2/gnuarm~1/102020~1/bin/../lib/gcc/arm-none-eabi/10.2.1/../../../../arm-none-eabi/lib/thumb/v7-m/nofp\libg.a(lib_a-findfp.o)
 .ARM.attributes
                0x00000a0e       0x2d c:/progra~2/gnuarm~1/102020~1/bin/../lib/gcc/arm-none-eabi/10.2.1/../../../../arm-none-eabi/lib/thumb/v7-m/nofp\libg.a(lib_a-fputwc.o)
 .ARM.attributes
                0x00000a3b       0x2d c:/progra~2/gnuarm~1/102020~1/bin/../lib/gcc/arm-none-eabi/10.2.1/../../../../arm-none-eabi/lib/thumb/v7-m/nofp\libg.a(lib_a-fvwrite.o)
 .ARM.attributes
                0x00000a68       0x2d c:/progra~2/gnuarm~1/102020~1/bin/../lib/gcc/arm-none-eabi/10.2.1/../../../../arm-none-eabi/lib/thumb/v7-m/nofp\libg.a(lib_a-fwalk.o)
 .ARM.attributes
                0x00000a95       0x2d c:/progra~2/gnuarm~1/102020~1/bin/../lib/gcc/arm-none-eabi/10.2.1/../../../../arm-none-eabi/lib/thumb/v7-m/nofp\libg.a(lib_a-makebuf.o)
 .ARM.attributes
                0x00000ac2       0x2d c:/progra~2/gnuarm~1/102020~1/bin/../lib/gcc/arm-none-eabi/10.2.1/../../../../arm-none-eabi/lib/thumb/v7-m/nofp\libg.a(lib_a-signal.o)
 .ARM.attributes
                0x00000aef       0x2d c:/progra~2/gnuarm~1/102020~1/bin/../lib/gcc/arm-none-eabi/10.2.1/../../../../arm-none-eabi/lib/thumb/v7-m/nofp\libg.a(lib_a-signalr.o)
 .ARM.attributes
                0x00000b1c       0x2d c:/progra~2/gnuarm~1/102020~1/bin/../lib/gcc/arm-none-eabi/10.2.1/../../../../arm-none-eabi/lib/thumb/v7-m/nofp\libg.a(lib_a-stdio.o)
 .ARM.attributes
                0x00000b49       0x2d c:/progra~2/gnuarm~1/102020~1/bin/../lib/gcc/arm-none-eabi/10.2.1/../../../../arm-none-eabi/lib/thumb/v7-m/nofp\libg.a(lib_a-wbuf.o)
 .ARM.attributes
                0x00000b76       0x2d c:/progra~2/gnuarm~1/102020~1/bin/../lib/gcc/arm-none-eabi/10.2.1/../../../../arm-none-eabi/lib/thumb/v7-m/nofp\libg.a(lib_a-wcrtomb.o)
 .ARM.attributes
                0x00000ba3       0x2d c:/progra~2/gnuarm~1/102020~1/bin/../lib/gcc/arm-none-eabi/10.2.1/../../../../arm-none-eabi/lib/thumb/v7-m/nofp\libg.a(lib_a-writer.o)
 .ARM.attributes
                0x00000bd0       0x2d c:/progra~2/gnuarm~1/102020~1/bin/../lib/gcc/arm-none-eabi/10.2.1/../../../../arm-none-eabi/lib/thumb/v7-m/nofp\libg.a(lib_a-closer.o)
 .ARM.attributes
                0x00000bfd       0x2d c:/progra~2/gnuarm~1/102020~1/bin/../lib/gcc/arm-none-eabi/10.2.1/../../../../arm-none-eabi/lib/thumb/v7-m/nofp\libg.a(lib_a-fclose.o)
 .ARM.attributes
                0x00000c2a       0x2d c:/progra~2/gnuarm~1/102020~1/bin/../lib/gcc/arm-none-eabi/10.2.1/../../../../arm-none-eabi/lib/thumb/v7-m/nofp\libg.a(lib_a-fstatr.o)
 .ARM.attributes
                0x00000c57       0x2d c:/progra~2/gnuarm~1/102020~1/bin/../lib/gcc/arm-none-eabi/10.2.1/../../../../arm-none-eabi/lib/thumb/v7-m/nofp\libg.a(lib_a-isattyr.o)
 .ARM.attributes
                0x00000c84       0x2d c:/progra~2/gnuarm~1/102020~1/bin/../lib/gcc/arm-none-eabi/10.2.1/../../../../arm-none-eabi/lib/thumb/v7-m/nofp\libg.a(lib_a-lseekr.o)
 .ARM.attributes
                0x00000cb1       0x2d c:/progra~2/gnuarm~1/102020~1/bin/../lib/gcc/arm-none-eabi/10.2.1/../../../../arm-none-eabi/lib/thumb/v7-m/nofp\libg.a(lib_a-readr.o)
 .ARM.attributes
                0x00000cde       0x1d c:/progra~2/gnuarm~1/102020~1/bin/../lib/gcc/arm-none-eabi/10.2.1/thumb/v7-m/nofp\libgcc.a(_arm_cmpdf2.o)
 .ARM.attributes
                0x00000cfb       0x1d c:/progra~2/gnuarm~1/102020~1/bin/../lib/gcc/arm-none-eabi/10.2.1/thumb/v7-m/nofp\libgcc.a(_arm_unorddf2.o)
 .ARM.attributes
                0x00000d18       0x1d c:/progra~2/gnuarm~1/102020~1/bin/../lib/gcc/arm-none-eabi/10.2.1/thumb/v7-m/nofp\libgcc.a(_arm_fixdfsi.o)
 .ARM.attributes
                0x00000d35       0x1d c:/progra~2/gnuarm~1/102020~1/bin/../lib/gcc/arm-none-eabi/10.2.1/thumb/v7-m/nofp\libgcc.a(_aeabi_uldivmod.o)
 .ARM.attributes
                0x00000d52       0x2d c:/progra~2/gnuarm~1/102020~1/bin/../lib/gcc/arm-none-eabi/10.2.1/thumb/v7-m/nofp\libgcc.a(_udivmoddi4.o)
 .ARM.attributes
                0x00000d7f       0x1d c:/progra~2/gnuarm~1/102020~1/bin/../lib/gcc/arm-none-eabi/10.2.1/thumb/v7-m/nofp\libgcc.a(_dvmd_tls.o)
 .ARM.attributes
                0x00000d9c       0x1d c:/progra~2/gnuarm~1/102020~1/bin/../lib/gcc/arm-none-eabi/10.2.1/thumb/v7-m/nofp/crtn.o
OUTPUT(discoTest.elf elf32-littlearm)
LOAD linker stubs
LOAD c:/progra~2/gnuarm~1/102020~1/bin/../lib/gcc/arm-none-eabi/10.2.1/../../../../arm-none-eabi/lib/thumb/v7-m/nofp\libc.a
LOAD c:/progra~2/gnuarm~1/102020~1/bin/../lib/gcc/arm-none-eabi/10.2.1/../../../../arm-none-eabi/lib/thumb/v7-m/nofp\libm.a
LOAD c:/progra~2/gnuarm~1/102020~1/bin/../lib/gcc/arm-none-eabi/10.2.1/thumb/v7-m/nofp\libgcc.a

.debug_info     0x00000000     0x96fa
 .debug_info    0x00000000     0x15ee CMakeFiles/discoTest.elf.dir/Core/Src/main.c.obj
 .debug_info    0x000015ee     0x13a9 CMakeFiles/discoTest.elf.dir/Core/Src/oled.c.obj
 .debug_info    0x00002997      0xbdf CMakeFiles/discoTest.elf.dir/Core/Src/stm32f1xx_hal_msp.c.obj
 .debug_info    0x00003576      0x130 CMakeFiles/discoTest.elf.dir/Core/Src/stm32f1xx_it.c.obj
 .debug_info    0x000036a6      0x835 CMakeFiles/discoTest.elf.dir/Core/Src/syscalls.c.obj
 .debug_info    0x00003edb      0x248 CMakeFiles/discoTest.elf.dir/Core/Src/system_stm32f1xx.c.obj
 .debug_info    0x00004123      0x7a8 CMakeFiles/discoTest.elf.dir/Drivers/STM32F1xx_HAL_Driver/Src/stm32f1xx_hal.c.obj
 .debug_info    0x000048cb      0xf10 CMakeFiles/discoTest.elf.dir/Drivers/STM32F1xx_HAL_Driver/Src/stm32f1xx_hal_adc.c.obj
 .debug_info    0x000057db      0xd8a CMakeFiles/discoTest.elf.dir/Drivers/STM32F1xx_HAL_Driver/Src/stm32f1xx_hal_cortex.c.obj
 .debug_info    0x00006565      0x66f CMakeFiles/discoTest.elf.dir/Drivers/STM32F1xx_HAL_Driver/Src/stm32f1xx_hal_gpio.c.obj
 .debug_info    0x00006bd4      0xa36 CMakeFiles/discoTest.elf.dir/Drivers/STM32F1xx_HAL_Driver/Src/stm32f1xx_hal_rcc.c.obj
 .debug_info    0x0000760a      0x443 CMakeFiles/discoTest.elf.dir/Drivers/STM32F1xx_HAL_Driver/Src/stm32f1xx_hal_rcc_ex.c.obj
 .debug_info    0x00007a4d     0x1c8b CMakeFiles/discoTest.elf.dir/Drivers/STM32F1xx_HAL_Driver/Src/stm32f1xx_hal_uart.c.obj
 .debug_info    0x000096d8       0x22 CMakeFiles/discoTest.elf.dir/startup/startup_stm32f103xb.s.obj

.debug_abbrev   0x00000000     0x1a4f
 .debug_abbrev  0x00000000      0x2e8 CMakeFiles/discoTest.elf.dir/Core/Src/main.c.obj
 .debug_abbrev  0x000002e8      0x258 CMakeFiles/discoTest.elf.dir/Core/Src/oled.c.obj
 .debug_abbrev  0x00000540      0x1b0 CMakeFiles/discoTest.elf.dir/Core/Src/stm32f1xx_hal_msp.c.obj
 .debug_abbrev  0x000006f0       0x7e CMakeFiles/discoTest.elf.dir/Core/Src/stm32f1xx_it.c.obj
 .debug_abbrev  0x0000076e      0x1da CMakeFiles/discoTest.elf.dir/Core/Src/syscalls.c.obj
 .debug_abbrev  0x00000948      0x13e CMakeFiles/discoTest.elf.dir/Core/Src/system_stm32f1xx.c.obj
 .debug_abbrev  0x00000a86      0x1f4 CMakeFiles/discoTest.elf.dir/Drivers/STM32F1xx_HAL_Driver/Src/stm32f1xx_hal.c.obj
 .debug_abbrev  0x00000c7a      0x1fc CMakeFiles/discoTest.elf.dir/Drivers/STM32F1xx_HAL_Driver/Src/stm32f1xx_hal_adc.c.obj
 .debug_abbrev  0x00000e76      0x341 CMakeFiles/discoTest.elf.dir/Drivers/STM32F1xx_HAL_Driver/Src/stm32f1xx_hal_cortex.c.obj
 .debug_abbrev  0x000011b7      0x1e6 CMakeFiles/discoTest.elf.dir/Drivers/STM32F1xx_HAL_Driver/Src/stm32f1xx_hal_gpio.c.obj
 .debug_abbrev  0x0000139d      0x27a CMakeFiles/discoTest.elf.dir/Drivers/STM32F1xx_HAL_Driver/Src/stm32f1xx_hal_rcc.c.obj
 .debug_abbrev  0x00001617      0x1d2 CMakeFiles/discoTest.elf.dir/Drivers/STM32F1xx_HAL_Driver/Src/stm32f1xx_hal_rcc_ex.c.obj
 .debug_abbrev  0x000017e9      0x254 CMakeFiles/discoTest.elf.dir/Drivers/STM32F1xx_HAL_Driver/Src/stm32f1xx_hal_uart.c.obj
 .debug_abbrev  0x00001a3d       0x12 CMakeFiles/discoTest.elf.dir/startup/startup_stm32f103xb.s.obj

.debug_loc      0x00000000     0x5c02
 .debug_loc     0x00000000      0x32d CMakeFiles/discoTest.elf.dir/Core/Src/main.c.obj
 .debug_loc     0x0000032d     0x1056 CMakeFiles/discoTest.elf.dir/Core/Src/oled.c.obj
 .debug_loc     0x00001383      0x157 CMakeFiles/discoTest.elf.dir/Core/Src/stm32f1xx_hal_msp.c.obj
 .debug_loc     0x000014da      0x436 CMakeFiles/discoTest.elf.dir/Core/Src/syscalls.c.obj
 .debug_loc     0x00001910       0xff CMakeFiles/discoTest.elf.dir/Core/Src/system_stm32f1xx.c.obj
 .debug_loc     0x00001a0f      0x141 CMakeFiles/discoTest.elf.dir/Drivers/STM32F1xx_HAL_Driver/Src/stm32f1xx_hal.c.obj
 .debug_loc     0x00001b50      0xad9 CMakeFiles/discoTest.elf.dir/Drivers/STM32F1xx_HAL_Driver/Src/stm32f1xx_hal_adc.c.obj
 .debug_loc     0x00002629      0x71f CMakeFiles/discoTest.elf.dir/Drivers/STM32F1xx_HAL_Driver/Src/stm32f1xx_hal_cortex.c.obj
 .debug_loc     0x00002d48      0x47d CMakeFiles/discoTest.elf.dir/Drivers/STM32F1xx_HAL_Driver/Src/stm32f1xx_hal_gpio.c.obj
 .debug_loc     0x000031c5      0x63e CMakeFiles/discoTest.elf.dir/Drivers/STM32F1xx_HAL_Driver/Src/stm32f1xx_hal_rcc.c.obj
 .debug_loc     0x00003803      0x3c8 CMakeFiles/discoTest.elf.dir/Drivers/STM32F1xx_HAL_Driver/Src/stm32f1xx_hal_rcc_ex.c.obj
 .debug_loc     0x00003bcb     0x2037 CMakeFiles/discoTest.elf.dir/Drivers/STM32F1xx_HAL_Driver/Src/stm32f1xx_hal_uart.c.obj

.debug_aranges  0x00000000      0x830
 .debug_aranges
                0x00000000       0x60 CMakeFiles/discoTest.elf.dir/Core/Src/main.c.obj
 .debug_aranges
                0x00000060       0xb8 CMakeFiles/discoTest.elf.dir/Core/Src/oled.c.obj
 .debug_aranges
                0x00000118       0x40 CMakeFiles/discoTest.elf.dir/Core/Src/stm32f1xx_hal_msp.c.obj
 .debug_aranges
                0x00000158       0x60 CMakeFiles/discoTest.elf.dir/Core/Src/stm32f1xx_it.c.obj
 .debug_aranges
                0x000001b8       0xb0 CMakeFiles/discoTest.elf.dir/Core/Src/syscalls.c.obj
 .debug_aranges
                0x00000268       0x28 CMakeFiles/discoTest.elf.dir/Core/Src/system_stm32f1xx.c.obj
 .debug_aranges
                0x00000290       0xe0 CMakeFiles/discoTest.elf.dir/Drivers/STM32F1xx_HAL_Driver/Src/stm32f1xx_hal.c.obj
 .debug_aranges
                0x00000370       0xf0 CMakeFiles/discoTest.elf.dir/Drivers/STM32F1xx_HAL_Driver/Src/stm32f1xx_hal_adc.c.obj
 .debug_aranges
                0x00000460       0x90 CMakeFiles/discoTest.elf.dir/Drivers/STM32F1xx_HAL_Driver/Src/stm32f1xx_hal_cortex.c.obj
 .debug_aranges
                0x000004f0       0x58 CMakeFiles/discoTest.elf.dir/Drivers/STM32F1xx_HAL_Driver/Src/stm32f1xx_hal_gpio.c.obj
 .debug_aranges
                0x00000548       0x90 CMakeFiles/discoTest.elf.dir/Drivers/STM32F1xx_HAL_Driver/Src/stm32f1xx_hal_rcc.c.obj
 .debug_aranges
                0x000005d8       0x30 CMakeFiles/discoTest.elf.dir/Drivers/STM32F1xx_HAL_Driver/Src/stm32f1xx_hal_rcc_ex.c.obj
 .debug_aranges
                0x00000608      0x200 CMakeFiles/discoTest.elf.dir/Drivers/STM32F1xx_HAL_Driver/Src/stm32f1xx_hal_uart.c.obj
 .debug_aranges
                0x00000808       0x28 CMakeFiles/discoTest.elf.dir/startup/startup_stm32f103xb.s.obj

.debug_ranges   0x00000000      0x7f0
 .debug_ranges  0x00000000       0x50 CMakeFiles/discoTest.elf.dir/Core/Src/main.c.obj
 .debug_ranges  0x00000050       0xa8 CMakeFiles/discoTest.elf.dir/Core/Src/oled.c.obj
 .debug_ranges  0x000000f8       0x30 CMakeFiles/discoTest.elf.dir/Core/Src/stm32f1xx_hal_msp.c.obj
 .debug_ranges  0x00000128       0x50 CMakeFiles/discoTest.elf.dir/Core/Src/stm32f1xx_it.c.obj
 .debug_ranges  0x00000178       0xa0 CMakeFiles/discoTest.elf.dir/Core/Src/syscalls.c.obj
 .debug_ranges  0x00000218       0x18 CMakeFiles/discoTest.elf.dir/Core/Src/system_stm32f1xx.c.obj
 .debug_ranges  0x00000230       0xd0 CMakeFiles/discoTest.elf.dir/Drivers/STM32F1xx_HAL_Driver/Src/stm32f1xx_hal.c.obj
 .debug_ranges  0x00000300       0xe0 CMakeFiles/discoTest.elf.dir/Drivers/STM32F1xx_HAL_Driver/Src/stm32f1xx_hal_adc.c.obj
 .debug_ranges  0x000003e0       0xe0 CMakeFiles/discoTest.elf.dir/Drivers/STM32F1xx_HAL_Driver/Src/stm32f1xx_hal_cortex.c.obj
 .debug_ranges  0x000004c0       0x48 CMakeFiles/discoTest.elf.dir/Drivers/STM32F1xx_HAL_Driver/Src/stm32f1xx_hal_gpio.c.obj
 .debug_ranges  0x00000508       0xa0 CMakeFiles/discoTest.elf.dir/Drivers/STM32F1xx_HAL_Driver/Src/stm32f1xx_hal_rcc.c.obj
 .debug_ranges  0x000005a8       0x38 CMakeFiles/discoTest.elf.dir/Drivers/STM32F1xx_HAL_Driver/Src/stm32f1xx_hal_rcc_ex.c.obj
 .debug_ranges  0x000005e0      0x1f0 CMakeFiles/discoTest.elf.dir/Drivers/STM32F1xx_HAL_Driver/Src/stm32f1xx_hal_uart.c.obj
 .debug_ranges  0x000007d0       0x20 CMakeFiles/discoTest.elf.dir/startup/startup_stm32f103xb.s.obj

.debug_line     0x00000000     0x744f
 .debug_line    0x00000000      0x822 CMakeFiles/discoTest.elf.dir/Core/Src/main.c.obj
 .debug_line    0x00000822      0xc47 CMakeFiles/discoTest.elf.dir/Core/Src/oled.c.obj
 .debug_line    0x00001469      0x3b7 CMakeFiles/discoTest.elf.dir/Core/Src/stm32f1xx_hal_msp.c.obj
 .debug_line    0x00001820      0x1c5 CMakeFiles/discoTest.elf.dir/Core/Src/stm32f1xx_it.c.obj
 .debug_line    0x000019e5      0x44d CMakeFiles/discoTest.elf.dir/Core/Src/syscalls.c.obj
 .debug_line    0x00001e32      0x24e CMakeFiles/discoTest.elf.dir/Core/Src/system_stm32f1xx.c.obj
 .debug_line    0x00002080      0x584 CMakeFiles/discoTest.elf.dir/Drivers/STM32F1xx_HAL_Driver/Src/stm32f1xx_hal.c.obj
 .debug_line    0x00002604      0xf1b CMakeFiles/discoTest.elf.dir/Drivers/STM32F1xx_HAL_Driver/Src/stm32f1xx_hal_adc.c.obj
 .debug_line    0x0000351f      0x668 CMakeFiles/discoTest.elf.dir/Drivers/STM32F1xx_HAL_Driver/Src/stm32f1xx_hal_cortex.c.obj
 .debug_line    0x00003b87      0x612 CMakeFiles/discoTest.elf.dir/Drivers/STM32F1xx_HAL_Driver/Src/stm32f1xx_hal_gpio.c.obj
 .debug_line    0x00004199      0xc5b CMakeFiles/discoTest.elf.dir/Drivers/STM32F1xx_HAL_Driver/Src/stm32f1xx_hal_rcc.c.obj
 .debug_line    0x00004df4      0x4cd CMakeFiles/discoTest.elf.dir/Drivers/STM32F1xx_HAL_Driver/Src/stm32f1xx_hal_rcc_ex.c.obj
 .debug_line    0x000052c1     0x20ea CMakeFiles/discoTest.elf.dir/Drivers/STM32F1xx_HAL_Driver/Src/stm32f1xx_hal_uart.c.obj
 .debug_line    0x000073ab       0xa4 CMakeFiles/discoTest.elf.dir/startup/startup_stm32f103xb.s.obj

.debug_str      0x00000000     0x2924
 .debug_str     0x00000000      0xb70 CMakeFiles/discoTest.elf.dir/Core/Src/main.c.obj
                                0xc3e (size before relaxing)
 .debug_str     0x00000b70      0x156 CMakeFiles/discoTest.elf.dir/Core/Src/oled.c.obj
                                0x3d3 (size before relaxing)
 .debug_str     0x00000cc6       0xdf CMakeFiles/discoTest.elf.dir/Core/Src/stm32f1xx_hal_msp.c.obj
                                0x816 (size before relaxing)
 .debug_str     0x00000da5       0xdb CMakeFiles/discoTest.elf.dir/Core/Src/stm32f1xx_it.c.obj
                                0x268 (size before relaxing)
 .debug_str     0x00000e80      0x267 CMakeFiles/discoTest.elf.dir/Core/Src/syscalls.c.obj
                                0x466 (size before relaxing)
 .debug_str     0x000010e7       0xa2 CMakeFiles/discoTest.elf.dir/Core/Src/system_stm32f1xx.c.obj
                                0x29a (size before relaxing)
 .debug_str     0x00001189      0x60d CMakeFiles/discoTest.elf.dir/Drivers/STM32F1xx_HAL_Driver/Src/stm32f1xx_hal.c.obj
                                0x86a (size before relaxing)
 .debug_str     0x00001796      0x33d CMakeFiles/discoTest.elf.dir/Drivers/STM32F1xx_HAL_Driver/Src/stm32f1xx_hal_adc.c.obj
                                0x919 (size before relaxing)
 .debug_str     0x00001ad3      0x3e9 CMakeFiles/discoTest.elf.dir/Drivers/STM32F1xx_HAL_Driver/Src/stm32f1xx_hal_cortex.c.obj
                                0x919 (size before relaxing)
 .debug_str     0x00001ebc      0x139 CMakeFiles/discoTest.elf.dir/Drivers/STM32F1xx_HAL_Driver/Src/stm32f1xx_hal_gpio.c.obj
                                0x446 (size before relaxing)
 .debug_str     0x00001ff5      0x209 CMakeFiles/discoTest.elf.dir/Drivers/STM32F1xx_HAL_Driver/Src/stm32f1xx_hal_rcc.c.obj
                                0x671 (size before relaxing)
 .debug_str     0x000021fe       0xa8 CMakeFiles/discoTest.elf.dir/Drivers/STM32F1xx_HAL_Driver/Src/stm32f1xx_hal_rcc_ex.c.obj
                                0x419 (size before relaxing)
 .debug_str     0x000022a6      0x62b CMakeFiles/discoTest.elf.dir/Drivers/STM32F1xx_HAL_Driver/Src/stm32f1xx_hal_uart.c.obj
                                0xcd4 (size before relaxing)
 .debug_str     0x000028d1       0x53 CMakeFiles/discoTest.elf.dir/startup/startup_stm32f103xb.s.obj
                                 0x8c (size before relaxing)

.comment        0x00000000       0x4d
 .comment       0x00000000       0x4d CMakeFiles/discoTest.elf.dir/Core/Src/main.c.obj
                                 0x4e (size before relaxing)
 .comment       0x0000004d       0x4e CMakeFiles/discoTest.elf.dir/Core/Src/oled.c.obj
 .comment       0x0000004d       0x4e CMakeFiles/discoTest.elf.dir/Core/Src/stm32f1xx_hal_msp.c.obj
 .comment       0x0000004d       0x4e CMakeFiles/discoTest.elf.dir/Core/Src/stm32f1xx_it.c.obj
 .comment       0x0000004d       0x4e CMakeFiles/discoTest.elf.dir/Core/Src/syscalls.c.obj
 .comment       0x0000004d       0x4e CMakeFiles/discoTest.elf.dir/Core/Src/system_stm32f1xx.c.obj
 .comment       0x0000004d       0x4e CMakeFiles/discoTest.elf.dir/Drivers/STM32F1xx_HAL_Driver/Src/stm32f1xx_hal.c.obj
 .comment       0x0000004d       0x4e CMakeFiles/discoTest.elf.dir/Drivers/STM32F1xx_HAL_Driver/Src/stm32f1xx_hal_adc.c.obj
 .comment       0x0000004d       0x4e CMakeFiles/discoTest.elf.dir/Drivers/STM32F1xx_HAL_Driver/Src/stm32f1xx_hal_cortex.c.obj
 .comment       0x0000004d       0x4e CMakeFiles/discoTest.elf.dir/Drivers/STM32F1xx_HAL_Driver/Src/stm32f1xx_hal_gpio.c.obj
 .comment       0x0000004d       0x4e CMakeFiles/discoTest.elf.dir/Drivers/STM32F1xx_HAL_Driver/Src/stm32f1xx_hal_rcc.c.obj
 .comment       0x0000004d       0x4e CMakeFiles/discoTest.elf.dir/Drivers/STM32F1xx_HAL_Driver/Src/stm32f1xx_hal_rcc_ex.c.obj
 .comment       0x0000004d       0x4e CMakeFiles/discoTest.elf.dir/Drivers/STM32F1xx_HAL_Driver/Src/stm32f1xx_hal_uart.c.obj

.debug_frame    0x00000000     0x2b2c
 .debug_frame   0x00000000      0x110 CMakeFiles/discoTest.elf.dir/Core/Src/main.c.obj
 .debug_frame   0x00000110      0x258 CMakeFiles/discoTest.elf.dir/Core/Src/oled.c.obj
 .debug_frame   0x00000368       0x98 CMakeFiles/discoTest.elf.dir/Core/Src/stm32f1xx_hal_msp.c.obj
 .debug_frame   0x00000400       0xa8 CMakeFiles/discoTest.elf.dir/Core/Src/stm32f1xx_it.c.obj
 .debug_frame   0x000004a8      0x1a8 CMakeFiles/discoTest.elf.dir/Core/Src/syscalls.c.obj
 .debug_frame   0x00000650       0x30 CMakeFiles/discoTest.elf.dir/Core/Src/system_stm32f1xx.c.obj
 .debug_frame   0x00000680      0x1cc CMakeFiles/discoTest.elf.dir/Drivers/STM32F1xx_HAL_Driver/Src/stm32f1xx_hal.c.obj
 .debug_frame   0x0000084c      0x2c4 CMakeFiles/discoTest.elf.dir/Drivers/STM32F1xx_HAL_Driver/Src/stm32f1xx_hal_adc.c.obj
 .debug_frame   0x00000b10      0x118 CMakeFiles/discoTest.elf.dir/Drivers/STM32F1xx_HAL_Driver/Src/stm32f1xx_hal_cortex.c.obj
 .debug_frame   0x00000c28       0xe4 CMakeFiles/discoTest.elf.dir/Drivers/STM32F1xx_HAL_Driver/Src/stm32f1xx_hal_gpio.c.obj
 .debug_frame   0x00000d0c      0x190 CMakeFiles/discoTest.elf.dir/Drivers/STM32F1xx_HAL_Driver/Src/stm32f1xx_hal_rcc.c.obj
 .debug_frame   0x00000e9c       0x64 CMakeFiles/discoTest.elf.dir/Drivers/STM32F1xx_HAL_Driver/Src/stm32f1xx_hal_rcc_ex.c.obj
 .debug_frame   0x00000f00      0x5c4 CMakeFiles/discoTest.elf.dir/Drivers/STM32F1xx_HAL_Driver/Src/stm32f1xx_hal_uart.c.obj
 .debug_frame   0x000014c4       0xac c:/progra~2/gnuarm~1/102020~1/bin/../lib/gcc/arm-none-eabi/10.2.1/thumb/v7-m/nofp\libgcc.a(_arm_addsubdf3.o)
 .debug_frame   0x00001570       0x50 c:/progra~2/gnuarm~1/102020~1/bin/../lib/gcc/arm-none-eabi/10.2.1/thumb/v7-m/nofp\libgcc.a(_arm_muldivdf3.o)
 .debug_frame   0x000015c0       0x24 c:/progra~2/gnuarm~1/102020~1/bin/../lib/gcc/arm-none-eabi/10.2.1/thumb/v7-m/nofp\libgcc.a(_arm_truncdfsf2.o)
 .debug_frame   0x000015e4       0x4c c:/progra~2/gnuarm~1/102020~1/bin/../lib/gcc/arm-none-eabi/10.2.1/thumb/v7-m/nofp\libgcc.a(_arm_addsubsf3.o)
 .debug_frame   0x00001630       0x38 c:/progra~2/gnuarm~1/102020~1/bin/../lib/gcc/arm-none-eabi/10.2.1/thumb/v7-m/nofp\libgcc.a(_arm_muldivsf3.o)
 .debug_frame   0x00001668       0x20 c:/progra~2/gnuarm~1/102020~1/bin/../lib/gcc/arm-none-eabi/10.2.1/../../../../arm-none-eabi/lib/thumb/v7-m/nofp\libg.a(lib_a-errno.o)
 .debug_frame   0x00001688       0x2c c:/progra~2/gnuarm~1/102020~1/bin/../lib/gcc/arm-none-eabi/10.2.1/../../../../arm-none-eabi/lib/thumb/v7-m/nofp\libg.a(lib_a-init.o)
 .debug_frame   0x000016b4       0x2c c:/progra~2/gnuarm~1/102020~1/bin/../lib/gcc/arm-none-eabi/10.2.1/../../../../arm-none-eabi/lib/thumb/v7-m/nofp\libg.a(lib_a-memset.o)
 .debug_frame   0x000016e0       0x7c c:/progra~2/gnuarm~1/102020~1/bin/../lib/gcc/arm-none-eabi/10.2.1/../../../../arm-none-eabi/lib/thumb/v7-m/nofp\libg.a(lib_a-sprintf.o)
 .debug_frame   0x0000175c       0x44 c:/progra~2/gnuarm~1/102020~1/bin/../lib/gcc/arm-none-eabi/10.2.1/../../../../arm-none-eabi/lib/thumb/v7-m/nofp\libg.a(lib_a-svfprintf.o)
 .debug_frame   0x000017a0       0x5c c:/progra~2/gnuarm~1/102020~1/bin/../lib/gcc/arm-none-eabi/10.2.1/../../../../arm-none-eabi/lib/thumb/v7-m/nofp\libg.a(lib_a-__call_atexit.o)
 .debug_frame   0x000017fc       0x20 c:/progra~2/gnuarm~1/102020~1/bin/../lib/gcc/arm-none-eabi/10.2.1/../../../../arm-none-eabi/lib/thumb/v7-m/nofp\libg.a(lib_a-atexit.o)
 .debug_frame   0x0000181c       0x8c c:/progra~2/gnuarm~1/102020~1/bin/../lib/gcc/arm-none-eabi/10.2.1/../../../../arm-none-eabi/lib/thumb/v7-m/nofp\libg.a(lib_a-dtoa.o)
 .debug_frame   0x000018a8       0x34 c:/progra~2/gnuarm~1/102020~1/bin/../lib/gcc/arm-none-eabi/10.2.1/../../../../arm-none-eabi/lib/thumb/v7-m/nofp\libg.a(lib_a-fini.o)
 .debug_frame   0x000018dc       0x8c c:/progra~2/gnuarm~1/102020~1/bin/../lib/gcc/arm-none-eabi/10.2.1/../../../../arm-none-eabi/lib/thumb/v7-m/nofp\libg.a(lib_a-freer.o)
 .debug_frame   0x00001968       0x40 c:/progra~2/gnuarm~1/102020~1/bin/../lib/gcc/arm-none-eabi/10.2.1/../../../../arm-none-eabi/lib/thumb/v7-m/nofp\libg.a(lib_a-localeconv.o)
 .debug_frame   0x000019a8       0xb0 c:/progra~2/gnuarm~1/102020~1/bin/../lib/gcc/arm-none-eabi/10.2.1/../../../../arm-none-eabi/lib/thumb/v7-m/nofp\libg.a(lib_a-lock.o)
 .debug_frame   0x00001a58       0x4c c:/progra~2/gnuarm~1/102020~1/bin/../lib/gcc/arm-none-eabi/10.2.1/../../../../arm-none-eabi/lib/thumb/v7-m/nofp\libg.a(lib_a-mallocr.o)
 .debug_frame   0x00001aa4       0x28 c:/progra~2/gnuarm~1/102020~1/bin/../lib/gcc/arm-none-eabi/10.2.1/../../../../arm-none-eabi/lib/thumb/v7-m/nofp\libg.a(lib_a-memchr-stub.o)
 .debug_frame   0x00001acc       0x30 c:/progra~2/gnuarm~1/102020~1/bin/../lib/gcc/arm-none-eabi/10.2.1/../../../../arm-none-eabi/lib/thumb/v7-m/nofp\libg.a(lib_a-mlock.o)
 .debug_frame   0x00001afc      0x260 c:/progra~2/gnuarm~1/102020~1/bin/../lib/gcc/arm-none-eabi/10.2.1/../../../../arm-none-eabi/lib/thumb/v7-m/nofp\libg.a(lib_a-mprec.o)
 .debug_frame   0x00001d5c       0x30 c:/progra~2/gnuarm~1/102020~1/bin/../lib/gcc/arm-none-eabi/10.2.1/../../../../arm-none-eabi/lib/thumb/v7-m/nofp\libg.a(lib_a-s_frexp.o)
 .debug_frame   0x00001d8c       0x2c c:/progra~2/gnuarm~1/102020~1/bin/../lib/gcc/arm-none-eabi/10.2.1/../../../../arm-none-eabi/lib/thumb/v7-m/nofp\libg.a(lib_a-sbrkr.o)
 .debug_frame   0x00001db8       0x20 c:/progra~2/gnuarm~1/102020~1/bin/../lib/gcc/arm-none-eabi/10.2.1/../../../../arm-none-eabi/lib/thumb/v7-m/nofp\libg.a(lib_a-strlen-stub.o)